NRF24L01pDriver.c:18:9:NRF24L01p_read_register	24	static
NRF24L01pDriver.c:32:6:NRF24L01p_read_register_buffer	32	static
NRF24L01pDriver.c:41:6:NRF24L01p_write_register	24	static
NRF24L01pDriver.c:50:6:NRF24L01p_write_register_buffer	32	static
NRF24L01pDriver.c:59:6:NRF24L01p_read_rx_payload	24	static
NRF24L01pDriver.c:70:6:NRF24L01p_write_tx_payload	24	static
NRF24L01pDriver.c:81:6:NRF24L01p_flush_tx	16	static
NRF24L01pDriver.c:88:6:NRF24L01p_flush_rx	16	static
NRF24L01pDriver.c:95:6:NRF24L01p_reuse_tx_payload	16	static
NRF24L01pDriver.c:103:5:NRF24L01p_read_rx_payload_width	16	static
NRF24L01pDriver.c:115:6:NRF24L01p_write_ack_payload	32	static
NRF24L01pDriver.c:125:6:NRF24L01p_write_tx_payload_noack	24	static
NRF24L01pDriver.c:136:9:NRF24L01p_get_status	16	static
NRF24L01pDriver.c:149:6:NRF24L01p_power_up	8	static
NRF24L01pDriver.c:152:6:NRF24L01p_power_down	8	static
NRF24L01pDriver.c:155:6:NRF24L01p_rx_mode	8	static
NRF24L01pDriver.c:158:6:NRF24L01p_tx_mode	8	static
NRF24L01pDriver.c:161:6:NRF24L01p_set_CRC	16	static
NRF24L01pDriver.c:165:17:NRF24L01p_get_CRC	8	static
NRF24L01pDriver.c:169:6:NRF24L01p_enable_dataReady_interrupt	16	static
NRF24L01pDriver.c:174:6:NRF24L01p_enable_dataSent_interrupt	16	static
NRF24L01pDriver.c:179:6:NRF24L01p_enable_maxRetry_interrupt	16	static
NRF24L01pDriver.c:185:6:NRF24L01p_enable_auto_ack	24	static
NRF24L01pDriver.c:200:6:NRF24L01p_enable_rx_on_pipe	24	static
NRF24L01pDriver.c:213:6:NRF24L01p_set_address_width	16	static
NRF24L01pDriver.c:216:16:NRF24L01p_get_address_width	8	static
NRF24L01pDriver.c:220:6:NRF24L01p_set_auto_retransmission_count	24	static
NRF24L01pDriver.c:226:9:NRF24L01p_read_auto_retransmission_count	16	static
NRF24L01pDriver.c:231:6:NRF24L01p_set_auto_retransmission_delay	24	static
NRF24L01pDriver.c:237:9:NRF24L01p_read_auto_retransmission_delay	16	static
NRF24L01pDriver.c:242:6:NRF24L01p_set_frequency_offset	16	static
NRF24L01pDriver.c:247:9:NRF24L01p_get_frequency_offset	8	static
NRF24L01pDriver.c:251:6:NRF24L01p_set_DataRate	24	static
NRF24L01pDriver.c:257:22:NRF24L01p_get_DataRate	16	static
NRF24L01pDriver.c:262:6:NRF24L01p_set_RF_Power	24	static
NRF24L01pDriver.c:268:21:NRF24L01p_get_RF_Power	16	static
NRF24L01pDriver.c:273:6:NRF24L01p_enable_pll_lock	16	static
NRF24L01pDriver.c:278:6:NRF24L01p_enable_cont_wave	16	static
NRF24L01pDriver.c:283:6:NRF24L01p_get_tx_fifo_full_flag	8	static
NRF24L01pDriver.c:287:6:NRF24L01p_get_max_retry_flag	8	static
NRF24L01pDriver.c:291:6:NRF24L01p_clear_max_retry_flag	16	static
NRF24L01pDriver.c:295:6:NRF24L01p_get_data_sent_flag	8	static
NRF24L01pDriver.c:299:6:NRF24L01p_clear_data_sent_flag	16	static
NRF24L01pDriver.c:303:6:NRF24L01p_get_data_ready_flag	8	static
NRF24L01pDriver.c:307:6:NRF24L01p_clear_data_ready_flag	16	static
NRF24L01pDriver.c:311:18:NRF24L01p_get_rx_payload_pipe	8	static
NRF24L01pDriver.c:315:9:NRF24L01p_get_arc_count	16	static
NRF24L01pDriver.c:321:9:NRF24L01p_get_plos_count	16	static
NRF24L01pDriver.c:327:6:NRF24L01p_clear_plos_count	8	static
NRF24L01pDriver.c:331:6:NRF24L01p_get_rpd	8	static
NRF24L01pDriver.c:336:6:NRF24L01p_set_RX_pipe_address	56	static
NRF24L01pDriver.c:347:22:NRF24L01p_get_RX_pipe_address	56	static
NRF24L01pDriver.c:365:6:NRF24L01p_set_TX_pipe_address	48	static
NRF24L01pDriver.c:373:22:NRF24L01p_get_TX_pipe_address	40	static
NRF24L01pDriver.c:386:9:NRF24L01p_get_RX_pipe_width	24	static
NRF24L01pDriver.c:392:6:NRF24L01p_get_fifo_flag_rx_empty	8	static
NRF24L01pDriver.c:396:6:NRF24L01p_get_fifo_flag_rx_full	8	static
NRF24L01pDriver.c:400:6:NRF24L01p_get_fifo_flag_tx_empty	8	static
NRF24L01pDriver.c:404:6:NRF24L01p_get_fifo_flag_tx_full	8	static
NRF24L01pDriver.c:408:6:NRF24L01p_get_fifo_flag_tx_reuse	8	static
NRF24L01pDriver.c:413:6:NRF24L01p_enable_dynamic_payload_pipe	16	static
NRF24L01pDriver.c:421:6:NRF24L01p_enable_dynamic_payload	16	static
NRF24L01pDriver.c:429:6:NRF24L01p_enable_payload_with_ack	16	static
NRF24L01pDriver.c:437:6:NRF24L01p_enable_dynamic_payload_with_no_ack	16	static
