stm32l4xx_hal_rcc_ex.c:163:19:HAL_RCCEx_PeriphCLKConfig	32	static
stm32l4xx_hal_rcc_ex.c:643:6:HAL_RCCEx_GetPeriphCLKConfig	64	static
stm32l4xx_hal_rcc_ex.c:820:10:HAL_RCCEx_GetPeriphCLKFreq	128	static
stm32l4xx_hal_rcc_ex.c:1582:19:HAL_RCCEx_EnablePLLSAI1	56	static
stm32l4xx_hal_rcc_ex.c:1644:19:HAL_RCCEx_DisablePLLSAI1	16	static
stm32l4xx_hal_rcc_ex.c:1799:6:HAL_RCCEx_WakeUpStopCLKConfig	16	static
stm32l4xx_hal_rcc_ex.c:1817:6:HAL_RCCEx_StandbyMSIRangeConfig	16	static
stm32l4xx_hal_rcc_ex.c:1831:6:HAL_RCCEx_EnableLSECSS	4	static
stm32l4xx_hal_rcc_ex.c:1841:6:HAL_RCCEx_DisableLSECSS	4	static
stm32l4xx_hal_rcc_ex.c:1854:6:HAL_RCCEx_EnableLSECSS_IT	4	static
stm32l4xx_hal_rcc_ex.c:1871:6:HAL_RCCEx_LSECSS_IRQHandler	8	static
stm32l4xx_hal_rcc_ex.c:1888:13:HAL_RCCEx_LSECSS_Callback	4	static
stm32l4xx_hal_rcc_ex.c:1903:6:HAL_RCCEx_EnableLSCO	48	static
stm32l4xx_hal_rcc_ex.c:1950:6:HAL_RCCEx_DisableLSCO	16	static
stm32l4xx_hal_rcc_ex.c:1988:6:HAL_RCCEx_EnableMSIPLLMode	4	static
stm32l4xx_hal_rcc_ex.c:1998:6:HAL_RCCEx_DisableMSIPLLMode	4	static
stm32l4xx_hal_rcc_ex.c:2078:6:HAL_RCCEx_CRSConfig	40	static
stm32l4xx_hal_rcc_ex.c:2120:6:HAL_RCCEx_CRSSoftwareSynchronizationGenerate	4	static
stm32l4xx_hal_rcc_ex.c:2130:6:HAL_RCCEx_CRSGetSynchronizationInfo	32	static
stm32l4xx_hal_rcc_ex.c:2163:10:HAL_RCCEx_CRSWaitSynchronization	24	static
stm32l4xx_hal_rcc_ex.c:2246:6:HAL_RCCEx_CRS_IRQHandler	24	static
stm32l4xx_hal_rcc_ex.c:2311:13:HAL_RCCEx_CRS_SyncOkCallback	4	static
stm32l4xx_hal_rcc_ex.c:2322:13:HAL_RCCEx_CRS_SyncWarnCallback	4	static
stm32l4xx_hal_rcc_ex.c:2333:13:HAL_RCCEx_CRS_ExpectedSyncCallback	4	static
stm32l4xx_hal_rcc_ex.c:2349:13:HAL_RCCEx_CRS_ErrorCallback	16	static
stm32l4xx_hal_rcc_ex.c:2383:26:RCCEx_PLLSAI1_Config	96	static
