stm32l4xx_hal_pcd.c:143:19:HAL_PCD_Init	64	static
stm32l4xx_hal_pcd.c:228:19:HAL_PCD_DeInit	16	static
stm32l4xx_hal_pcd.c:254:13:HAL_PCD_MspInit	16	static
stm32l4xx_hal_pcd.c:269:13:HAL_PCD_MspDeInit	16	static
stm32l4xx_hal_pcd.c:303:19:HAL_PCD_Start	16	static
stm32l4xx_hal_pcd.c:317:19:HAL_PCD_Stop	16	static
stm32l4xx_hal_pcd.c:743:6:HAL_PCD_IRQHandler	24	static
stm32l4xx_hal_pcd.c:863:13:HAL_PCD_DataOutStageCallback	16	static
stm32l4xx_hal_pcd.c:880:13:HAL_PCD_DataInStageCallback	16	static
stm32l4xx_hal_pcd.c:895:13:HAL_PCD_SetupStageCallback	16	static
stm32l4xx_hal_pcd.c:910:13:HAL_PCD_SOFCallback	16	static
stm32l4xx_hal_pcd.c:925:13:HAL_PCD_ResetCallback	16	static
stm32l4xx_hal_pcd.c:940:13:HAL_PCD_SuspendCallback	16	static
stm32l4xx_hal_pcd.c:955:13:HAL_PCD_ResumeCallback	16	static
stm32l4xx_hal_pcd.c:971:13:HAL_PCD_ISOOUTIncompleteCallback	16	static
stm32l4xx_hal_pcd.c:988:13:HAL_PCD_ISOINIncompleteCallback	16	static
stm32l4xx_hal_pcd.c:1004:13:HAL_PCD_ConnectCallback	16	static
stm32l4xx_hal_pcd.c:1019:13:HAL_PCD_DisconnectCallback	16	static
stm32l4xx_hal_pcd.c:1053:19:HAL_PCD_DevConnect	16	static
stm32l4xx_hal_pcd.c:1066:19:HAL_PCD_DevDisconnect	16	static
stm32l4xx_hal_pcd.c:1080:19:HAL_PCD_SetAddress	16	static
stm32l4xx_hal_pcd.c:1096:19:HAL_PCD_EP_Open	24	static
stm32l4xx_hal_pcd.c:1129:19:HAL_PCD_EP_Close	24	static
stm32l4xx_hal_pcd.c:1160:19:HAL_PCD_EP_Receive	32	static
stm32l4xx_hal_pcd.c:1194:10:HAL_PCD_EP_GetRxCount	16	static
stm32l4xx_hal_pcd.c:1206:19:HAL_PCD_EP_Transmit	32	static
stm32l4xx_hal_pcd.c:1241:19:HAL_PCD_EP_SetStall	24	static
stm32l4xx_hal_pcd.c:1275:19:HAL_PCD_EP_ClrStall	24	static
stm32l4xx_hal_pcd.c:1305:19:HAL_PCD_EP_Flush	16	static
stm32l4xx_hal_pcd.c:1328:19:HAL_PCD_ActivateRemoteWakeup	16	static
stm32l4xx_hal_pcd.c:1338:19:HAL_PCD_DeActivateRemoteWakeup	16	static
stm32l4xx_hal_pcd.c:1366:18:HAL_PCD_GetState	16	static
stm32l4xx_hal_pcd.c:1444:26:PCD_EP_ISR_Handler	48	static
