Archive member included to satisfy reference by file (symbol)

c:/program files (x86)/atollic/truestudio for stm32 9.2.0/armtools/bin/../lib/gcc/arm-atollic-eabi/6.3.1/../../../../arm-atollic-eabi/lib/armv7e-m/fpu\libc_nano.a(lib_a-impure.o)
                              src\main.o (_impure_ptr)
c:/program files (x86)/atollic/truestudio for stm32 9.2.0/armtools/bin/../lib/gcc/arm-atollic-eabi/6.3.1/../../../../arm-atollic-eabi/lib/armv7e-m/fpu\libc_nano.a(lib_a-init.o)
                              src\startup_stm32l443xx.o (__libc_init_array)
c:/program files (x86)/atollic/truestudio for stm32 9.2.0/armtools/bin/../lib/gcc/arm-atollic-eabi/6.3.1/../../../../arm-atollic-eabi/lib/armv7e-m/fpu\libc_nano.a(lib_a-memcpy-stub.o)
                              Middlewares\Third_Party\FreeRTOS\Source\queue.o (memcpy)
c:/program files (x86)/atollic/truestudio for stm32 9.2.0/armtools/bin/../lib/gcc/arm-atollic-eabi/6.3.1/../../../../arm-atollic-eabi/lib/armv7e-m/fpu\libc_nano.a(lib_a-memset.o)
                              Middlewares\Third_Party\FreeRTOS\Source\CMSIS_RTOS\cmsis_os.o (memset)
c:/program files (x86)/atollic/truestudio for stm32 9.2.0/armtools/bin/../lib/gcc/arm-atollic-eabi/6.3.1/../../../../arm-atollic-eabi/lib/armv7e-m/fpu\libc_nano.a(lib_a-reent.o)
                              src\syscalls.o (errno)
c:/program files (x86)/atollic/truestudio for stm32 9.2.0/armtools/bin/../lib/gcc/arm-atollic-eabi/6.3.1/../../../../arm-atollic-eabi/lib/armv7e-m/fpu\libc_nano.a(lib_a-strlen.o)
                              Components\C12832\graphic_lcd.o (strlen)
c:/program files (x86)/atollic/truestudio for stm32 9.2.0/armtools/bin/../lib/gcc/arm-atollic-eabi/6.3.1/../../../../arm-atollic-eabi/lib/armv7e-m/fpu\libc_nano.a(lib_a-wbuf.o)
                              src\main.o (__swbuf_r)
c:/program files (x86)/atollic/truestudio for stm32 9.2.0/armtools/bin/../lib/gcc/arm-atollic-eabi/6.3.1/../../../../arm-atollic-eabi/lib/armv7e-m/fpu\libc_nano.a(lib_a-wsetup.o)
                              c:/program files (x86)/atollic/truestudio for stm32 9.2.0/armtools/bin/../lib/gcc/arm-atollic-eabi/6.3.1/../../../../arm-atollic-eabi/lib/armv7e-m/fpu\libc_nano.a(lib_a-wbuf.o) (__swsetup_r)
c:/program files (x86)/atollic/truestudio for stm32 9.2.0/armtools/bin/../lib/gcc/arm-atollic-eabi/6.3.1/../../../../arm-atollic-eabi/lib/armv7e-m/fpu\libc_nano.a(lib_a-fflush.o)
                              c:/program files (x86)/atollic/truestudio for stm32 9.2.0/armtools/bin/../lib/gcc/arm-atollic-eabi/6.3.1/../../../../arm-atollic-eabi/lib/armv7e-m/fpu\libc_nano.a(lib_a-wbuf.o) (_fflush_r)
c:/program files (x86)/atollic/truestudio for stm32 9.2.0/armtools/bin/../lib/gcc/arm-atollic-eabi/6.3.1/../../../../arm-atollic-eabi/lib/armv7e-m/fpu\libc_nano.a(lib_a-findfp.o)
                              c:/program files (x86)/atollic/truestudio for stm32 9.2.0/armtools/bin/../lib/gcc/arm-atollic-eabi/6.3.1/../../../../arm-atollic-eabi/lib/armv7e-m/fpu\libc_nano.a(lib_a-wbuf.o) (__sinit)
c:/program files (x86)/atollic/truestudio for stm32 9.2.0/armtools/bin/../lib/gcc/arm-atollic-eabi/6.3.1/../../../../arm-atollic-eabi/lib/armv7e-m/fpu\libc_nano.a(lib_a-fwalk.o)
                              c:/program files (x86)/atollic/truestudio for stm32 9.2.0/armtools/bin/../lib/gcc/arm-atollic-eabi/6.3.1/../../../../arm-atollic-eabi/lib/armv7e-m/fpu\libc_nano.a(lib_a-findfp.o) (_fwalk)
c:/program files (x86)/atollic/truestudio for stm32 9.2.0/armtools/bin/../lib/gcc/arm-atollic-eabi/6.3.1/../../../../arm-atollic-eabi/lib/armv7e-m/fpu\libc_nano.a(lib_a-makebuf.o)
                              c:/program files (x86)/atollic/truestudio for stm32 9.2.0/armtools/bin/../lib/gcc/arm-atollic-eabi/6.3.1/../../../../arm-atollic-eabi/lib/armv7e-m/fpu\libc_nano.a(lib_a-wsetup.o) (__smakebuf_r)
c:/program files (x86)/atollic/truestudio for stm32 9.2.0/armtools/bin/../lib/gcc/arm-atollic-eabi/6.3.1/../../../../arm-atollic-eabi/lib/armv7e-m/fpu\libc_nano.a(lib_a-nano-freer.o)
                              c:/program files (x86)/atollic/truestudio for stm32 9.2.0/armtools/bin/../lib/gcc/arm-atollic-eabi/6.3.1/../../../../arm-atollic-eabi/lib/armv7e-m/fpu\libc_nano.a(lib_a-reent.o) (_free_r)
c:/program files (x86)/atollic/truestudio for stm32 9.2.0/armtools/bin/../lib/gcc/arm-atollic-eabi/6.3.1/../../../../arm-atollic-eabi/lib/armv7e-m/fpu\libc_nano.a(lib_a-nano-mallocr.o)
                              c:/program files (x86)/atollic/truestudio for stm32 9.2.0/armtools/bin/../lib/gcc/arm-atollic-eabi/6.3.1/../../../../arm-atollic-eabi/lib/armv7e-m/fpu\libc_nano.a(lib_a-findfp.o) (_malloc_r)
c:/program files (x86)/atollic/truestudio for stm32 9.2.0/armtools/bin/../lib/gcc/arm-atollic-eabi/6.3.1/../../../../arm-atollic-eabi/lib/armv7e-m/fpu\libc_nano.a(lib_a-sbrkr.o)
[...]
Memory Configuration

Name             Origin             Length             Attributes
RAM              0x20000000         0x0000c000         xrw
RAM2             0x10000000         0x00004000         xrw
FLASH            0x08000000         0x00040000         xr
*default*        0x00000000         0xffffffff

Linker script and memory map

LOAD c:/program files (x86)/atollic/truestudio for stm32 9.2.0/armtools/bin/../lib/gcc/arm-atollic-eabi/6.3.1/armv7e-m/fpu/crti.o
LOAD c:/program files (x86)/atollic/truestudio for stm32 9.2.0/armtools/bin/../lib/gcc/arm-atollic-eabi/6.3.1/armv7e-m/fpu/crtbegin.o
LOAD Components\C12832\C12832Port.o
LOAD Components\C12832\font.o
LOAD Components\C12832\graphic_lcd.o
LOAD Components\C12832\st7565r.o
LOAD Components\NRF24L01p\NRF24L01p.o
LOAD Components\NRF24L01p\NRF24L01pDriver.o
LOAD Components\NRF24L01p\port\NRF24L01pPort.o
LOAD Components\Si7006\Si7006.o
LOAD Drivers\STM32L4xx_HAL_Driver\Src\stm32l4xx_hal.o
LOAD Drivers\STM32L4xx_HAL_Driver\Src\stm32l4xx_hal_cortex.o
LOAD Drivers\STM32L4xx_HAL_Driver\Src\stm32l4xx_hal_dma.o
LOAD Drivers\STM32L4xx_HAL_Driver\Src\stm32l4xx_hal_flash.o
LOAD Drivers\STM32L4xx_HAL_Driver\Src\stm32l4xx_hal_flash_ex.o
LOAD Drivers\STM32L4xx_HAL_Driver\Src\stm32l4xx_hal_flash_ramfunc.o
LOAD Drivers\STM32L4xx_HAL_Driver\Src\stm32l4xx_hal_gpio.o
LOAD Drivers\STM32L4xx_HAL_Driver\Src\stm32l4xx_hal_i2c.o
LOAD Drivers\STM32L4xx_HAL_Driver\Src\stm32l4xx_hal_i2c_ex.o
LOAD Drivers\STM32L4xx_HAL_Driver\Src\stm32l4xx_hal_pcd.o
LOAD Drivers\STM32L4xx_HAL_Driver\Src\stm32l4xx_hal_pcd_ex.o
LOAD Drivers\STM32L4xx_HAL_Driver\Src\stm32l4xx_hal_pwr.o
LOAD Drivers\STM32L4xx_HAL_Driver\Src\stm32l4xx_hal_pwr_ex.o
LOAD Drivers\STM32L4xx_HAL_Driver\Src\stm32l4xx_hal_rcc.o
LOAD Drivers\STM32L4xx_HAL_Driver\Src\stm32l4xx_hal_rcc_ex.o
LOAD Drivers\STM32L4xx_HAL_Driver\Src\stm32l4xx_hal_rtc.o
LOAD Drivers\STM32L4xx_HAL_Driver\Src\stm32l4xx_hal_rtc_ex.o
LOAD Drivers\STM32L4xx_HAL_Driver\Src\stm32l4xx_hal_sai.o
LOAD Drivers\STM32L4xx_HAL_Driver\Src\stm32l4xx_hal_smbus.o
LOAD Drivers\STM32L4xx_HAL_Driver\Src\stm32l4xx_hal_spi.o
LOAD Drivers\STM32L4xx_HAL_Driver\Src\stm32l4xx_hal_spi_ex.o
LOAD Drivers\STM32L4xx_HAL_Driver\Src\stm32l4xx_hal_tim.o
LOAD Drivers\STM32L4xx_HAL_Driver\Src\stm32l4xx_hal_tim_ex.o
LOAD Drivers\STM32L4xx_HAL_Driver\Src\stm32l4xx_hal_uart.o
LOAD Drivers\STM32L4xx_HAL_Driver\Src\stm32l4xx_hal_uart_ex.o
LOAD Drivers\STM32L4xx_HAL_Driver\Src\stm32l4xx_ll_usb.o
LOAD Middlewares\ST\STM32_USB_Device_Library\Class\DFU\Src\usbd_dfu.o
LOAD Middlewares\ST\STM32_USB_Device_Library\Core\Src\usbd_core.o
LOAD Middlewares\ST\STM32_USB_Device_Library\Core\Src\usbd_ctlreq.o
LOAD Middlewares\ST\STM32_USB_Device_Library\Core\Src\usbd_ioreq.o
LOAD Middlewares\Third_Party\FreeRTOS\Source\CMSIS_RTOS\cmsis_os.o
LOAD Middlewares\Third_Party\FreeRTOS\Source\croutine.o
LOAD Middlewares\Third_Party\FreeRTOS\Source\event_groups.o
LOAD Middlewares\Third_Party\FreeRTOS\Source\list.o
LOAD Middlewares\Third_Party\FreeRTOS\Source\portable\GCC\ARM_CM4F\port.o
LOAD Middlewares\Third_Party\FreeRTOS\Source\portable\MemMang\heap_4.o
LOAD Middlewares\Third_Party\FreeRTOS\Source\queue.o
LOAD Middlewares\Third_Party\FreeRTOS\Source\tasks.o
LOAD Middlewares\Third_Party\FreeRTOS\Source\timers.o
LOAD src\main.o
LOAD src\startup_stm32l443xx.o
LOAD src\stm32l4xx_hal_msp.o
LOAD src\stm32l4xx_it.o
LOAD src\syscalls.o
LOAD src\system_stm32l4xx.o
LOAD src\tiny_printf.o
LOAD src\usb_device.o
LOAD src\usbd_conf.o
LOAD src\usbd_desc.o
LOAD src\usbd_dfu_if.o
                0x00000080                malloc_getpagesize_P = 0x80
START GROUP
LOAD c:/program files (x86)/atollic/truestudio for stm32 9.2.0/armtools/bin/../lib/gcc/arm-atollic-eabi/6.3.1/../../../../arm-atollic-eabi/lib/armv7e-m/fpu\libc_nano.a
LOAD c:/program files (x86)/atollic/truestudio for stm32 9.2.0/armtools/bin/../lib/gcc/arm-atollic-eabi/6.3.1/../../../../arm-atollic-eabi/lib/armv7e-m/fpu\libm.a
END GROUP
START GROUP
LOAD c:/program files (x86)/atollic/truestudio for stm32 9.2.0/armtools/bin/../lib/gcc/arm-atollic-eabi/6.3.1/armv7e-m/fpu\libgcc.a
LOAD c:/program files (x86)/atollic/truestudio for stm32 9.2.0/armtools/bin/../lib/gcc/arm-atollic-eabi/6.3.1/../../../../arm-atollic-eabi/lib/armv7e-m/fpu\libc_nano.a
END GROUP
START GROUP
LOAD c:/program files (x86)/atollic/truestudio for stm32 9.2.0/armtools/bin/../lib/gcc/arm-atollic-eabi/6.3.1/armv7e-m/fpu\libgcc.a
LOAD c:/program files (x86)/atollic/truestudio for stm32 9.2.0/armtools/bin/../lib/gcc/arm-atollic-eabi/6.3.1/../../../../arm-atollic-eabi/lib/armv7e-m/fpu\libc_nano.a
LOAD c:/program files (x86)/atollic/truestudio for stm32 9.2.0/armtools/bin/../lib/gcc/arm-atollic-eabi/6.3.1/../../../../arm-atollic-eabi/lib/armv7e-m/fpu\libnosys.a
END GROUP
START GROUP
LOAD c:/program files (x86)/atollic/truestudio for stm32 9.2.0/armtools/bin/../lib/gcc/arm-atollic-eabi/6.3.1/armv7e-m/fpu\libgcc.a
LOAD c:/program files (x86)/atollic/truestudio for stm32 9.2.0/armtools/bin/../lib/gcc/arm-atollic-eabi/6.3.1/../../../../arm-atollic-eabi/lib/armv7e-m/fpu\libc_nano.a
LOAD c:/program files (x86)/atollic/truestudio for stm32 9.2.0/armtools/bin/../lib/gcc/arm-atollic-eabi/6.3.1/../../../../arm-atollic-eabi/lib/armv7e-m/fpu\libnosys.a
END GROUP
LOAD c:/program files (x86)/atollic/truestudio for stm32 9.2.0/armtools/bin/../lib/gcc/arm-atollic-eabi/6.3.1/armv7e-m/fpu/crtend.o
LOAD c:/program files (x86)/atollic/truestudio for stm32 9.2.0/armtools/bin/../lib/gcc/arm-atollic-eabi/6.3.1/armv7e-m/fpu/crtn.o
                0x2000c000                _estack = 0x2000c000
                0x00000200                _Min_Heap_Size = 0x200
                0x00000400                _Min_Stack_Size = 0x400

.isr_vector     0x08000000      0x190
                0x08000000                . = ALIGN (0x8)
 *(.isr_vector)
 .isr_vector    0x08000000      0x18c src\startup_stm32l443xx.o
                0x08000000                g_pfnVectors
                0x08000190                . = ALIGN (0x8)
 *fill*         0x0800018c        0x4 

.text           0x08000190     0x4e88
                0x08000190                . = ALIGN (0x8)
 *(.text)
 .text          0x08000190       0x40 c:/program files (x86)/atollic/truestudio for stm32 9.2.0/armtools/bin/../lib/gcc/arm-atollic-eabi/6.3.1/armv7e-m/fpu/crtbegin.o
 .text          0x080001d0       0x10 c:/program files (x86)/atollic/truestudio for stm32 9.2.0/armtools/bin/../lib/gcc/arm-atollic-eabi/6.3.1/../../../../arm-atollic-eabi/lib/armv7e-m/fpu\libc_nano.a(lib_a-strlen.o)
                0x080001d0                strlen
 .text          0x080001e0      0x370 c:/program files (x86)/atollic/truestudio for stm32 9.2.0/armtools/bin/../lib/gcc/arm-atollic-eabi/6.3.1/armv7e-m/fpu\libgcc.a(_arm_addsubdf3.o)
                0x080001e0                __aeabi_drsub
                0x080001e8                __aeabi_dsub
                0x080001e8                __subdf3
                0x080001ec                __aeabi_dadd
                0x080001ec                __adddf3
                0x08000464                __floatunsidf
                0x08000464                __aeabi_ui2d
                0x08000484                __floatsidf
                0x08000484                __aeabi_i2d
                0x080004a8                __aeabi_f2d
                0x080004a8                __extendsfdf2
                0x080004e4                __floatundidf
                0x080004e4                __aeabi_ul2d
                0x080004f4                __floatdidf
                0x080004f4                __aeabi_l2d
 .text          0x08000550      0x424 c:/program files (x86)/atollic/truestudio for stm32 9.2.0/armtools/bin/../lib/gcc/arm-atollic-eabi/6.3.1/armv7e-m/fpu\libgcc.a(_arm_muldivdf3.o)
                0x08000550                __aeabi_dmul
                0x08000550                __muldf3
                0x080007a4                __divdf3
                0x080007a4                __aeabi_ddiv
 .text          0x08000974       0xa0 c:/program files (x86)/atollic/truestudio for stm32 9.2.0/armtools/bin/../lib/gcc/arm-atollic-eabi/6.3.1/armv7e-m/fpu\libgcc.a(_arm_truncdfsf2.o)
                0x08000974                __truncdfsf2
                0x08000974                __aeabi_d2f
 *(.text*)
 .text.c12832_hal_spi_init
                0x08000a14       0xec Components\C12832\C12832Port.o
                0x08000a14                c12832_hal_spi_init
 .text.c12832_hal_gpio_init
                0x08000b00      0x120 Components\C12832\C12832Port.o
                0x08000b00                c12832_hal_gpio_init
 .text.c12832_hal_spi_write_read
                0x08000c20       0x28 Components\C12832\C12832Port.o
                0x08000c20                c12832_hal_spi_write_read
 .text.graphic_lcd_clear_screen
                0x08000c48       0x50 Components\C12832\graphic_lcd.o
                0x08000c48                graphic_lcd_clear_screen
 .text.graphic_lcd_write
                0x08000c98       0x84 Components\C12832\graphic_lcd.o
                0x08000c98                graphic_lcd_write
 .text.graphic_lcd_initialize
                0x08000d1c        0xe Components\C12832\graphic_lcd.o
                0x08000d1c                graphic_lcd_initialize
 *fill*         0x08000d2a        0x2 
 .text.st7565r_write_command
                0x08000d2c       0x4c Components\C12832\st7565r.o
                0x08000d2c                st7565r_write_command
 .text.st7565r_write_data
                0x08000d78       0x54 Components\C12832\st7565r.o
                0x08000d78                st7565r_write_data
 .text.st7565r_hard_reset
                0x08000dcc       0x2c Components\C12832\st7565r.o
                0x08000dcc                st7565r_hard_reset
 .text.st7565r_set_page_address
                0x08000df8       0x28 Components\C12832\st7565r.o
                0x08000df8                st7565r_set_page_address
 .text.st7565r_set_column_address
                0x08000e20       0x3a Components\C12832\st7565r.o
                0x08000e20                st7565r_set_column_address
 .text.st7565r_set_display_start_line_address
                0x08000e5a       0x28 Components\C12832\st7565r.o
                0x08000e5a                st7565r_set_display_start_line_address
 .text.st7565r_display_on
                0x08000e82        0xe Components\C12832\st7565r.o
                0x08000e82                st7565r_display_on
 .text.st7565r_set_contrast
                0x08000e90       0x40 Components\C12832\st7565r.o
                0x08000e90                st7565r_set_contrast
 .text.st7565r_display_invert_disable
                0x08000ed0        0xe Components\C12832\st7565r.o
                0x08000ed0                st7565r_display_invert_disable
 *fill*         0x08000ede        0x2 
 .text.st7565r_init
                0x08000ee0       0x54 Components\C12832\st7565r.o
                0x08000ee0                st7565r_init
 *fill*         0x08000f34        0x4 
 .text.Si7006_temperature
                0x08000f38       0xbc Components\Si7006\Si7006.o
                0x08000f38                Si7006_temperature
 .text.Si7006_relativeHumidity
                0x08000ff4       0xc0 Components\Si7006\Si7006.o
                0x08000ff4                Si7006_relativeHumidity
 .text.Si7006_read_firmware_revision
                0x080010b4       0x1c Components\Si7006\Si7006.o
                0x080010b4                Si7006_read_firmware_revision
 .text.HAL_Init
                0x080010d0       0x1a Drivers\STM32L4xx_HAL_Driver\Src\stm32l4xx_hal.o
                0x080010d0                HAL_Init
 *fill*         0x080010ea        0x2 
 .text.HAL_InitTick
                0x080010ec       0x38 Drivers\STM32L4xx_HAL_Driver\Src\stm32l4xx_hal.o
                0x080010ec                HAL_InitTick
 .text.HAL_IncTick
                0x08001124       0x1c Drivers\STM32L4xx_HAL_Driver\Src\stm32l4xx_hal.o
                0x08001124                HAL_IncTick
 .text.HAL_GetTick
                0x08001140       0x18 Drivers\STM32L4xx_HAL_Driver\Src\stm32l4xx_hal.o
                0x08001140                HAL_GetTick
 .text.HAL_Delay
                0x08001158       0x2c Drivers\STM32L4xx_HAL_Driver\Src\stm32l4xx_hal.o
                0x08001158                HAL_Delay
 .text.NVIC_SetPriorityGrouping
                0x08001184       0x48 Drivers\STM32L4xx_HAL_Driver\Src\stm32l4xx_hal_cortex.o
 .text.NVIC_GetPriorityGrouping
                0x080011cc       0x1c Drivers\STM32L4xx_HAL_Driver\Src\stm32l4xx_hal_cortex.o
 .text.NVIC_SetPriority
                0x080011e8       0x54 Drivers\STM32L4xx_HAL_Driver\Src\stm32l4xx_hal_cortex.o
 .text.NVIC_EncodePriority
                0x0800123c       0x62 Drivers\STM32L4xx_HAL_Driver\Src\stm32l4xx_hal_cortex.o
 *fill*         0x0800129e        0x2 
 .text.SysTick_Config
                0x080012a0       0x44 Drivers\STM32L4xx_HAL_Driver\Src\stm32l4xx_hal_cortex.o
 .text.HAL_NVIC_SetPriorityGrouping
                0x080012e4       0x16 Drivers\STM32L4xx_HAL_Driver\Src\stm32l4xx_hal_cortex.o
                0x080012e4                HAL_NVIC_SetPriorityGrouping
 .text.HAL_NVIC_SetPriority
                0x080012fa       0x38 Drivers\STM32L4xx_HAL_Driver\Src\stm32l4xx_hal_cortex.o
                0x080012fa                HAL_NVIC_SetPriority
 .text.HAL_SYSTICK_Config
                0x08001332       0x18 Drivers\STM32L4xx_HAL_Driver\Src\stm32l4xx_hal_cortex.o
                0x08001332                HAL_SYSTICK_Config
 *fill*         0x0800134a        0x2 
 .text.HAL_GPIO_Init
                0x0800134c      0x2fc Drivers\STM32L4xx_HAL_Driver\Src\stm32l4xx_hal_gpio.o
                0x0800134c                HAL_GPIO_Init
 .text.HAL_GPIO_WritePin
                0x08001648       0x30 Drivers\STM32L4xx_HAL_Driver\Src\stm32l4xx_hal_gpio.o
                0x08001648                HAL_GPIO_WritePin
 .text.HAL_I2C_Init
                0x08001678      0x11c Drivers\STM32L4xx_HAL_Driver\Src\stm32l4xx_hal_i2c.o
                0x08001678                HAL_I2C_Init
 .text.HAL_I2C_Master_Transmit
                0x08001794      0x200 Drivers\STM32L4xx_HAL_Driver\Src\stm32l4xx_hal_i2c.o
                0x08001794                HAL_I2C_Master_Transmit
 .text.HAL_I2C_Master_Receive
                0x08001994      0x204 Drivers\STM32L4xx_HAL_Driver\Src\stm32l4xx_hal_i2c.o
                0x08001994                HAL_I2C_Master_Receive
 .text.HAL_I2C_IsDeviceReady
                0x08001b98      0x1bc Drivers\STM32L4xx_HAL_Driver\Src\stm32l4xx_hal_i2c.o
                0x08001b98                HAL_I2C_IsDeviceReady
 .text.I2C_Flush_TXDR
                0x08001d54       0x48 Drivers\STM32L4xx_HAL_Driver\Src\stm32l4xx_hal_i2c.o
 .text.I2C_WaitOnFlagUntilTimeout
                0x08001d9c       0x74 Drivers\STM32L4xx_HAL_Driver\Src\stm32l4xx_hal_i2c.o
 .text.I2C_WaitOnTXISFlagUntilTimeout
                0x08001e10       0x80 Drivers\STM32L4xx_HAL_Driver\Src\stm32l4xx_hal_i2c.o
 .text.I2C_WaitOnSTOPFlagUntilTimeout
                0x08001e90       0x78 Drivers\STM32L4xx_HAL_Driver\Src\stm32l4xx_hal_i2c.o
 .text.I2C_WaitOnRXNEFlagUntilTimeout
                0x08001f08       0xbc Drivers\STM32L4xx_HAL_Driver\Src\stm32l4xx_hal_i2c.o
 .text.I2C_IsAcknowledgeFailed
                0x08001fc4       0xbc Drivers\STM32L4xx_HAL_Driver\Src\stm32l4xx_hal_i2c.o
 .text.I2C_TransferConfig
                0x08002080       0x5c Drivers\STM32L4xx_HAL_Driver\Src\stm32l4xx_hal_i2c.o
 .text.HAL_PWR_EnableBkUpAccess
                0x080020dc       0x20 Drivers\STM32L4xx_HAL_Driver\Src\stm32l4xx_hal_pwr.o
                0x080020dc                HAL_PWR_EnableBkUpAccess
 .text.HAL_PWREx_GetVoltageRange
                0x080020fc       0x1c Drivers\STM32L4xx_HAL_Driver\Src\stm32l4xx_hal_pwr_ex.o
                0x080020fc                HAL_PWREx_GetVoltageRange
 .text.HAL_PWREx_ControlVoltageScaling
                0x08002118       0xac Drivers\STM32L4xx_HAL_Driver\Src\stm32l4xx_hal_pwr_ex.o
                0x08002118                HAL_PWREx_ControlVoltageScaling
 .text.HAL_RCC_OscConfig
                0x080021c4      0x784 Drivers\STM32L4xx_HAL_Driver\Src\stm32l4xx_hal_rcc.o
                0x080021c4                HAL_RCC_OscConfig
 .text.HAL_RCC_ClockConfig
                0x08002948      0x244 Drivers\STM32L4xx_HAL_Driver\Src\stm32l4xx_hal_rcc.o
                0x08002948                HAL_RCC_ClockConfig
 .text.HAL_RCC_GetSysClockFreq
                0x08002b8c      0x1f4 Drivers\STM32L4xx_HAL_Driver\Src\stm32l4xx_hal_rcc.o
                0x08002b8c                HAL_RCC_GetSysClockFreq
 .text.RCC_SetFlashLatencyFromMSIRange
                0x08002d80       0xc4 Drivers\STM32L4xx_HAL_Driver\Src\stm32l4xx_hal_rcc.o
 .text.HAL_RCCEx_PeriphCLKConfig
                0x08002e44      0x48c Drivers\STM32L4xx_HAL_Driver\Src\stm32l4xx_hal_rcc_ex.o
                0x08002e44                HAL_RCCEx_PeriphCLKConfig
 .text.HAL_RCCEx_EnableMSIPLLMode
                0x080032d0       0x20 Drivers\STM32L4xx_HAL_Driver\Src\stm32l4xx_hal_rcc_ex.o
                0x080032d0                HAL_RCCEx_EnableMSIPLLMode
 .text.RCCEx_PLLSAI1_Config
                0x080032f0      0x2a8 Drivers\STM32L4xx_HAL_Driver\Src\stm32l4xx_hal_rcc_ex.o
 .text.HAL_SPI_Init
                0x08003598      0x110 Drivers\STM32L4xx_HAL_Driver\Src\stm32l4xx_hal_spi.o
                0x08003598                HAL_SPI_Init
 .text.HAL_SPI_Transmit
                0x080036a8      0x2ac Drivers\STM32L4xx_HAL_Driver\Src\stm32l4xx_hal_spi.o
                0x080036a8                HAL_SPI_Transmit
 .text.SPI_WaitFlagStateUntilTimeout
                0x08003954       0xd2 Drivers\STM32L4xx_HAL_Driver\Src\stm32l4xx_hal_spi.o
 .text.SPI_WaitFifoStateUntilTimeout
                0x08003a26       0xe2 Drivers\STM32L4xx_HAL_Driver\Src\stm32l4xx_hal_spi.o
 .text.SPI_EndRxTxTransaction
                0x08003b08       0x64 Drivers\STM32L4xx_HAL_Driver\Src\stm32l4xx_hal_spi.o
 .text.osSystickHandler
                0x08003b6c       0x16 Middlewares\Third_Party\FreeRTOS\Source\CMSIS_RTOS\cmsis_os.o
                0x08003b6c                osSystickHandler
 .text.vListInsertEnd
                0x08003b82       0x48 Middlewares\Third_Party\FreeRTOS\Source\list.o
                0x08003b82                vListInsertEnd
 .text.vListInsert
                0x08003bca       0x72 Middlewares\Third_Party\FreeRTOS\Source\list.o
                0x08003bca                vListInsert
 .text.uxListRemove
                0x08003c3c       0x54 Middlewares\Third_Party\FreeRTOS\Source\list.o
                0x08003c3c                uxListRemove
 .text.SVC_Handler
                0x08003c90       0x24 Middlewares\Third_Party\FreeRTOS\Source\portable\GCC\ARM_CM4F\port.o
                0x08003c90                SVC_Handler
 .text.vPortEnterCritical
                0x08003cb4       0x5c Middlewares\Third_Party\FreeRTOS\Source\portable\GCC\ARM_CM4F\port.o
                0x08003cb4                vPortEnterCritical
 .text.vPortExitCritical
                0x08003d10       0x50 Middlewares\Third_Party\FreeRTOS\Source\portable\GCC\ARM_CM4F\port.o
                0x08003d10                vPortExitCritical
 .text.PendSV_Handler
                0x08003d60       0x64 Middlewares\Third_Party\FreeRTOS\Source\portable\GCC\ARM_CM4F\port.o
                0x08003d60                PendSV_Handler
 .text.xPortSysTickHandler
                0x08003dc4       0x48 Middlewares\Third_Party\FreeRTOS\Source\portable\GCC\ARM_CM4F\port.o
                0x08003dc4                xPortSysTickHandler
 .text.vTaskDelay
                0x08003e0c       0xa4 Middlewares\Third_Party\FreeRTOS\Source\tasks.o
                0x08003e0c                vTaskDelay
 .text.vTaskSuspendAll
                0x08003eb0       0x1c Middlewares\Third_Party\FreeRTOS\Source\tasks.o
                0x08003eb0                vTaskSuspendAll
 .text.xTaskResumeAll
                0x08003ecc      0x128 Middlewares\Third_Party\FreeRTOS\Source\tasks.o
                0x08003ecc                xTaskResumeAll
 .text.xTaskIncrementTick
                0x08003ff4      0x17c Middlewares\Third_Party\FreeRTOS\Source\tasks.o
                0x08003ff4                xTaskIncrementTick
 .text.vTaskSwitchContext
                0x08004170       0xb4 Middlewares\Third_Party\FreeRTOS\Source\tasks.o
                0x08004170                vTaskSwitchContext
 .text.prvAddCurrentTaskToDelayedList
                0x08004224       0x6c Middlewares\Third_Party\FreeRTOS\Source\tasks.o
 .text.prvResetNextTaskUnblockTime
                0x08004290       0x4c Middlewares\Third_Party\FreeRTOS\Source\tasks.o
 .text.xTaskGetSchedulerState
                0x080042dc       0x3c Middlewares\Third_Party\FreeRTOS\Source\tasks.o
                0x080042dc                xTaskGetSchedulerState
 .text.MX_I2C1_SMBUS_Init
                0x08004318       0x68 src\main.o
 .text.initLEDs
                0x08004380       0x58 src\main.o
                0x08004380                initLEDs
 .text.initButtons
                0x080043d8       0x38 src\main.o
                0x080043d8                initButtons
 .text.Si7006_port_init
                0x08004410       0x10 src\main.o
                0x08004410                Si7006_port_init
 .text.Si7006_port_i2c_init
                0x08004420       0x10 src\main.o
                0x08004420                Si7006_port_i2c_init
 .text.Si7006_port_i2c_transmit
                0x08004430       0x3c src\main.o
                0x08004430                Si7006_port_i2c_transmit
 .text.Si7006_port_i2c_receive
                0x0800446c       0x3c src\main.o
                0x0800446c                Si7006_port_i2c_receive
 .text.Si7006_port_check_hardware
                0x080044a8       0x34 src\main.o
                0x080044a8                Si7006_port_check_hardware
 .text.Si7006_port_delay
                0x080044dc       0x18 src\main.o
                0x080044dc                Si7006_port_delay
 .text.main     0x080044f4      0x2b4 src\main.o
                0x080044f4                main
 .text.SystemClock_Config
                0x080047a8      0x138 src\main.o
                0x080047a8                SystemClock_Config
 .text.Error_Handler
                0x080048e0        0xe src\main.o
                0x080048e0                Error_Handler
 *fill*         0x080048ee        0x2 
 .text.Reset_Handler
                0x080048f0       0x50 src\startup_stm32l443xx.o
                0x080048f0                Reset_Handler
 .text.Default_Handler
                0x08004940        0x2 src\startup_stm32l443xx.o
                0x08004940                RTC_Alarm_IRQHandler
                0x08004940                EXTI2_IRQHandler
                0x08004940                TIM1_CC_IRQHandler
                0x08004940                TSC_IRQHandler
                0x08004940                TAMP_STAMP_IRQHandler
                0x08004940                EXTI3_IRQHandler
                0x08004940                LPTIM2_IRQHandler
                0x08004940                I2C3_ER_IRQHandler
                0x08004940                EXTI0_IRQHandler
                0x08004940                I2C2_EV_IRQHandler
                0x08004940                CAN1_RX0_IRQHandler
                0x08004940                FPU_IRQHandler
                0x08004940                SPI1_IRQHandler
                0x08004940                TIM6_DAC_IRQHandler
                0x08004940                DMA1_Channel4_IRQHandler
                0x08004940                ADC1_IRQHandler
                0x08004940                USART3_IRQHandler
                0x08004940                DMA1_Channel7_IRQHandler
                0x08004940                CAN1_RX1_IRQHandler
                0x08004940                LCD_IRQHandler
                0x08004940                QUADSPI_IRQHandler
                0x08004940                I2C1_EV_IRQHandler
                0x08004940                DMA1_Channel6_IRQHandler
                0x08004940                DMA2_Channel4_IRQHandler
                0x08004940                RCC_IRQHandler
                0x08004940                TIM1_TRG_COM_IRQHandler
                0x08004940                DMA1_Channel1_IRQHandler
                0x08004940                Default_Handler
                0x08004940                DMA2_Channel7_IRQHandler
                0x08004940                EXTI15_10_IRQHandler
                0x08004940                TIM7_IRQHandler
                0x08004940                SDMMC1_IRQHandler
                0x08004940                I2C3_EV_IRQHandler
                0x08004940                EXTI9_5_IRQHandler
                0x08004940                RTC_WKUP_IRQHandler
                0x08004940                PVD_PVM_IRQHandler
                0x08004940                SPI2_IRQHandler
                0x08004940                CAN1_TX_IRQHandler
                0x08004940                DMA2_Channel5_IRQHandler
                0x08004940                CRS_IRQHandler
                0x08004940                DMA1_Channel5_IRQHandler
                0x08004940                EXTI4_IRQHandler
                0x08004940                RNG_IRQHandler
                0x08004940                DMA1_Channel3_IRQHandler
                0x08004940                COMP_IRQHandler
                0x08004940                WWDG_IRQHandler
                0x08004940                LPUART1_IRQHandler
                0x08004940                DMA2_Channel6_IRQHandler
                0x08004940                TIM2_IRQHandler
                0x08004940                EXTI1_IRQHandler
                0x08004940                AES_IRQHandler
                0x08004940                USART2_IRQHandler
                0x08004940                I2C2_ER_IRQHandler
                0x08004940                DMA1_Channel2_IRQHandler
                0x08004940                CAN1_SCE_IRQHandler
                0x08004940                FLASH_IRQHandler
                0x08004940                USART1_IRQHandler
                0x08004940                SPI3_IRQHandler
                0x08004940                I2C1_ER_IRQHandler
                0x08004940                SWPMI1_IRQHandler
                0x08004940                LPTIM1_IRQHandler
                0x08004940                SAI1_IRQHandler
                0x08004940                DMA2_Channel3_IRQHandler
                0x08004940                TIM1_BRK_TIM15_IRQHandler
 *fill*         0x08004942        0x2 
 .text.HAL_MspInit
                0x08004944       0x50 src\stm32l4xx_hal_msp.o
                0x08004944                HAL_MspInit
 .text.HAL_I2C_MspInit
                0x08004994       0x88 src\stm32l4xx_hal_msp.o
                0x08004994                HAL_I2C_MspInit
 .text.HAL_SPI_MspInit
                0x08004a1c       0x14 src\stm32l4xx_hal_msp.o
                0x08004a1c                HAL_SPI_MspInit
 .text.NMI_Handler
                0x08004a30        0xe src\stm32l4xx_it.o
                0x08004a30                NMI_Handler
 .text.HardFault_Handler
                0x08004a3e        0x6 src\stm32l4xx_it.o
                0x08004a3e                HardFault_Handler
 .text.MemManage_Handler
                0x08004a44        0x6 src\stm32l4xx_it.o
                0x08004a44                MemManage_Handler
 .text.BusFault_Handler
                0x08004a4a        0x6 src\stm32l4xx_it.o
                0x08004a4a                BusFault_Handler
 .text.UsageFault_Handler
                0x08004a50        0x6 src\stm32l4xx_it.o
                0x08004a50                UsageFault_Handler
 .text.DebugMon_Handler
                0x08004a56        0xe src\stm32l4xx_it.o
                0x08004a56                DebugMon_Handler
 .text.SysTick_Handler
                0x08004a64       0x10 src\stm32l4xx_it.o
                0x08004a64                SysTick_Handler
 .text.TIM1_UP_TIM16_IRQHandler
                0x08004a74        0xe src\stm32l4xx_it.o
                0x08004a74                TIM1_UP_TIM16_IRQHandler
 .text.DMA2_Channel1_IRQHandler
                0x08004a82        0xe src\stm32l4xx_it.o
                0x08004a82                DMA2_Channel1_IRQHandler
 .text.DMA2_Channel2_IRQHandler
                0x08004a90        0xe src\stm32l4xx_it.o
                0x08004a90                DMA2_Channel2_IRQHandler
 .text.USB_IRQHandler
                0x08004a9e        0xe src\stm32l4xx_it.o
                0x08004a9e                USB_IRQHandler
 .text.ITM_SendChar
                0x08004aac       0x4e src\syscalls.o
 .text._write   0x08004afa       0x3c src\syscalls.o
                0x08004afa                _write
 *fill*         0x08004b36        0x2 
 .text.SystemInit
                0x08004b38       0x6c src\system_stm32l4xx.o
                0x08004b38                SystemInit
 .text.ts_itoa  0x08004ba4       0x92 src\tiny_printf.o
                0x08004ba4                ts_itoa
 .text.ts_formatstring
                0x08004c36      0x12e src\tiny_printf.o
                0x08004c36                ts_formatstring
 .text.ts_formatlength
                0x08004d64      0x12c src\tiny_printf.o
                0x08004d64                ts_formatlength
 .text.siprintf
                0x08004e90       0x2c src\tiny_printf.o
                0x08004e90                siprintf
                0x08004e90                sprintf
 .text.iprintf  0x08004ebc       0x92 src\tiny_printf.o
                0x08004ebc                iprintf
                0x08004ebc                printf
 *fill*         0x08004f4e        0x2 
 .text.puts     0x08004f50       0x58 src\tiny_printf.o
                0x08004f50                puts
 .text.__libc_init_array
                0x08004fa8       0x48 c:/program files (x86)/atollic/truestudio for stm32 9.2.0/armtools/bin/../lib/gcc/arm-atollic-eabi/6.3.1/../../../../arm-atollic-eabi/lib/armv7e-m/fpu\libc_nano.a(lib_a-init.o)
                0x08004fa8                __libc_init_array
 .text.memset   0x08004ff0       0x10 c:/program files (x86)/atollic/truestudio for stm32 9.2.0/armtools/bin/../lib/gcc/arm-atollic-eabi/6.3.1/../../../../arm-atollic-eabi/lib/armv7e-m/fpu\libc_nano.a(lib_a-memset.o)
                0x08004ff0                memset
 *(.glue_7)
 .glue_7        0x08005000        0x0 linker stubs
 *(.glue_7t)
 .glue_7t       0x08005000        0x0 linker stubs
 *(.eh_frame)
 .eh_frame      0x08005000        0x0 c:/program files (x86)/atollic/truestudio for stm32 9.2.0/armtools/bin/../lib/gcc/arm-atollic-eabi/6.3.1/armv7e-m/fpu/crtbegin.o
 *(.init)
 .init          0x08005000        0x4 c:/program files (x86)/atollic/truestudio for stm32 9.2.0/armtools/bin/../lib/gcc/arm-atollic-eabi/6.3.1/armv7e-m/fpu/crti.o
                0x08005000                _init
 .init          0x08005004        0x8 c:/program files (x86)/atollic/truestudio for stm32 9.2.0/armtools/bin/../lib/gcc/arm-atollic-eabi/6.3.1/armv7e-m/fpu/crtn.o
 *(.fini)
 .fini          0x0800500c        0x4 c:/program files (x86)/atollic/truestudio for stm32 9.2.0/armtools/bin/../lib/gcc/arm-atollic-eabi/6.3.1/armv7e-m/fpu/crti.o
                0x0800500c                _fini
 .fini          0x08005010        0x8 c:/program files (x86)/atollic/truestudio for stm32 9.2.0/armtools/bin/../lib/gcc/arm-atollic-eabi/6.3.1/armv7e-m/fpu/crtn.o
                0x08005018                . = ALIGN (0x8)
                0x08005018                _etext = .

.vfp11_veneer   0x08005018        0x0
 .vfp11_veneer  0x08005018        0x0 linker stubs

.v4_bx          0x08005018        0x0
 .v4_bx         0x08005018        0x0 linker stubs

.iplt           0x08005018        0x0
 .iplt          0x08005018        0x0 c:/program files (x86)/atollic/truestudio for stm32 9.2.0/armtools/bin/../lib/gcc/arm-atollic-eabi/6.3.1/armv7e-m/fpu/crtbegin.o

.rodata         0x08005018      0x3f8
                0x08005018                . = ALIGN (0x8)
 *(.rodata)
 .rodata        0x08005018       0x36 Components\Si7006\Si7006.o
 *fill*         0x0800504e        0x2 
 .rodata        0x08005050      0x1b3 src\main.o
 *fill*         0x08005203        0x1 
 .rodata        0x08005204        0x2 src\tiny_printf.o
 *(.rodata*)
 *fill*         0x08005206        0x2 
 .rodata.font_5x8_table
                0x08005208      0x1c7 Components\C12832\font.o
                0x08005208                font_5x8_table
 *fill*         0x080053cf        0x1 
 .rodata.AHBPrescTable
                0x080053d0       0x10 src\system_stm32l4xx.o
                0x080053d0                AHBPrescTable
 .rodata.MSIRangeTable
                0x080053e0       0x30 src\system_stm32l4xx.o
                0x080053e0                MSIRangeTable
                0x08005410                . = ALIGN (0x8)

.rel.dyn        0x08005410        0x0
 .rel.iplt      0x08005410        0x0 c:/program files (x86)/atollic/truestudio for stm32 9.2.0/armtools/bin/../lib/gcc/arm-atollic-eabi/6.3.1/armv7e-m/fpu/crtbegin.o

.ARM.extab      0x08005410        0x0
                0x08005410                . = ALIGN (0x8)
 *(.ARM.extab* .gnu.linkonce.armextab.*)
                0x08005410                . = ALIGN (0x8)

.ARM            0x08005410        0x0
                0x08005410                . = ALIGN (0x8)
                0x08005410                __exidx_start = .
 *(.ARM.exidx*)
                0x08005410                __exidx_end = .
                0x08005410                . = ALIGN (0x8)

.preinit_array  0x08005410        0x0
                0x08005410                . = ALIGN (0x8)
                0x08005410                PROVIDE (__preinit_array_start, .)
 *(.preinit_array*)
                0x08005410                PROVIDE (__preinit_array_end, .)
                0x08005410                . = ALIGN (0x8)

.init_array     0x08005410        0x8
                0x08005410                . = ALIGN (0x8)
                0x08005410                PROVIDE (__init_array_start, .)
 *(SORT(.init_array.*))
 *(.init_array*)
 .init_array    0x08005410        0x4 c:/program files (x86)/atollic/truestudio for stm32 9.2.0/armtools/bin/../lib/gcc/arm-atollic-eabi/6.3.1/armv7e-m/fpu/crtbegin.o
                0x08005414                PROVIDE (__init_array_end, .)
                0x08005418                . = ALIGN (0x8)
 *fill*         0x08005414        0x4 

.fini_array     0x08005418        0x8
                0x08005418                . = ALIGN (0x8)
                [!provide]                PROVIDE (__fini_array_start, .)
 *(SORT(.fini_array.*))
 *(.fini_array*)
 .fini_array    0x08005418        0x4 c:/program files (x86)/atollic/truestudio for stm32 9.2.0/armtools/bin/../lib/gcc/arm-atollic-eabi/6.3.1/armv7e-m/fpu/crtbegin.o
                [!provide]                PROVIDE (__fini_array_end, .)
                0x08005420                . = ALIGN (0x8)
 *fill*         0x0800541c        0x4 
                0x08005420                _sidata = LOADADDR (.data)

.data           0x20000000        0x8 load address 0x08005420
                0x20000000                . = ALIGN (0x8)
                0x20000000                _sdata = .
 *(.data)
 *(.data*)
 .data.uxCriticalNesting
                0x20000000        0x4 Middlewares\Third_Party\FreeRTOS\Source\portable\GCC\ARM_CM4F\port.o
 .data.SystemCoreClock
                0x20000004        0x4 src\system_stm32l4xx.o
                0x20000004                SystemCoreClock
                0x20000008                . = ALIGN (0x8)
                0x20000008                _edata = .

.igot.plt       0x20000008        0x0 load address 0x08005428
 .igot.plt      0x20000008        0x0 c:/program files (x86)/atollic/truestudio for stm32 9.2.0/armtools/bin/../lib/gcc/arm-atollic-eabi/6.3.1/armv7e-m/fpu/crtbegin.o
                0x20000008                . = ALIGN (0x4)

.bss            0x20000008      0x1a0 load address 0x08005428
                0x20000008                _sbss = .
                0x20000008                __bss_start__ = _sbss
 *(.bss)
 .bss           0x20000008       0x1c c:/program files (x86)/atollic/truestudio for stm32 9.2.0/armtools/bin/../lib/gcc/arm-atollic-eabi/6.3.1/armv7e-m/fpu/crtbegin.o
 *(.bss*)
 .bss.pxCurrentTCB
                0x20000024        0x4 Middlewares\Third_Party\FreeRTOS\Source\tasks.o
                0x20000024                pxCurrentTCB
 .bss.pxReadyTasksLists
                0x20000028       0x8c Middlewares\Third_Party\FreeRTOS\Source\tasks.o
 .bss.pxDelayedTaskList
                0x200000b4        0x4 Middlewares\Third_Party\FreeRTOS\Source\tasks.o
 .bss.pxOverflowDelayedTaskList
                0x200000b8        0x4 Middlewares\Third_Party\FreeRTOS\Source\tasks.o
 .bss.xPendingReadyList
                0x200000bc       0x14 Middlewares\Third_Party\FreeRTOS\Source\tasks.o
 .bss.uxCurrentNumberOfTasks
                0x200000d0        0x4 Middlewares\Third_Party\FreeRTOS\Source\tasks.o
 .bss.xTickCount
                0x200000d4        0x4 Middlewares\Third_Party\FreeRTOS\Source\tasks.o
 .bss.uxTopReadyPriority
                0x200000d8        0x4 Middlewares\Third_Party\FreeRTOS\Source\tasks.o
 .bss.xSchedulerRunning
                0x200000dc        0x4 Middlewares\Third_Party\FreeRTOS\Source\tasks.o
 .bss.uxPendedTicks
                0x200000e0        0x4 Middlewares\Third_Party\FreeRTOS\Source\tasks.o
 .bss.xYieldPending
                0x200000e4        0x4 Middlewares\Third_Party\FreeRTOS\Source\tasks.o
 .bss.xNumOfOverflows
                0x200000e8        0x4 Middlewares\Third_Party\FreeRTOS\Source\tasks.o
 .bss.xNextTaskUnblockTime
                0x200000ec        0x4 Middlewares\Third_Party\FreeRTOS\Source\tasks.o
 .bss.uxSchedulerSuspended
                0x200000f0        0x4 Middlewares\Third_Party\FreeRTOS\Source\tasks.o
 *(COMMON)
 COMMON         0x200000f4       0x64 Components\C12832\C12832Port.o
                0x200000f4                hspi2
 COMMON         0x20000158        0x4 Drivers\STM32L4xx_HAL_Driver\Src\stm32l4xx_hal.o
                0x20000158                uwTick
 COMMON         0x2000015c       0x4c src\main.o
                0x2000015c                hi2c1
                0x200001a8                . = ALIGN (0x4)
                0x200001a8                _ebss = .
                0x200001a8                __bss_end__ = _ebss

._user_heap_stack
                0x200001a8      0x600 load address 0x08005428
                0x200001a8                . = ALIGN (0x8)
                0x200001a8                PROVIDE (end, .)
                [!provide]                PROVIDE (_end, .)
                0x200003a8                . = (. + _Min_Heap_Size)
 *fill*         0x200001a8      0x200 
                0x200007a8                . = (. + _Min_Stack_Size)
 *fill*         0x200003a8      0x400 
                0x200007a8                . = ALIGN (0x8)

/DISCARD/
 libc.a(*)
 libm.a(*)
 libgcc.a(*)

.ARM.attributes
                0x00000000       0x30
 *(.ARM.attributes)
 .ARM.attributes
                0x00000000       0x22 c:/program files (x86)/atollic/truestudio for stm32 9.2.0/armtools/bin/../lib/gcc/arm-atollic-eabi/6.3.1/armv7e-m/fpu/crti.o
 .ARM.attributes
                0x00000022       0x34 c:/program files (x86)/atollic/truestudio for stm32 9.2.0/armtools/bin/../lib/gcc/arm-atollic-eabi/6.3.1/armv7e-m/fpu/crtbegin.o
 .ARM.attributes
                0x00000056       0x39 Components\C12832\C12832Port.o
 .ARM.attributes
                0x0000008f       0x39 Components\C12832\font.o
 .ARM.attributes
                0x000000c8       0x39 Components\C12832\graphic_lcd.o
 .ARM.attributes
                0x00000101       0x39 Components\C12832\st7565r.o
 .ARM.attributes
                0x0000013a       0x39 Components\Si7006\Si7006.o
 .ARM.attributes
                0x00000173       0x39 Drivers\STM32L4xx_HAL_Driver\Src\stm32l4xx_hal.o
 .ARM.attributes
                0x000001ac       0x39 Drivers\STM32L4xx_HAL_Driver\Src\stm32l4xx_hal_cortex.o
 .ARM.attributes
                0x000001e5       0x39 Drivers\STM32L4xx_HAL_Driver\Src\stm32l4xx_hal_gpio.o
 .ARM.attributes
                0x0000021e       0x39 Drivers\STM32L4xx_HAL_Driver\Src\stm32l4xx_hal_i2c.o
 .ARM.attributes
                0x00000257       0x39 Drivers\STM32L4xx_HAL_Driver\Src\stm32l4xx_hal_pwr.o
 .ARM.attributes
                0x00000290       0x39 Drivers\STM32L4xx_HAL_Driver\Src\stm32l4xx_hal_pwr_ex.o
 .ARM.attributes
                0x000002c9       0x39 Drivers\STM32L4xx_HAL_Driver\Src\stm32l4xx_hal_rcc.o
 .ARM.attributes
                0x00000302       0x39 Drivers\STM32L4xx_HAL_Driver\Src\stm32l4xx_hal_rcc_ex.o
 .ARM.attributes
                0x0000033b       0x39 Drivers\STM32L4xx_HAL_Driver\Src\stm32l4xx_hal_spi.o
 .ARM.attributes
                0x00000374       0x39 Middlewares\Third_Party\FreeRTOS\Source\CMSIS_RTOS\cmsis_os.o
 .ARM.attributes
                0x000003ad       0x39 Middlewares\Third_Party\FreeRTOS\Source\list.o
 .ARM.attributes
                0x000003e6       0x39 Middlewares\Third_Party\FreeRTOS\Source\portable\GCC\ARM_CM4F\port.o
 .ARM.attributes
                0x0000041f       0x39 Middlewares\Third_Party\FreeRTOS\Source\tasks.o
 .ARM.attributes
                0x00000458       0x39 src\main.o
 .ARM.attributes
                0x00000491       0x21 src\startup_stm32l443xx.o
 .ARM.attributes
                0x000004b2       0x39 src\stm32l4xx_hal_msp.o
 .ARM.attributes
                0x000004eb       0x39 src\stm32l4xx_it.o
 .ARM.attributes
                0x00000524       0x39 src\syscalls.o
 .ARM.attributes
                0x0000055d       0x39 src\system_stm32l4xx.o
 .ARM.attributes
                0x00000596       0x39 src\tiny_printf.o
 .ARM.attributes
                0x000005cf       0x34 c:/program files (x86)/atollic/truestudio for stm32 9.2.0/armtools/bin/../lib/gcc/arm-atollic-eabi/6.3.1/../../../../arm-atollic-eabi/lib/armv7e-m/fpu\libc_nano.a(lib_a-init.o)
 .ARM.attributes
                0x00000603       0x34 c:/program files (x86)/atollic/truestudio for stm32 9.2.0/armtools/bin/../lib/gcc/arm-atollic-eabi/6.3.1/../../../../arm-atollic-eabi/lib/armv7e-m/fpu\libc_nano.a(lib_a-memset.o)
 .ARM.attributes
                0x00000637       0x1b c:/program files (x86)/atollic/truestudio for stm32 9.2.0/armtools/bin/../lib/gcc/arm-atollic-eabi/6.3.1/../../../../arm-atollic-eabi/lib/armv7e-m/fpu\libc_nano.a(lib_a-strlen.o)
 .ARM.attributes
                0x00000652       0x22 c:/program files (x86)/atollic/truestudio for stm32 9.2.0/armtools/bin/../lib/gcc/arm-atollic-eabi/6.3.1/armv7e-m/fpu\libgcc.a(_arm_addsubdf3.o)
 .ARM.attributes
                0x00000674       0x22 c:/program files (x86)/atollic/truestudio for stm32 9.2.0/armtools/bin/../lib/gcc/arm-atollic-eabi/6.3.1/armv7e-m/fpu\libgcc.a(_arm_muldivdf3.o)
 .ARM.attributes
                0x00000696       0x22 c:/program files (x86)/atollic/truestudio for stm32 9.2.0/armtools/bin/../lib/gcc/arm-atollic-eabi/6.3.1/armv7e-m/fpu\libgcc.a(_arm_truncdfsf2.o)
 .ARM.attributes
                0x000006b8       0x22 c:/program files (x86)/atollic/truestudio for stm32 9.2.0/armtools/bin/../lib/gcc/arm-atollic-eabi/6.3.1/armv7e-m/fpu/crtn.o
OUTPUT(Cygnini.elf elf32-littlearm)

.debug_info     0x00000000    0x1ec36
 .debug_info    0x00000000     0x129e Components\C12832\C12832Port.o
 .debug_info    0x0000129e      0x97f Components\C12832\font.o
 .debug_info    0x00001c1d      0xa5d Components\C12832\graphic_lcd.o
 .debug_info    0x0000267a      0xbde Components\C12832\st7565r.o
 .debug_info    0x00003258      0xba5 Components\Si7006\Si7006.o
 .debug_info    0x00003dfd     0x11b9 Drivers\STM32L4xx_HAL_Driver\Src\stm32l4xx_hal.o
 .debug_info    0x00004fb6     0x153c Drivers\STM32L4xx_HAL_Driver\Src\stm32l4xx_hal_cortex.o
 .debug_info    0x000064f2     0x1073 Drivers\STM32L4xx_HAL_Driver\Src\stm32l4xx_hal_gpio.o
 .debug_info    0x00007565     0x2408 Drivers\STM32L4xx_HAL_Driver\Src\stm32l4xx_hal_i2c.o
 .debug_info    0x0000996d     0x11b5 Drivers\STM32L4xx_HAL_Driver\Src\stm32l4xx_hal_pwr.o
 .debug_info    0x0000ab22     0x1212 Drivers\STM32L4xx_HAL_Driver\Src\stm32l4xx_hal_pwr_ex.o
 .debug_info    0x0000bd34     0x1708 Drivers\STM32L4xx_HAL_Driver\Src\stm32l4xx_hal_rcc.o
 .debug_info    0x0000d43c     0x1c75 Drivers\STM32L4xx_HAL_Driver\Src\stm32l4xx_hal_rcc_ex.o
 .debug_info    0x0000f0b1     0x1d6d Drivers\STM32L4xx_HAL_Driver\Src\stm32l4xx_hal_spi.o
 .debug_info    0x00010e1e     0x1a86 Middlewares\Third_Party\FreeRTOS\Source\CMSIS_RTOS\cmsis_os.o
 .debug_info    0x000128a4      0xb6a Middlewares\Third_Party\FreeRTOS\Source\list.o
 .debug_info    0x0001340e      0xdcc Middlewares\Third_Party\FreeRTOS\Source\portable\GCC\ARM_CM4F\port.o
 .debug_info    0x000141da     0x23ff Middlewares\Third_Party\FreeRTOS\Source\tasks.o
 .debug_info    0x000165d9     0x21e5 src\main.o
 .debug_info    0x000187be       0x82 src\startup_stm32l443xx.o
 .debug_info    0x00018840     0x237e src\stm32l4xx_hal_msp.o
 .debug_info    0x0001abbe     0x1391 src\stm32l4xx_it.o
 .debug_info    0x0001bf4f     0x1293 src\syscalls.o
 .debug_info    0x0001d1e2      0xddc src\system_stm32l4xx.o
 .debug_info    0x0001dfbe      0xc78 src\tiny_printf.o

.debug_abbrev   0x00000000     0x3bf3
 .debug_abbrev  0x00000000      0x212 Components\C12832\C12832Port.o
 .debug_abbrev  0x00000212      0x16e Components\C12832\font.o
 .debug_abbrev  0x00000380      0x1d3 Components\C12832\graphic_lcd.o
 .debug_abbrev  0x00000553      0x223 Components\C12832\st7565r.o
 .debug_abbrev  0x00000776      0x1da Components\Si7006\Si7006.o
 .debug_abbrev  0x00000950      0x27a Drivers\STM32L4xx_HAL_Driver\Src\stm32l4xx_hal.o
 .debug_abbrev  0x00000bca      0x355 Drivers\STM32L4xx_HAL_Driver\Src\stm32l4xx_hal_cortex.o
 .debug_abbrev  0x00000f1f      0x24c Drivers\STM32L4xx_HAL_Driver\Src\stm32l4xx_hal_gpio.o
 .debug_abbrev  0x0000116b      0x2a5 Drivers\STM32L4xx_HAL_Driver\Src\stm32l4xx_hal_i2c.o
 .debug_abbrev  0x00001410      0x23b Drivers\STM32L4xx_HAL_Driver\Src\stm32l4xx_hal_pwr.o
 .debug_abbrev  0x0000164b      0x2b6 Drivers\STM32L4xx_HAL_Driver\Src\stm32l4xx_hal_pwr_ex.o
 .debug_abbrev  0x00001901      0x31c Drivers\STM32L4xx_HAL_Driver\Src\stm32l4xx_hal_rcc.o
 .debug_abbrev  0x00001c1d      0x300 Drivers\STM32L4xx_HAL_Driver\Src\stm32l4xx_hal_rcc_ex.o
 .debug_abbrev  0x00001f1d      0x294 Drivers\STM32L4xx_HAL_Driver\Src\stm32l4xx_hal_spi.o
 .debug_abbrev  0x000021b1      0x38a Middlewares\Third_Party\FreeRTOS\Source\CMSIS_RTOS\cmsis_os.o
 .debug_abbrev  0x0000253b      0x1cc Middlewares\Third_Party\FreeRTOS\Source\list.o
 .debug_abbrev  0x00002707      0x2d2 Middlewares\Third_Party\FreeRTOS\Source\portable\GCC\ARM_CM4F\port.o
 .debug_abbrev  0x000029d9      0x35c Middlewares\Third_Party\FreeRTOS\Source\tasks.o
 .debug_abbrev  0x00002d35      0x342 src\main.o
 .debug_abbrev  0x00003077       0x12 src\startup_stm32l443xx.o
 .debug_abbrev  0x00003089      0x25e src\stm32l4xx_hal_msp.o
 .debug_abbrev  0x000032e7      0x1d1 src\stm32l4xx_it.o
 .debug_abbrev  0x000034b8      0x2ee src\syscalls.o
 .debug_abbrev  0x000037a6      0x1eb src\system_stm32l4xx.o
 .debug_abbrev  0x00003991      0x262 src\tiny_printf.o

.debug_aranges  0x00000000     0x1240
 .debug_aranges
                0x00000000       0x30 Components\C12832\C12832Port.o
 .debug_aranges
                0x00000030       0x18 Components\C12832\font.o
 .debug_aranges
                0x00000048       0x38 Components\C12832\graphic_lcd.o
 .debug_aranges
                0x00000080       0x88 Components\C12832\st7565r.o
 .debug_aranges
                0x00000108       0x60 Components\Si7006\Si7006.o
 .debug_aranges
                0x00000168      0x100 Drivers\STM32L4xx_HAL_Driver\Src\stm32l4xx_hal.o
 .debug_aranges
                0x00000268      0x108 Drivers\STM32L4xx_HAL_Driver\Src\stm32l4xx_hal_cortex.o
 .debug_aranges
                0x00000370       0x58 Drivers\STM32L4xx_HAL_Driver\Src\stm32l4xx_hal_gpio.o
 .debug_aranges
                0x000003c8      0x260 Drivers\STM32L4xx_HAL_Driver\Src\stm32l4xx_hal_i2c.o
 .debug_aranges
                0x00000628       0x98 Drivers\STM32L4xx_HAL_Driver\Src\stm32l4xx_hal_pwr.o
 .debug_aranges
                0x000006c0      0x120 Drivers\STM32L4xx_HAL_Driver\Src\stm32l4xx_hal_pwr_ex.o
 .debug_aranges
                0x000007e0       0x88 Drivers\STM32L4xx_HAL_Driver\Src\stm32l4xx_hal_rcc.o
 .debug_aranges
                0x00000868       0xe8 Drivers\STM32L4xx_HAL_Driver\Src\stm32l4xx_hal_rcc_ex.o
 .debug_aranges
                0x00000950      0x1d8 Drivers\STM32L4xx_HAL_Driver\Src\stm32l4xx_hal_spi.o
 .debug_aranges
                0x00000b28      0x1b0 Middlewares\Third_Party\FreeRTOS\Source\CMSIS_RTOS\cmsis_os.o
 .debug_aranges
                0x00000cd8       0x40 Middlewares\Third_Party\FreeRTOS\Source\list.o
 .debug_aranges
                0x00000d18       0x80 Middlewares\Third_Party\FreeRTOS\Source\portable\GCC\ARM_CM4F\port.o
 .debug_aranges
                0x00000d98      0x1b0 Middlewares\Third_Party\FreeRTOS\Source\tasks.o
 .debug_aranges
                0x00000f48       0xa8 src\main.o
 .debug_aranges
                0x00000ff0       0x28 src\startup_stm32l443xx.o
 .debug_aranges
                0x00001018       0x78 src\stm32l4xx_hal_msp.o
 .debug_aranges
                0x00001090       0x70 src\stm32l4xx_it.o
 .debug_aranges
                0x00001100       0xb8 src\syscalls.o
 .debug_aranges
                0x000011b8       0x28 src\system_stm32l4xx.o
 .debug_aranges
                0x000011e0       0x60 src\tiny_printf.o

.debug_ranges   0x00000000     0x10b0
 .debug_ranges  0x00000000       0x20 Components\C12832\C12832Port.o
 .debug_ranges  0x00000020       0x28 Components\C12832\graphic_lcd.o
 .debug_ranges  0x00000048       0x78 Components\C12832\st7565r.o
 .debug_ranges  0x000000c0       0x50 Components\Si7006\Si7006.o
 .debug_ranges  0x00000110       0xf0 Drivers\STM32L4xx_HAL_Driver\Src\stm32l4xx_hal.o
 .debug_ranges  0x00000200       0xf8 Drivers\STM32L4xx_HAL_Driver\Src\stm32l4xx_hal_cortex.o
 .debug_ranges  0x000002f8       0x48 Drivers\STM32L4xx_HAL_Driver\Src\stm32l4xx_hal_gpio.o
 .debug_ranges  0x00000340      0x250 Drivers\STM32L4xx_HAL_Driver\Src\stm32l4xx_hal_i2c.o
 .debug_ranges  0x00000590       0x88 Drivers\STM32L4xx_HAL_Driver\Src\stm32l4xx_hal_pwr.o
 .debug_ranges  0x00000618      0x110 Drivers\STM32L4xx_HAL_Driver\Src\stm32l4xx_hal_pwr_ex.o
 .debug_ranges  0x00000728       0x78 Drivers\STM32L4xx_HAL_Driver\Src\stm32l4xx_hal_rcc.o
 .debug_ranges  0x000007a0       0xd8 Drivers\STM32L4xx_HAL_Driver\Src\stm32l4xx_hal_rcc_ex.o
 .debug_ranges  0x00000878      0x1c8 Drivers\STM32L4xx_HAL_Driver\Src\stm32l4xx_hal_spi.o
 .debug_ranges  0x00000a40      0x1a0 Middlewares\Third_Party\FreeRTOS\Source\CMSIS_RTOS\cmsis_os.o
 .debug_ranges  0x00000be0       0x30 Middlewares\Third_Party\FreeRTOS\Source\list.o
 .debug_ranges  0x00000c10       0x70 Middlewares\Third_Party\FreeRTOS\Source\portable\GCC\ARM_CM4F\port.o
 .debug_ranges  0x00000c80      0x1a0 Middlewares\Third_Party\FreeRTOS\Source\tasks.o
 .debug_ranges  0x00000e20       0x98 src\main.o
 .debug_ranges  0x00000eb8       0x20 src\startup_stm32l443xx.o
 .debug_ranges  0x00000ed8       0x68 src\stm32l4xx_hal_msp.o
 .debug_ranges  0x00000f40       0x60 src\stm32l4xx_it.o
 .debug_ranges  0x00000fa0       0xa8 src\syscalls.o
 .debug_ranges  0x00001048       0x18 src\system_stm32l4xx.o
 .debug_ranges  0x00001060       0x50 src\tiny_printf.o

.debug_line     0x00000000     0x9735
 .debug_line    0x00000000      0x386 Components\C12832\C12832Port.o
 .debug_line    0x00000386      0x294 Components\C12832\font.o
 .debug_line    0x0000061a      0x32a Components\C12832\graphic_lcd.o
 .debug_line    0x00000944      0x47c Components\C12832\st7565r.o
 .debug_line    0x00000dc0      0x272 Components\Si7006\Si7006.o
 .debug_line    0x00001032      0x4c1 Drivers\STM32L4xx_HAL_Driver\Src\stm32l4xx_hal.o
 .debug_line    0x000014f3      0x586 Drivers\STM32L4xx_HAL_Driver\Src\stm32l4xx_hal_cortex.o
 .debug_line    0x00001a79      0x449 Drivers\STM32L4xx_HAL_Driver\Src\stm32l4xx_hal_gpio.o
 .debug_line    0x00001ec2     0x13b0 Drivers\STM32L4xx_HAL_Driver\Src\stm32l4xx_hal_i2c.o
 .debug_line    0x00003272      0x41c Drivers\STM32L4xx_HAL_Driver\Src\stm32l4xx_hal_pwr.o
 .debug_line    0x0000368e      0x614 Drivers\STM32L4xx_HAL_Driver\Src\stm32l4xx_hal_pwr_ex.o
 .debug_line    0x00003ca2      0x6e5 Drivers\STM32L4xx_HAL_Driver\Src\stm32l4xx_hal_rcc.o
 .debug_line    0x00004387      0xa7c Drivers\STM32L4xx_HAL_Driver\Src\stm32l4xx_hal_rcc_ex.o
 .debug_line    0x00004e03      0xd1e Drivers\STM32L4xx_HAL_Driver\Src\stm32l4xx_hal_spi.o
 .debug_line    0x00005b21      0x94e Middlewares\Third_Party\FreeRTOS\Source\CMSIS_RTOS\cmsis_os.o
 .debug_line    0x0000646f      0x421 Middlewares\Third_Party\FreeRTOS\Source\list.o
 .debug_line    0x00006890      0x54c Middlewares\Third_Party\FreeRTOS\Source\portable\GCC\ARM_CM4F\port.o
 .debug_line    0x00006ddc      0xec8 Middlewares\Third_Party\FreeRTOS\Source\tasks.o
 .debug_line    0x00007ca4      0x876 src\main.o
 .debug_line    0x0000851a       0x7b src\startup_stm32l443xx.o
 .debug_line    0x00008595      0x42d src\stm32l4xx_hal_msp.o
 .debug_line    0x000089c2      0x38f src\stm32l4xx_it.o
 .debug_line    0x00008d51      0x49c src\syscalls.o
 .debug_line    0x000091ed      0x289 src\system_stm32l4xx.o
 .debug_line    0x00009476      0x2bf src\tiny_printf.o

.debug_str      0x00000000     0x6d28
 .debug_str     0x00000000      0xb91 Components\C12832\C12832Port.o
                                0xca6 (size before relaxing)
 .debug_str     0x00000b91       0x2b Components\C12832\font.o
                                0x676 (size before relaxing)
 .debug_str     0x00000bbc       0x82 Components\C12832\graphic_lcd.o
                                0x6ed (size before relaxing)
 .debug_str     0x00000c3e      0x17b Components\C12832\st7565r.o
                                0x846 (size before relaxing)
 .debug_str     0x00000db9      0x11e Components\Si7006\Si7006.o
                                0x75d (size before relaxing)
 .debug_str     0x00000ed7      0x7d2 Drivers\STM32L4xx_HAL_Driver\Src\stm32l4xx_hal.o
                                0xfaf (size before relaxing)
 .debug_str     0x000016a9      0x3c8 Drivers\STM32L4xx_HAL_Driver\Src\stm32l4xx_hal_cortex.o
                                0xfa1 (size before relaxing)
 .debug_str     0x00001a71      0x154 Drivers\STM32L4xx_HAL_Driver\Src\stm32l4xx_hal_gpio.o
                                0x9f9 (size before relaxing)
 .debug_str     0x00001bc5      0xa1c Drivers\STM32L4xx_HAL_Driver\Src\stm32l4xx_hal_i2c.o
                               0x12fd (size before relaxing)
 .debug_str     0x000025e1      0x267 Drivers\STM32L4xx_HAL_Driver\Src\stm32l4xx_hal_pwr.o
                                0xad2 (size before relaxing)
 .debug_str     0x00002848      0x429 Drivers\STM32L4xx_HAL_Driver\Src\stm32l4xx_hal_pwr_ex.o
                                0xc02 (size before relaxing)
 .debug_str     0x00002c71      0x368 Drivers\STM32L4xx_HAL_Driver\Src\stm32l4xx_hal_rcc.o
                                0xc45 (size before relaxing)
 .debug_str     0x00002fd9      0x5fe Drivers\STM32L4xx_HAL_Driver\Src\stm32l4xx_hal_rcc_ex.o
                                0xf8a (size before relaxing)
 .debug_str     0x000035d7      0x529 Drivers\STM32L4xx_HAL_Driver\Src\stm32l4xx_hal_spi.o
                                0xfc2 (size before relaxing)
 .debug_str     0x00003b00      0x83c Middlewares\Third_Party\FreeRTOS\Source\CMSIS_RTOS\cmsis_os.o
                                0xf48 (size before relaxing)
 .debug_str     0x0000433c      0x14f Middlewares\Third_Party\FreeRTOS\Source\list.o
                                0x7bc (size before relaxing)
 .debug_str     0x0000448b      0x244 Middlewares\Third_Party\FreeRTOS\Source\portable\GCC\ARM_CM4F\port.o
                                0x907 (size before relaxing)
 .debug_str     0x000046cf      0xb01 Middlewares\Third_Party\FreeRTOS\Source\tasks.o
                               0x135d (size before relaxing)
 .debug_str     0x000051d0      0xaad src\main.o
                               0x1bbf (size before relaxing)
 .debug_str     0x00005c7d      0x7b3 src\stm32l4xx_hal_msp.o
                               0x1ad8 (size before relaxing)
 .debug_str     0x00006430      0x5a0 src\stm32l4xx_it.o
                                0xe74 (size before relaxing)
 .debug_str     0x000069d0      0x284 src\syscalls.o
                                0x99d (size before relaxing)
 .debug_str     0x00006c54       0x3b src\system_stm32l4xx.o
                                0x846 (size before relaxing)
 .debug_str     0x00006c8f       0x99 src\tiny_printf.o
                                0x693 (size before relaxing)

.comment        0x00000000       0x7c
 .comment       0x00000000       0x7c Components\C12832\C12832Port.o
                                 0x7d (size before relaxing)
 .comment       0x0000007c       0x7d Components\C12832\font.o
 .comment       0x0000007c       0x7d Components\C12832\graphic_lcd.o
 .comment       0x0000007c       0x7d Components\C12832\st7565r.o
 .comment       0x0000007c       0x7d Components\Si7006\Si7006.o
 .comment       0x0000007c       0x7d Drivers\STM32L4xx_HAL_Driver\Src\stm32l4xx_hal.o
 .comment       0x0000007c       0x7d Drivers\STM32L4xx_HAL_Driver\Src\stm32l4xx_hal_cortex.o
 .comment       0x0000007c       0x7d Drivers\STM32L4xx_HAL_Driver\Src\stm32l4xx_hal_gpio.o
 .comment       0x0000007c       0x7d Drivers\STM32L4xx_HAL_Driver\Src\stm32l4xx_hal_i2c.o
 .comment       0x0000007c       0x7d Drivers\STM32L4xx_HAL_Driver\Src\stm32l4xx_hal_pwr.o
 .comment       0x0000007c       0x7d Drivers\STM32L4xx_HAL_Driver\Src\stm32l4xx_hal_pwr_ex.o
 .comment       0x0000007c       0x7d Drivers\STM32L4xx_HAL_Driver\Src\stm32l4xx_hal_rcc.o
 .comment       0x0000007c       0x7d Drivers\STM32L4xx_HAL_Driver\Src\stm32l4xx_hal_rcc_ex.o
 .comment       0x0000007c       0x7d Drivers\STM32L4xx_HAL_Driver\Src\stm32l4xx_hal_spi.o
 .comment       0x0000007c       0x7d Middlewares\Third_Party\FreeRTOS\Source\CMSIS_RTOS\cmsis_os.o
 .comment       0x0000007c       0x7d Middlewares\Third_Party\FreeRTOS\Source\list.o
 .comment       0x0000007c       0x7d Middlewares\Third_Party\FreeRTOS\Source\portable\GCC\ARM_CM4F\port.o
 .comment       0x0000007c       0x7d Middlewares\Third_Party\FreeRTOS\Source\tasks.o
 .comment       0x0000007c       0x7d src\main.o
 .comment       0x0000007c       0x7d src\stm32l4xx_hal_msp.o
 .comment       0x0000007c       0x7d src\stm32l4xx_it.o
 .comment       0x0000007c       0x7d src\syscalls.o
 .comment       0x0000007c       0x7d src\system_stm32l4xx.o
 .comment       0x0000007c       0x7d src\tiny_printf.o

.debug_frame    0x00000000     0x4aa8
 .debug_frame   0x00000000       0x7c Components\C12832\C12832Port.o
 .debug_frame   0x0000007c       0x98 Components\C12832\graphic_lcd.o
 .debug_frame   0x00000114      0x1d0 Components\C12832\st7565r.o
 .debug_frame   0x000002e4      0x15c Components\Si7006\Si7006.o
 .debug_frame   0x00000440      0x3cc Drivers\STM32L4xx_HAL_Driver\Src\stm32l4xx_hal.o
 .debug_frame   0x0000080c      0x450 Drivers\STM32L4xx_HAL_Driver\Src\stm32l4xx_hal_cortex.o
 .debug_frame   0x00000c5c      0x14c Drivers\STM32L4xx_HAL_Driver\Src\stm32l4xx_hal_gpio.o
 .debug_frame   0x00000da8      0xafc Drivers\STM32L4xx_HAL_Driver\Src\stm32l4xx_hal_i2c.o
 .debug_frame   0x000018a4      0x230 Drivers\STM32L4xx_HAL_Driver\Src\stm32l4xx_hal_pwr.o
 .debug_frame   0x00001ad4      0x484 Drivers\STM32L4xx_HAL_Driver\Src\stm32l4xx_hal_pwr_ex.o
 .debug_frame   0x00001f58      0x204 Drivers\STM32L4xx_HAL_Driver\Src\stm32l4xx_hal_rcc.o
 .debug_frame   0x0000215c      0x3ac Drivers\STM32L4xx_HAL_Driver\Src\stm32l4xx_hal_rcc_ex.o
 .debug_frame   0x00002508      0x854 Drivers\STM32L4xx_HAL_Driver\Src\stm32l4xx_hal_spi.o
 .debug_frame   0x00002d5c      0x750 Middlewares\Third_Party\FreeRTOS\Source\CMSIS_RTOS\cmsis_os.o
 .debug_frame   0x000034ac       0xd8 Middlewares\Third_Party\FreeRTOS\Source\list.o
 .debug_frame   0x00003584      0x19c Middlewares\Third_Party\FreeRTOS\Source\portable\GCC\ARM_CM4F\port.o
 .debug_frame   0x00003720      0x75c Middlewares\Third_Party\FreeRTOS\Source\tasks.o
 .debug_frame   0x00003e7c      0x27c src\main.o
 .debug_frame   0x000040f8      0x1d8 src\stm32l4xx_hal_msp.o
 .debug_frame   0x000042d0      0x14c src\stm32l4xx_it.o
 .debug_frame   0x0000441c      0x30c src\syscalls.o
 .debug_frame   0x00004728       0x58 src\system_stm32l4xx.o
 .debug_frame   0x00004780      0x1bc src\tiny_printf.o
 .debug_frame   0x0000493c       0x2c c:/program files (x86)/atollic/truestudio for stm32 9.2.0/armtools/bin/../lib/gcc/arm-atollic-eabi/6.3.1/../../../../arm-atollic-eabi/lib/armv7e-m/fpu\libc_nano.a(lib_a-init.o)
 .debug_frame   0x00004968       0x20 c:/program files (x86)/atollic/truestudio for stm32 9.2.0/armtools/bin/../lib/gcc/arm-atollic-eabi/6.3.1/../../../../arm-atollic-eabi/lib/armv7e-m/fpu\libc_nano.a(lib_a-memset.o)
 .debug_frame   0x00004988       0xac c:/program files (x86)/atollic/truestudio for stm32 9.2.0/armtools/bin/../lib/gcc/arm-atollic-eabi/6.3.1/armv7e-m/fpu\libgcc.a(_arm_addsubdf3.o)
 .debug_frame   0x00004a34       0x50 c:/program files (x86)/atollic/truestudio for stm32 9.2.0/armtools/bin/../lib/gcc/arm-atollic-eabi/6.3.1/armv7e-m/fpu\libgcc.a(_arm_muldivdf3.o)
 .debug_frame   0x00004a84       0x24 c:/program files (x86)/atollic/truestudio for stm32 9.2.0/armtools/bin/../lib/gcc/arm-atollic-eabi/6.3.1/armv7e-m/fpu\libgcc.a(_arm_truncdfsf2.o)

Cross Reference Table

Symbol                                            File
ADC1_IRQHandler                                   src\startup_stm32l443xx.o
AES_IRQHandler                                    src\startup_stm32l443xx.o
AHBPrescTable                                     src\system_stm32l4xx.o
                                                  Drivers\STM32L4xx_HAL_Driver\Src\stm32l4xx_hal_rcc.o
APBPrescTable                                     src\system_stm32l4xx.o
                                                  Drivers\STM32L4xx_HAL_Driver\Src\stm32l4xx_hal_rcc.o
BusFault_Handler                                  src\stm32l4xx_it.o
                                                  src\startup_stm32l443xx.o
CAN1_RX0_IRQHandler                               src\startup_stm32l443xx.o
CAN1_RX1_IRQHandler                               src\startup_stm32l443xx.o
CAN1_SCE_IRQHandler                               src\startup_stm32l443xx.o
CAN1_TX_IRQHandler                                src\startup_stm32l443xx.o
COMP_IRQHandler                                   src\startup_stm32l443xx.o
CRS_IRQHandler                                    src\startup_stm32l443xx.o
DMA1_Channel1_IRQHandler                          src\startup_stm32l443xx.o
DMA1_Channel2_IRQHandler                          src\startup_stm32l443xx.o
DMA1_Channel3_IRQHandler                          src\startup_stm32l443xx.o
DMA1_Channel4_IRQHandler                          src\startup_stm32l443xx.o
DMA1_Channel5_IRQHandler                          src\startup_stm32l443xx.o
DMA1_Channel6_IRQHandler                          src\startup_stm32l443xx.o
DMA1_Channel7_IRQHandler                          src\startup_stm32l443xx.o
DMA2_Channel1_IRQHandler                          src\stm32l4xx_it.o
                                                  src\startup_stm32l443xx.o
DMA2_Channel2_IRQHandler                          src\stm32l4xx_it.o
                                                  src\startup_stm32l443xx.o
DMA2_Channel3_IRQHandler                          src\startup_stm32l443xx.o
DMA2_Channel4_IRQHandler                          src\startup_stm32l443xx.o
DMA2_Channel5_IRQHandler                          src\startup_stm32l443xx.o
DMA2_Channel6_IRQHandler                          src\startup_stm32l443xx.o
DMA2_Channel7_IRQHandler                          src\startup_stm32l443xx.o
DebugMon_Handler                                  src\stm32l4xx_it.o
                                                  src\startup_stm32l443xx.o
Default_Handler                                   src\startup_stm32l443xx.o
EXTI0_IRQHandler                                  src\startup_stm32l443xx.o
EXTI15_10_IRQHandler                              src\startup_stm32l443xx.o
EXTI1_IRQHandler                                  src\startup_stm32l443xx.o
EXTI2_IRQHandler                                  src\startup_stm32l443xx.o
EXTI3_IRQHandler                                  src\startup_stm32l443xx.o
EXTI4_IRQHandler                                  src\startup_stm32l443xx.o
EXTI9_5_IRQHandler                                src\startup_stm32l443xx.o
Error_Handler                                     src\main.o
                                                  src\usbd_conf.o
                                                  src\stm32l4xx_hal_msp.o
                                                  Components\C12832\C12832Port.o
FLASH_FlushCaches                                 Drivers\STM32L4xx_HAL_Driver\Src\stm32l4xx_hal_flash_ex.o
                                                  Drivers\STM32L4xx_HAL_Driver\Src\stm32l4xx_hal_flash.o
FLASH_IRQHandler                                  src\startup_stm32l443xx.o
FLASH_PageErase                                   Drivers\STM32L4xx_HAL_Driver\Src\stm32l4xx_hal_flash_ex.o
                                                  Drivers\STM32L4xx_HAL_Driver\Src\stm32l4xx_hal_flash.o
FLASH_WaitForLastOperation                        Drivers\STM32L4xx_HAL_Driver\Src\stm32l4xx_hal_flash.o
                                                  Drivers\STM32L4xx_HAL_Driver\Src\stm32l4xx_hal_flash_ex.o
FPU_IRQHandler                                    src\startup_stm32l443xx.o
FS_Desc                                           src\usbd_desc.o
                                                  src\usb_device.o
HAL_DBGMCU_DisableDBGSleepMode                    Drivers\STM32L4xx_HAL_Driver\Src\stm32l4xx_hal.o
HAL_DBGMCU_DisableDBGStandbyMode                  Drivers\STM32L4xx_HAL_Driver\Src\stm32l4xx_hal.o
HAL_DBGMCU_DisableDBGStopMode                     Drivers\STM32L4xx_HAL_Driver\Src\stm32l4xx_hal.o
HAL_DBGMCU_EnableDBGSleepMode                     Drivers\STM32L4xx_HAL_Driver\Src\stm32l4xx_hal.o
HAL_DBGMCU_EnableDBGStandbyMode                   Drivers\STM32L4xx_HAL_Driver\Src\stm32l4xx_hal.o
HAL_DBGMCU_EnableDBGStopMode                      Drivers\STM32L4xx_HAL_Driver\Src\stm32l4xx_hal.o
HAL_DMA_Abort                                     Drivers\STM32L4xx_HAL_Driver\Src\stm32l4xx_hal_dma.o
                                                  Drivers\STM32L4xx_HAL_Driver\Src\stm32l4xx_hal_uart.o
                                                  Drivers\STM32L4xx_HAL_Driver\Src\stm32l4xx_hal_tim.o
                                                  Drivers\STM32L4xx_HAL_Driver\Src\stm32l4xx_hal_spi.o
                                                  Drivers\STM32L4xx_HAL_Driver\Src\stm32l4xx_hal_sai.o
HAL_DMA_Abort_IT                                  Drivers\STM32L4xx_HAL_Driver\Src\stm32l4xx_hal_dma.o
                                                  Drivers\STM32L4xx_HAL_Driver\Src\stm32l4xx_hal_uart.o
                                                  Drivers\STM32L4xx_HAL_Driver\Src\stm32l4xx_hal_spi.o
                                                  Drivers\STM32L4xx_HAL_Driver\Src\stm32l4xx_hal_sai.o
                                                  Drivers\STM32L4xx_HAL_Driver\Src\stm32l4xx_hal_i2c.o
HAL_DMA_DeInit                                    Drivers\STM32L4xx_HAL_Driver\Src\stm32l4xx_hal_dma.o
                                                  src\stm32l4xx_hal_msp.o
HAL_DMA_GetError                                  Drivers\STM32L4xx_HAL_Driver\Src\stm32l4xx_hal_dma.o
HAL_DMA_GetState                                  Drivers\STM32L4xx_HAL_Driver\Src\stm32l4xx_hal_dma.o
HAL_DMA_IRQHandler                                Drivers\STM32L4xx_HAL_Driver\Src\stm32l4xx_hal_dma.o
HAL_DMA_Init                                      Drivers\STM32L4xx_HAL_Driver\Src\stm32l4xx_hal_dma.o
                                                  src\stm32l4xx_hal_msp.o
HAL_DMA_PollForTransfer                           Drivers\STM32L4xx_HAL_Driver\Src\stm32l4xx_hal_dma.o
HAL_DMA_RegisterCallback                          Drivers\STM32L4xx_HAL_Driver\Src\stm32l4xx_hal_dma.o
HAL_DMA_Start                                     Drivers\STM32L4xx_HAL_Driver\Src\stm32l4xx_hal_dma.o
HAL_DMA_Start_IT                                  Drivers\STM32L4xx_HAL_Driver\Src\stm32l4xx_hal_dma.o
                                                  Drivers\STM32L4xx_HAL_Driver\Src\stm32l4xx_hal_uart.o
                                                  Drivers\STM32L4xx_HAL_Driver\Src\stm32l4xx_hal_tim_ex.o
                                                  Drivers\STM32L4xx_HAL_Driver\Src\stm32l4xx_hal_tim.o
                                                  Drivers\STM32L4xx_HAL_Driver\Src\stm32l4xx_hal_spi.o
                                                  Drivers\STM32L4xx_HAL_Driver\Src\stm32l4xx_hal_sai.o
                                                  Drivers\STM32L4xx_HAL_Driver\Src\stm32l4xx_hal_i2c.o
HAL_DMA_UnRegisterCallback                        Drivers\STM32L4xx_HAL_Driver\Src\stm32l4xx_hal_dma.o
HAL_DeInit                                        Drivers\STM32L4xx_HAL_Driver\Src\stm32l4xx_hal.o
HAL_Delay                                         Drivers\STM32L4xx_HAL_Driver\Src\stm32l4xx_hal.o
                                                  src\usbd_conf.o
                                                  src\main.o
                                                  Middlewares\ST\STM32_USB_Device_Library\Class\DFU\Src\usbd_dfu.o
                                                  Drivers\STM32L4xx_HAL_Driver\Src\stm32l4xx_hal_pcd_ex.o
                                                  Components\NRF24L01p\port\NRF24L01pPort.o
HAL_FLASHEx_DisableRunPowerDown                   Drivers\STM32L4xx_HAL_Driver\Src\stm32l4xx_hal_flash_ramfunc.o
HAL_FLASHEx_EnableRunPowerDown                    Drivers\STM32L4xx_HAL_Driver\Src\stm32l4xx_hal_flash_ramfunc.o
HAL_FLASHEx_Erase                                 Drivers\STM32L4xx_HAL_Driver\Src\stm32l4xx_hal_flash_ex.o
HAL_FLASHEx_Erase_IT                              Drivers\STM32L4xx_HAL_Driver\Src\stm32l4xx_hal_flash_ex.o
HAL_FLASHEx_OBGetConfig                           Drivers\STM32L4xx_HAL_Driver\Src\stm32l4xx_hal_flash_ex.o
HAL_FLASHEx_OBProgram                             Drivers\STM32L4xx_HAL_Driver\Src\stm32l4xx_hal_flash_ex.o
HAL_FLASH_EndOfOperationCallback                  Drivers\STM32L4xx_HAL_Driver\Src\stm32l4xx_hal_flash.o
HAL_FLASH_GetError                                Drivers\STM32L4xx_HAL_Driver\Src\stm32l4xx_hal_flash.o
HAL_FLASH_IRQHandler                              Drivers\STM32L4xx_HAL_Driver\Src\stm32l4xx_hal_flash.o
HAL_FLASH_Lock                                    Drivers\STM32L4xx_HAL_Driver\Src\stm32l4xx_hal_flash.o
HAL_FLASH_OB_Launch                               Drivers\STM32L4xx_HAL_Driver\Src\stm32l4xx_hal_flash.o
HAL_FLASH_OB_Lock                                 Drivers\STM32L4xx_HAL_Driver\Src\stm32l4xx_hal_flash.o
HAL_FLASH_OB_Unlock                               Drivers\STM32L4xx_HAL_Driver\Src\stm32l4xx_hal_flash.o
HAL_FLASH_OperationErrorCallback                  Drivers\STM32L4xx_HAL_Driver\Src\stm32l4xx_hal_flash.o
HAL_FLASH_Program                                 Drivers\STM32L4xx_HAL_Driver\Src\stm32l4xx_hal_flash.o
HAL_FLASH_Program_IT                              Drivers\STM32L4xx_HAL_Driver\Src\stm32l4xx_hal_flash.o
HAL_FLASH_Unlock                                  Drivers\STM32L4xx_HAL_Driver\Src\stm32l4xx_hal_flash.o
HAL_GPIO_DeInit                                   Drivers\STM32L4xx_HAL_Driver\Src\stm32l4xx_hal_gpio.o
                                                  src\stm32l4xx_hal_msp.o
HAL_GPIO_EXTI_Callback                            Drivers\STM32L4xx_HAL_Driver\Src\stm32l4xx_hal_gpio.o
HAL_GPIO_EXTI_IRQHandler                          Drivers\STM32L4xx_HAL_Driver\Src\stm32l4xx_hal_gpio.o
HAL_GPIO_Init                                     Drivers\STM32L4xx_HAL_Driver\Src\stm32l4xx_hal_gpio.o
                                                  src\stm32l4xx_hal_msp.o
                                                  src\main.o
                                                  Drivers\STM32L4xx_HAL_Driver\Src\stm32l4xx_hal_rcc_ex.o
                                                  Drivers\STM32L4xx_HAL_Driver\Src\stm32l4xx_hal_rcc.o
                                                  Components\NRF24L01p\port\NRF24L01pPort.o
                                                  Components\C12832\C12832Port.o
HAL_GPIO_LockPin                                  Drivers\STM32L4xx_HAL_Driver\Src\stm32l4xx_hal_gpio.o
HAL_GPIO_ReadPin                                  Drivers\STM32L4xx_HAL_Driver\Src\stm32l4xx_hal_gpio.o
                                                  src\main.o
                                                  Components\NRF24L01p\port\NRF24L01pPort.o
HAL_GPIO_TogglePin                                Drivers\STM32L4xx_HAL_Driver\Src\stm32l4xx_hal_gpio.o
HAL_GPIO_WritePin                                 Drivers\STM32L4xx_HAL_Driver\Src\stm32l4xx_hal_gpio.o
                                                  src\main.o
                                                  Components\NRF24L01p\port\NRF24L01pPort.o
                                                  Components\C12832\st7565r.o
                                                  Components\C12832\C12832Port.o
HAL_GetDEVID                                      Drivers\STM32L4xx_HAL_Driver\Src\stm32l4xx_hal.o
HAL_GetHalVersion                                 Drivers\STM32L4xx_HAL_Driver\Src\stm32l4xx_hal.o
HAL_GetREVID                                      Drivers\STM32L4xx_HAL_Driver\Src\stm32l4xx_hal.o
HAL_GetTick                                       Drivers\STM32L4xx_HAL_Driver\Src\stm32l4xx_hal.o
                                                  Drivers\STM32L4xx_HAL_Driver\Src\stm32l4xx_hal_uart_ex.o
                                                  Drivers\STM32L4xx_HAL_Driver\Src\stm32l4xx_hal_uart.o
                                                  Drivers\STM32L4xx_HAL_Driver\Src\stm32l4xx_hal_spi.o
                                                  Drivers\STM32L4xx_HAL_Driver\Src\stm32l4xx_hal_smbus.o
                                                  Drivers\STM32L4xx_HAL_Driver\Src\stm32l4xx_hal_sai.o
                                                  Drivers\STM32L4xx_HAL_Driver\Src\stm32l4xx_hal_rtc_ex.o
                                                  Drivers\STM32L4xx_HAL_Driver\Src\stm32l4xx_hal_rtc.o
                                                  Drivers\STM32L4xx_HAL_Driver\Src\stm32l4xx_hal_rcc_ex.o
                                                  Drivers\STM32L4xx_HAL_Driver\Src\stm32l4xx_hal_rcc.o
                                                  Drivers\STM32L4xx_HAL_Driver\Src\stm32l4xx_hal_pcd_ex.o
                                                  Drivers\STM32L4xx_HAL_Driver\Src\stm32l4xx_hal_i2c.o
                                                  Drivers\STM32L4xx_HAL_Driver\Src\stm32l4xx_hal_flash.o
                                                  Drivers\STM32L4xx_HAL_Driver\Src\stm32l4xx_hal_dma.o
                                                  Components\NRF24L01p\port\NRF24L01pPort.o
HAL_HalfDuplex_EnableReceiver                     Drivers\STM32L4xx_HAL_Driver\Src\stm32l4xx_hal_uart.o
HAL_HalfDuplex_EnableTransmitter                  Drivers\STM32L4xx_HAL_Driver\Src\stm32l4xx_hal_uart.o
HAL_HalfDuplex_Init                               Drivers\STM32L4xx_HAL_Driver\Src\stm32l4xx_hal_uart.o
HAL_I2CEx_ConfigAnalogFilter                      Drivers\STM32L4xx_HAL_Driver\Src\stm32l4xx_hal_i2c_ex.o
HAL_I2CEx_ConfigDigitalFilter                     Drivers\STM32L4xx_HAL_Driver\Src\stm32l4xx_hal_i2c_ex.o
HAL_I2CEx_DisableFastModePlus                     Drivers\STM32L4xx_HAL_Driver\Src\stm32l4xx_hal_i2c_ex.o
HAL_I2CEx_DisableWakeUp                           Drivers\STM32L4xx_HAL_Driver\Src\stm32l4xx_hal_i2c_ex.o
HAL_I2CEx_EnableFastModePlus                      Drivers\STM32L4xx_HAL_Driver\Src\stm32l4xx_hal_i2c_ex.o
HAL_I2CEx_EnableWakeUp                            Drivers\STM32L4xx_HAL_Driver\Src\stm32l4xx_hal_i2c_ex.o
HAL_I2C_AbortCpltCallback                         Drivers\STM32L4xx_HAL_Driver\Src\stm32l4xx_hal_i2c.o
HAL_I2C_AddrCallback                              Drivers\STM32L4xx_HAL_Driver\Src\stm32l4xx_hal_i2c.o
HAL_I2C_DeInit                                    Drivers\STM32L4xx_HAL_Driver\Src\stm32l4xx_hal_i2c.o
HAL_I2C_DisableListen_IT                          Drivers\STM32L4xx_HAL_Driver\Src\stm32l4xx_hal_i2c.o
HAL_I2C_ER_IRQHandler                             Drivers\STM32L4xx_HAL_Driver\Src\stm32l4xx_hal_i2c.o
HAL_I2C_EV_IRQHandler                             Drivers\STM32L4xx_HAL_Driver\Src\stm32l4xx_hal_i2c.o
HAL_I2C_EnableListen_IT                           Drivers\STM32L4xx_HAL_Driver\Src\stm32l4xx_hal_i2c.o
HAL_I2C_ErrorCallback                             Drivers\STM32L4xx_HAL_Driver\Src\stm32l4xx_hal_i2c.o
HAL_I2C_GetError                                  Drivers\STM32L4xx_HAL_Driver\Src\stm32l4xx_hal_i2c.o
HAL_I2C_GetMode                                   Drivers\STM32L4xx_HAL_Driver\Src\stm32l4xx_hal_i2c.o
HAL_I2C_GetState                                  Drivers\STM32L4xx_HAL_Driver\Src\stm32l4xx_hal_i2c.o
HAL_I2C_Init                                      Drivers\STM32L4xx_HAL_Driver\Src\stm32l4xx_hal_i2c.o
                                                  src\main.o
HAL_I2C_IsDeviceReady                             Drivers\STM32L4xx_HAL_Driver\Src\stm32l4xx_hal_i2c.o
                                                  src\main.o
HAL_I2C_ListenCpltCallback                        Drivers\STM32L4xx_HAL_Driver\Src\stm32l4xx_hal_i2c.o
HAL_I2C_MasterRxCpltCallback                      Drivers\STM32L4xx_HAL_Driver\Src\stm32l4xx_hal_i2c.o
HAL_I2C_MasterTxCpltCallback                      Drivers\STM32L4xx_HAL_Driver\Src\stm32l4xx_hal_i2c.o
HAL_I2C_Master_Abort_IT                           Drivers\STM32L4xx_HAL_Driver\Src\stm32l4xx_hal_i2c.o
HAL_I2C_Master_Receive                            Drivers\STM32L4xx_HAL_Driver\Src\stm32l4xx_hal_i2c.o
                                                  src\main.o
HAL_I2C_Master_Receive_DMA                        Drivers\STM32L4xx_HAL_Driver\Src\stm32l4xx_hal_i2c.o
HAL_I2C_Master_Receive_IT                         Drivers\STM32L4xx_HAL_Driver\Src\stm32l4xx_hal_i2c.o
HAL_I2C_Master_Sequential_Receive_IT              Drivers\STM32L4xx_HAL_Driver\Src\stm32l4xx_hal_i2c.o
HAL_I2C_Master_Sequential_Transmit_IT             Drivers\STM32L4xx_HAL_Driver\Src\stm32l4xx_hal_i2c.o
HAL_I2C_Master_Transmit                           Drivers\STM32L4xx_HAL_Driver\Src\stm32l4xx_hal_i2c.o
                                                  src\main.o
HAL_I2C_Master_Transmit_DMA                       Drivers\STM32L4xx_HAL_Driver\Src\stm32l4xx_hal_i2c.o
HAL_I2C_Master_Transmit_IT                        Drivers\STM32L4xx_HAL_Driver\Src\stm32l4xx_hal_i2c.o
HAL_I2C_MemRxCpltCallback                         Drivers\STM32L4xx_HAL_Driver\Src\stm32l4xx_hal_i2c.o
HAL_I2C_MemTxCpltCallback                         Drivers\STM32L4xx_HAL_Driver\Src\stm32l4xx_hal_i2c.o
HAL_I2C_Mem_Read                                  Drivers\STM32L4xx_HAL_Driver\Src\stm32l4xx_hal_i2c.o
HAL_I2C_Mem_Read_DMA                              Drivers\STM32L4xx_HAL_Driver\Src\stm32l4xx_hal_i2c.o
HAL_I2C_Mem_Read_IT                               Drivers\STM32L4xx_HAL_Driver\Src\stm32l4xx_hal_i2c.o
HAL_I2C_Mem_Write                                 Drivers\STM32L4xx_HAL_Driver\Src\stm32l4xx_hal_i2c.o
HAL_I2C_Mem_Write_DMA                             Drivers\STM32L4xx_HAL_Driver\Src\stm32l4xx_hal_i2c.o
HAL_I2C_Mem_Write_IT                              Drivers\STM32L4xx_HAL_Driver\Src\stm32l4xx_hal_i2c.o
HAL_I2C_MspDeInit                                 Drivers\STM32L4xx_HAL_Driver\Src\stm32l4xx_hal_i2c.o
HAL_I2C_MspInit                                   src\stm32l4xx_hal_msp.o
                                                  Drivers\STM32L4xx_HAL_Driver\Src\stm32l4xx_hal_i2c.o
                                                  src\main.o
HAL_I2C_SlaveRxCpltCallback                       Drivers\STM32L4xx_HAL_Driver\Src\stm32l4xx_hal_i2c.o
HAL_I2C_SlaveTxCpltCallback                       Drivers\STM32L4xx_HAL_Driver\Src\stm32l4xx_hal_i2c.o
HAL_I2C_Slave_Receive                             Drivers\STM32L4xx_HAL_Driver\Src\stm32l4xx_hal_i2c.o
HAL_I2C_Slave_Receive_DMA                         Drivers\STM32L4xx_HAL_Driver\Src\stm32l4xx_hal_i2c.o
HAL_I2C_Slave_Receive_IT                          Drivers\STM32L4xx_HAL_Driver\Src\stm32l4xx_hal_i2c.o
HAL_I2C_Slave_Sequential_Receive_IT               Drivers\STM32L4xx_HAL_Driver\Src\stm32l4xx_hal_i2c.o
HAL_I2C_Slave_Sequential_Transmit_IT              Drivers\STM32L4xx_HAL_Driver\Src\stm32l4xx_hal_i2c.o
HAL_I2C_Slave_Transmit                            Drivers\STM32L4xx_HAL_Driver\Src\stm32l4xx_hal_i2c.o
HAL_I2C_Slave_Transmit_DMA                        Drivers\STM32L4xx_HAL_Driver\Src\stm32l4xx_hal_i2c.o
HAL_I2C_Slave_Transmit_IT                         Drivers\STM32L4xx_HAL_Driver\Src\stm32l4xx_hal_i2c.o
HAL_IncTick                                       Drivers\STM32L4xx_HAL_Driver\Src\stm32l4xx_hal.o
                                                  src\stm32l4xx_it.o
HAL_Init                                          Drivers\STM32L4xx_HAL_Driver\Src\stm32l4xx_hal.o
                                                  src\main.o
HAL_InitTick                                      Drivers\STM32L4xx_HAL_Driver\Src\stm32l4xx_hal.o
                                                  Drivers\STM32L4xx_HAL_Driver\Src\stm32l4xx_hal_rcc.o
HAL_LIN_Init                                      Drivers\STM32L4xx_HAL_Driver\Src\stm32l4xx_hal_uart.o
HAL_LIN_SendBreak                                 Drivers\STM32L4xx_HAL_Driver\Src\stm32l4xx_hal_uart.o
HAL_MPU_ConfigRegion                              Drivers\STM32L4xx_HAL_Driver\Src\stm32l4xx_hal_cortex.o
HAL_MspDeInit                                     Drivers\STM32L4xx_HAL_Driver\Src\stm32l4xx_hal.o
HAL_MspInit                                       src\stm32l4xx_hal_msp.o
                                                  Drivers\STM32L4xx_HAL_Driver\Src\stm32l4xx_hal.o
HAL_MultiProcessorEx_AddressLength_Set            Drivers\STM32L4xx_HAL_Driver\Src\stm32l4xx_hal_uart_ex.o
HAL_MultiProcessor_DisableMuteMode                Drivers\STM32L4xx_HAL_Driver\Src\stm32l4xx_hal_uart.o
HAL_MultiProcessor_EnableMuteMode                 Drivers\STM32L4xx_HAL_Driver\Src\stm32l4xx_hal_uart.o
HAL_MultiProcessor_EnterMuteMode                  Drivers\STM32L4xx_HAL_Driver\Src\stm32l4xx_hal_uart.o
HAL_MultiProcessor_Init                           Drivers\STM32L4xx_HAL_Driver\Src\stm32l4xx_hal_uart.o
HAL_NVIC_ClearPendingIRQ                          Drivers\STM32L4xx_HAL_Driver\Src\stm32l4xx_hal_cortex.o
HAL_NVIC_DisableIRQ                               Drivers\STM32L4xx_HAL_Driver\Src\stm32l4xx_hal_cortex.o
                                                  src\usbd_conf.o
HAL_NVIC_EnableIRQ                                Drivers\STM32L4xx_HAL_Driver\Src\stm32l4xx_hal_cortex.o
                                                  src\usbd_conf.o
HAL_NVIC_GetActive                                Drivers\STM32L4xx_HAL_Driver\Src\stm32l4xx_hal_cortex.o
HAL_NVIC_GetPendingIRQ                            Drivers\STM32L4xx_HAL_Driver\Src\stm32l4xx_hal_cortex.o
HAL_NVIC_GetPriority                              Drivers\STM32L4xx_HAL_Driver\Src\stm32l4xx_hal_cortex.o
HAL_NVIC_GetPriorityGrouping                      Drivers\STM32L4xx_HAL_Driver\Src\stm32l4xx_hal_cortex.o
HAL_NVIC_SetPendingIRQ                            Drivers\STM32L4xx_HAL_Driver\Src\stm32l4xx_hal_cortex.o
HAL_NVIC_SetPriority                              Drivers\STM32L4xx_HAL_Driver\Src\stm32l4xx_hal_cortex.o
                                                  src\usbd_conf.o
                                                  src\stm32l4xx_hal_msp.o
                                                  Drivers\STM32L4xx_HAL_Driver\Src\stm32l4xx_hal.o
HAL_NVIC_SetPriorityGrouping                      Drivers\STM32L4xx_HAL_Driver\Src\stm32l4xx_hal_cortex.o
                                                  Drivers\STM32L4xx_HAL_Driver\Src\stm32l4xx_hal.o
HAL_NVIC_SystemReset                              Drivers\STM32L4xx_HAL_Driver\Src\stm32l4xx_hal_cortex.o
HAL_PCDEx_ActivateBCD                             Drivers\STM32L4xx_HAL_Driver\Src\stm32l4xx_hal_pcd_ex.o
                                                  Drivers\STM32L4xx_HAL_Driver\Src\stm32l4xx_hal_pcd.o
HAL_PCDEx_ActivateLPM                             Drivers\STM32L4xx_HAL_Driver\Src\stm32l4xx_hal_pcd_ex.o
                                                  Drivers\STM32L4xx_HAL_Driver\Src\stm32l4xx_hal_pcd.o
HAL_PCDEx_BCD_Callback                            src\usb_device.o
                                                  Drivers\STM32L4xx_HAL_Driver\Src\stm32l4xx_hal_pcd_ex.o
HAL_PCDEx_BCD_VBUSDetect                          Drivers\STM32L4xx_HAL_Driver\Src\stm32l4xx_hal_pcd_ex.o
HAL_PCDEx_DeActivateBCD                           Drivers\STM32L4xx_HAL_Driver\Src\stm32l4xx_hal_pcd_ex.o
HAL_PCDEx_DeActivateLPM                           Drivers\STM32L4xx_HAL_Driver\Src\stm32l4xx_hal_pcd_ex.o
HAL_PCDEx_LPM_Callback                            src\usbd_conf.o
                                                  Drivers\STM32L4xx_HAL_Driver\Src\stm32l4xx_hal_pcd_ex.o
                                                  Drivers\STM32L4xx_HAL_Driver\Src\stm32l4xx_hal_pcd.o
HAL_PCDEx_PMAConfig                               Drivers\STM32L4xx_HAL_Driver\Src\stm32l4xx_hal_pcd_ex.o
                                                  src\usbd_conf.o
HAL_PCDEx_SetConnectionState                      src\usbd_conf.o
HAL_PCD_ActivateRemoteWakeup                      Drivers\STM32L4xx_HAL_Driver\Src\stm32l4xx_hal_pcd.o
HAL_PCD_ConnectCallback                           src\usbd_conf.o
                                                  Drivers\STM32L4xx_HAL_Driver\Src\stm32l4xx_hal_pcd.o
HAL_PCD_DataInStageCallback                       src\usbd_conf.o
                                                  Drivers\STM32L4xx_HAL_Driver\Src\stm32l4xx_hal_pcd.o
HAL_PCD_DataOutStageCallback                      src\usbd_conf.o
                                                  Drivers\STM32L4xx_HAL_Driver\Src\stm32l4xx_hal_pcd.o
HAL_PCD_DeActivateRemoteWakeup                    Drivers\STM32L4xx_HAL_Driver\Src\stm32l4xx_hal_pcd.o
HAL_PCD_DeInit                                    Drivers\STM32L4xx_HAL_Driver\Src\stm32l4xx_hal_pcd.o
                                                  src\usbd_conf.o
HAL_PCD_DevConnect                                Drivers\STM32L4xx_HAL_Driver\Src\stm32l4xx_hal_pcd.o
HAL_PCD_DevDisconnect                             Drivers\STM32L4xx_HAL_Driver\Src\stm32l4xx_hal_pcd.o
HAL_PCD_DisconnectCallback                        src\usbd_conf.o
                                                  Drivers\STM32L4xx_HAL_Driver\Src\stm32l4xx_hal_pcd.o
HAL_PCD_EP_Close                                  Drivers\STM32L4xx_HAL_Driver\Src\stm32l4xx_hal_pcd.o
                                                  src\usbd_conf.o
HAL_PCD_EP_ClrStall                               Drivers\STM32L4xx_HAL_Driver\Src\stm32l4xx_hal_pcd.o
                                                  src\usbd_conf.o
HAL_PCD_EP_Flush                                  Drivers\STM32L4xx_HAL_Driver\Src\stm32l4xx_hal_pcd.o
                                                  src\usbd_conf.o
HAL_PCD_EP_GetRxCount                             Drivers\STM32L4xx_HAL_Driver\Src\stm32l4xx_hal_pcd.o
                                                  src\usbd_conf.o
HAL_PCD_EP_Open                                   Drivers\STM32L4xx_HAL_Driver\Src\stm32l4xx_hal_pcd.o
                                                  src\usbd_conf.o
HAL_PCD_EP_Receive                                Drivers\STM32L4xx_HAL_Driver\Src\stm32l4xx_hal_pcd.o
                                                  src\usbd_conf.o
HAL_PCD_EP_SetStall                               Drivers\STM32L4xx_HAL_Driver\Src\stm32l4xx_hal_pcd.o
                                                  src\usbd_conf.o
HAL_PCD_EP_Transmit                               Drivers\STM32L4xx_HAL_Driver\Src\stm32l4xx_hal_pcd.o
                                                  src\usbd_conf.o
HAL_PCD_GetState                                  Drivers\STM32L4xx_HAL_Driver\Src\stm32l4xx_hal_pcd.o
HAL_PCD_IRQHandler                                Drivers\STM32L4xx_HAL_Driver\Src\stm32l4xx_hal_pcd.o
HAL_PCD_ISOINIncompleteCallback                   src\usbd_conf.o
                                                  Drivers\STM32L4xx_HAL_Driver\Src\stm32l4xx_hal_pcd.o
HAL_PCD_ISOOUTIncompleteCallback                  src\usbd_conf.o
                                                  Drivers\STM32L4xx_HAL_Driver\Src\stm32l4xx_hal_pcd.o
HAL_PCD_Init                                      Drivers\STM32L4xx_HAL_Driver\Src\stm32l4xx_hal_pcd.o
                                                  src\usbd_conf.o
HAL_PCD_MspDeInit                                 src\usbd_conf.o
                                                  Drivers\STM32L4xx_HAL_Driver\Src\stm32l4xx_hal_pcd.o
HAL_PCD_MspInit                                   src\usbd_conf.o
                                                  Drivers\STM32L4xx_HAL_Driver\Src\stm32l4xx_hal_pcd.o
HAL_PCD_ResetCallback                             src\usbd_conf.o
                                                  Drivers\STM32L4xx_HAL_Driver\Src\stm32l4xx_hal_pcd.o
HAL_PCD_ResumeCallback                            src\usbd_conf.o
                                                  Drivers\STM32L4xx_HAL_Driver\Src\stm32l4xx_hal_pcd.o
HAL_PCD_SOFCallback                               src\usbd_conf.o
                                                  Drivers\STM32L4xx_HAL_Driver\Src\stm32l4xx_hal_pcd.o
HAL_PCD_SetAddress                                Drivers\STM32L4xx_HAL_Driver\Src\stm32l4xx_hal_pcd.o
                                                  src\usbd_conf.o
HAL_PCD_SetupStageCallback                        src\usbd_conf.o
                                                  Drivers\STM32L4xx_HAL_Driver\Src\stm32l4xx_hal_pcd.o
HAL_PCD_Start                                     Drivers\STM32L4xx_HAL_Driver\Src\stm32l4xx_hal_pcd.o
                                                  src\usbd_conf.o
HAL_PCD_Stop                                      Drivers\STM32L4xx_HAL_Driver\Src\stm32l4xx_hal_pcd.o
                                                  src\usbd_conf.o
HAL_PCD_SuspendCallback                           src\usbd_conf.o
                                                  Drivers\STM32L4xx_HAL_Driver\Src\stm32l4xx_hal_pcd.o
HAL_PWREx_ConfigPVM                               Drivers\STM32L4xx_HAL_Driver\Src\stm32l4xx_hal_pwr_ex.o
HAL_PWREx_ControlVoltageScaling                   Drivers\STM32L4xx_HAL_Driver\Src\stm32l4xx_hal_pwr_ex.o
                                                  src\main.o
HAL_PWREx_DisableBatteryCharging                  Drivers\STM32L4xx_HAL_Driver\Src\stm32l4xx_hal_pwr_ex.o
HAL_PWREx_DisableGPIOPullDown                     Drivers\STM32L4xx_HAL_Driver\Src\stm32l4xx_hal_pwr_ex.o
HAL_PWREx_DisableGPIOPullUp                       Drivers\STM32L4xx_HAL_Driver\Src\stm32l4xx_hal_pwr_ex.o
HAL_PWREx_DisableInternalWakeUpLine               Drivers\STM32L4xx_HAL_Driver\Src\stm32l4xx_hal_pwr_ex.o
HAL_PWREx_DisableLowPowerRunMode                  Drivers\STM32L4xx_HAL_Driver\Src\stm32l4xx_hal_pwr_ex.o
                                                  Drivers\STM32L4xx_HAL_Driver\Src\stm32l4xx_hal_pwr.o
HAL_PWREx_DisablePVM1                             Drivers\STM32L4xx_HAL_Driver\Src\stm32l4xx_hal_pwr_ex.o
HAL_PWREx_DisablePVM3                             Drivers\STM32L4xx_HAL_Driver\Src\stm32l4xx_hal_pwr_ex.o
HAL_PWREx_DisablePVM4                             Drivers\STM32L4xx_HAL_Driver\Src\stm32l4xx_hal_pwr_ex.o
HAL_PWREx_DisablePullUpPullDownConfig             Drivers\STM32L4xx_HAL_Driver\Src\stm32l4xx_hal_pwr_ex.o
HAL_PWREx_DisableSRAM2ContentRetention            Drivers\STM32L4xx_HAL_Driver\Src\stm32l4xx_hal_pwr_ex.o
HAL_PWREx_DisableVddUSB                           Drivers\STM32L4xx_HAL_Driver\Src\stm32l4xx_hal_pwr_ex.o
HAL_PWREx_EnableBatteryCharging                   Drivers\STM32L4xx_HAL_Driver\Src\stm32l4xx_hal_pwr_ex.o
HAL_PWREx_EnableGPIOPullDown                      Drivers\STM32L4xx_HAL_Driver\Src\stm32l4xx_hal_pwr_ex.o
HAL_PWREx_EnableGPIOPullUp                        Drivers\STM32L4xx_HAL_Driver\Src\stm32l4xx_hal_pwr_ex.o
HAL_PWREx_EnableInternalWakeUpLine                Drivers\STM32L4xx_HAL_Driver\Src\stm32l4xx_hal_pwr_ex.o
HAL_PWREx_EnableLowPowerRunMode                   Drivers\STM32L4xx_HAL_Driver\Src\stm32l4xx_hal_pwr_ex.o
                                                  Drivers\STM32L4xx_HAL_Driver\Src\stm32l4xx_hal_pwr.o
HAL_PWREx_EnablePVM1                              Drivers\STM32L4xx_HAL_Driver\Src\stm32l4xx_hal_pwr_ex.o
HAL_PWREx_EnablePVM3                              Drivers\STM32L4xx_HAL_Driver\Src\stm32l4xx_hal_pwr_ex.o
HAL_PWREx_EnablePVM4                              Drivers\STM32L4xx_HAL_Driver\Src\stm32l4xx_hal_pwr_ex.o
HAL_PWREx_EnablePullUpPullDownConfig              Drivers\STM32L4xx_HAL_Driver\Src\stm32l4xx_hal_pwr_ex.o
HAL_PWREx_EnableSRAM2ContentRetention             Drivers\STM32L4xx_HAL_Driver\Src\stm32l4xx_hal_pwr_ex.o
HAL_PWREx_EnableVddUSB                            Drivers\STM32L4xx_HAL_Driver\Src\stm32l4xx_hal_pwr_ex.o
                                                  src\usbd_conf.o
HAL_PWREx_EnterSHUTDOWNMode                       Drivers\STM32L4xx_HAL_Driver\Src\stm32l4xx_hal_pwr_ex.o
HAL_PWREx_EnterSTOP0Mode                          Drivers\STM32L4xx_HAL_Driver\Src\stm32l4xx_hal_pwr_ex.o
                                                  Drivers\STM32L4xx_HAL_Driver\Src\stm32l4xx_hal_pwr.o
HAL_PWREx_EnterSTOP1Mode                          Drivers\STM32L4xx_HAL_Driver\Src\stm32l4xx_hal_pwr_ex.o
                                                  Drivers\STM32L4xx_HAL_Driver\Src\stm32l4xx_hal_pwr.o
HAL_PWREx_EnterSTOP2Mode                          Drivers\STM32L4xx_HAL_Driver\Src\stm32l4xx_hal_pwr_ex.o
HAL_PWREx_GetVoltageRange                         Drivers\STM32L4xx_HAL_Driver\Src\stm32l4xx_hal_pwr_ex.o