Archive member included to satisfy reference by file (symbol)

c:/st/stm32cubeide_1.3.0/stm32cubeide/plugins/com.st.stm32cube.ide.mcu.externaltools.gnu-tools-for-stm32.7-2018-q2-update.win32_1.0.0.201904181610/tools/bin/../lib/gcc/arm-none-eabi/7.3.1/../../../../arm-none-eabi/lib/thumb/v7e-m/fpv4-sp/hard\libc_nano.a(lib_a-errno.o)
                              Core/Src/syscalls.o (__errno)
c:/st/stm32cubeide_1.3.0/stm32cubeide/plugins/com.st.stm32cube.ide.mcu.externaltools.gnu-tools-for-stm32.7-2018-q2-update.win32_1.0.0.201904181610/tools/bin/../lib/gcc/arm-none-eabi/7.3.1/../../../../arm-none-eabi/lib/thumb/v7e-m/fpv4-sp/hard\libc_nano.a(lib_a-exit.o)
                              c:/st/stm32cubeide_1.3.0/stm32cubeide/plugins/com.st.stm32cube.ide.mcu.externaltools.gnu-tools-for-stm32.7-2018-q2-update.win32_1.0.0.201904181610/tools/bin/../lib/gcc/arm-none-eabi/7.3.1/../../../../arm-none-eabi/lib/thumb/v7e-m/fpv4-sp/hard/crt0.o (exit)
c:/st/stm32cubeide_1.3.0/stm32cubeide/plugins/com.st.stm32cube.ide.mcu.externaltools.gnu-tools-for-stm32.7-2018-q2-update.win32_1.0.0.201904181610/tools/bin/../lib/gcc/arm-none-eabi/7.3.1/../../../../arm-none-eabi/lib/thumb/v7e-m/fpv4-sp/hard\libc_nano.a(lib_a-impure.o)
                              c:/st/stm32cubeide_1.3.0/stm32cubeide/plugins/com.st.stm32cube.ide.mcu.externaltools.gnu-tools-for-stm32.7-2018-q2-update.win32_1.0.0.201904181610/tools/bin/../lib/gcc/arm-none-eabi/7.3.1/../../../../arm-none-eabi/lib/thumb/v7e-m/fpv4-sp/hard\libc_nano.a(lib_a-exit.o) (_global_impure_ptr)
c:/st/stm32cubeide_1.3.0/stm32cubeide/plugins/com.st.stm32cube.ide.mcu.externaltools.gnu-tools-for-stm32.7-2018-q2-update.win32_1.0.0.201904181610/tools/bin/../lib/gcc/arm-none-eabi/7.3.1/../../../../arm-none-eabi/lib/thumb/v7e-m/fpv4-sp/hard\libc_nano.a(lib_a-init.o)
                              c:/st/stm32cubeide_1.3.0/stm32cubeide/plugins/com.st.stm32cube.ide.mcu.externaltools.gnu-tools-for-stm32.7-2018-q2-update.win32_1.0.0.201904181610/tools/bin/../lib/gcc/arm-none-eabi/7.3.1/../../../../arm-none-eabi/lib/thumb/v7e-m/fpv4-sp/hard/crt0.o (__libc_init_array)
c:/st/stm32cubeide_1.3.0/stm32cubeide/plugins/com.st.stm32cube.ide.mcu.externaltools.gnu-tools-for-stm32.7-2018-q2-update.win32_1.0.0.201904181610/tools/bin/../lib/gcc/arm-none-eabi/7.3.1/../../../../arm-none-eabi/lib/thumb/v7e-m/fpv4-sp/hard\libc_nano.a(lib_a-memcpy-stub.o)
                              Middlewares/Third_Party/FreeRTOS/Source/CMSIS_RTOS_V2/cmsis_os2.o (memcpy)
c:/st/stm32cubeide_1.3.0/stm32cubeide/plugins/com.st.stm32cube.ide.mcu.externaltools.gnu-tools-for-stm32.7-2018-q2-update.win32_1.0.0.201904181610/tools/bin/../lib/gcc/arm-none-eabi/7.3.1/../../../../arm-none-eabi/lib/thumb/v7e-m/fpv4-sp/hard\libc_nano.a(lib_a-memset.o)
                              c:/st/stm32cubeide_1.3.0/stm32cubeide/plugins/com.st.stm32cube.ide.mcu.externaltools.gnu-tools-for-stm32.7-2018-q2-update.win32_1.0.0.201904181610/tools/bin/../lib/gcc/arm-none-eabi/7.3.1/../../../../arm-none-eabi/lib/thumb/v7e-m/fpv4-sp/hard/crt0.o (memset)
c:/st/stm32cubeide_1.3.0/stm32cubeide/plugins/com.st.stm32cube.ide.mcu.externaltools.gnu-tools-for-stm32.7-2018-q2-update.win32_1.0.0.201904181610/tools/bin/../lib/gcc/arm-none-eabi/7.3.1/../../../../arm-none-eabi/lib/thumb/v7e-m/fpv4-sp/hard\libc_nano.a(lib_a-printf.o)
                              Components/Si7006/Si7006.o (printf)
c:/st/stm32cubeide_1.3.0/stm32cubeide/plugins/com.st.stm32cube.ide.mcu.externaltools.gnu-tools-for-stm32.7-2018-q2-update.win32_1.0.0.201904181610/tools/bin/../lib/gcc/arm-none-eabi/7.3.1/../../../../arm-none-eabi/lib/thumb/v7e-m/fpv4-sp/hard\libc_nano.a(lib_a-puts.o)
                              Board/cygnini.o (puts)
c:/st/stm32cubeide_1.3.0/stm32cubeide/plugins/com.st.stm32cube.ide.mcu.externaltools.gnu-tools-for-stm32.7-2018-q2-update.win32_1.0.0.201904181610/tools/bin/../lib/gcc/arm-none-eabi/7.3.1/../../../../arm-none-eabi/lib/thumb/v7e-m/fpv4-sp/hard\libc_nano.a(lib_a-sprintf.o)
                              Board/cygnini.o (sprintf)
c:/st/stm32cubeide_1.3.0/stm32cubeide/plugins/com.st.stm32cube.ide.mcu.externaltools.gnu-tools-for-stm32.7-2018-q2-update.win32_1.0.0.201904181610/tools/bin/../lib/gcc/arm-none-eabi/7.3.1/../../../../arm-none-eabi/lib/thumb/v7e-m/fpv4-sp/hard\libc_nano.a(lib_a-strlen.o)
                              Board/cygnini.o (strlen)
c:/st/stm32cubeide_1.3.0/stm32cubeide/plugins/com.st.stm32cube.ide.mcu.externaltools.gnu-tools-for-stm32.7-2018-q2-update.win32_1.0.0.201904181610/tools/bin/../lib/gcc/arm-none-eabi/7.3.1/../../../../arm-none-eabi/lib/thumb/v7e-m/fpv4-sp/hard\libc_nano.a(lib_a-wbuf.o)
                              c:/st/stm32cubeide_1.3.0/stm32cubeide/plugins/com.st.stm32cube.ide.mcu.externaltools.gnu-tools-for-stm32.7-2018-q2-update.win32_1.0.0.201904181610/tools/bin/../lib/gcc/arm-none-eabi/7.3.1/../../../../arm-none-eabi/lib/thumb/v7e-m/fpv4-sp/hard\libc_nano.a(lib_a-puts.o) (__swbuf_r)
[...]
Memory Configuration

Name             Origin             Length             Attributes
RAM              0x0000000020000000 0x0000000000010000 xrw
FLASH            0x0000000008000000 0x0000000000040000 xr
*default*        0x0000000000000000 0xffffffffffffffff

Linker script and memory map

LOAD c:/st/stm32cubeide_1.3.0/stm32cubeide/plugins/com.st.stm32cube.ide.mcu.externaltools.gnu-tools-for-stm32.7-2018-q2-update.win32_1.0.0.201904181610/tools/bin/../lib/gcc/arm-none-eabi/7.3.1/thumb/v7e-m/fpv4-sp/hard/crti.o
LOAD c:/st/stm32cubeide_1.3.0/stm32cubeide/plugins/com.st.stm32cube.ide.mcu.externaltools.gnu-tools-for-stm32.7-2018-q2-update.win32_1.0.0.201904181610/tools/bin/../lib/gcc/arm-none-eabi/7.3.1/thumb/v7e-m/fpv4-sp/hard/crtbegin.o
LOAD c:/st/stm32cubeide_1.3.0/stm32cubeide/plugins/com.st.stm32cube.ide.mcu.externaltools.gnu-tools-for-stm32.7-2018-q2-update.win32_1.0.0.201904181610/tools/bin/../lib/gcc/arm-none-eabi/7.3.1/../../../../arm-none-eabi/lib/thumb/v7e-m/fpv4-sp/hard/crt0.o
LOAD Board/cygnini.o
LOAD Components/C12832/C12832Port.o
LOAD Components/C12832/font.o
LOAD Components/C12832/graphic_lcd.o
LOAD Components/C12832/st7565r.o
LOAD Components/NRF24L01p/NRF24L01p.o
LOAD Components/NRF24L01p/NRF24L01pDriver.o
LOAD Components/NRF24L01p/port/NRF24L01pPort.o
LOAD Components/Si1133/Si1133.o
LOAD Components/Si7006/Si7006.o
LOAD Components/Si7006/Si7006Port.o
LOAD Core/Src/freertos.o
LOAD Core/Src/main.o
LOAD Core/Src/stm32l4xx_hal_msp.o
LOAD Core/Src/stm32l4xx_hal_timebase_tim.o
LOAD Core/Src/stm32l4xx_it.o
LOAD Core/Src/syscalls.o
LOAD Core/Src/sysmem.o
LOAD Core/Src/system_stm32l4xx.o
LOAD Core/Startup/startup_stm32l443rctx.o
LOAD Drivers/STM32L4xx_HAL_Driver/Src/stm32l4xx_hal.o
LOAD Drivers/STM32L4xx_HAL_Driver/Src/stm32l4xx_hal_cortex.o
LOAD Drivers/STM32L4xx_HAL_Driver/Src/stm32l4xx_hal_dma.o
LOAD Drivers/STM32L4xx_HAL_Driver/Src/stm32l4xx_hal_dma_ex.o
LOAD Drivers/STM32L4xx_HAL_Driver/Src/stm32l4xx_hal_exti.o
LOAD Drivers/STM32L4xx_HAL_Driver/Src/stm32l4xx_hal_flash.o
LOAD Drivers/STM32L4xx_HAL_Driver/Src/stm32l4xx_hal_flash_ex.o
LOAD Drivers/STM32L4xx_HAL_Driver/Src/stm32l4xx_hal_flash_ramfunc.o
LOAD Drivers/STM32L4xx_HAL_Driver/Src/stm32l4xx_hal_gpio.o
LOAD Drivers/STM32L4xx_HAL_Driver/Src/stm32l4xx_hal_i2c.o
LOAD Drivers/STM32L4xx_HAL_Driver/Src/stm32l4xx_hal_i2c_ex.o
LOAD Drivers/STM32L4xx_HAL_Driver/Src/stm32l4xx_hal_pcd.o
LOAD Drivers/STM32L4xx_HAL_Driver/Src/stm32l4xx_hal_pcd_ex.o
LOAD Drivers/STM32L4xx_HAL_Driver/Src/stm32l4xx_hal_pwr.o
LOAD Drivers/STM32L4xx_HAL_Driver/Src/stm32l4xx_hal_pwr_ex.o
LOAD Drivers/STM32L4xx_HAL_Driver/Src/stm32l4xx_hal_rcc.o
LOAD Drivers/STM32L4xx_HAL_Driver/Src/stm32l4xx_hal_rcc_ex.o
LOAD Drivers/STM32L4xx_HAL_Driver/Src/stm32l4xx_hal_spi.o
LOAD Drivers/STM32L4xx_HAL_Driver/Src/stm32l4xx_hal_spi_ex.o
LOAD Drivers/STM32L4xx_HAL_Driver/Src/stm32l4xx_hal_tim.o
LOAD Drivers/STM32L4xx_HAL_Driver/Src/stm32l4xx_hal_tim_ex.o
LOAD Drivers/STM32L4xx_HAL_Driver/Src/stm32l4xx_hal_uart.o
LOAD Drivers/STM32L4xx_HAL_Driver/Src/stm32l4xx_hal_uart_ex.o
LOAD Drivers/STM32L4xx_HAL_Driver/Src/stm32l4xx_ll_usb.o
LOAD Middlewares/ST/STM32_USB_Device_Library/Class/CDC/Src/usbd_cdc.o
LOAD Middlewares/ST/STM32_USB_Device_Library/Core/Src/usbd_core.o
LOAD Middlewares/ST/STM32_USB_Device_Library/Core/Src/usbd_ctlreq.o
LOAD Middlewares/ST/STM32_USB_Device_Library/Core/Src/usbd_ioreq.o
LOAD Middlewares/Third_Party/FreeRTOS/Source/CMSIS_RTOS_V2/cmsis_os2.o
LOAD Middlewares/Third_Party/FreeRTOS/Source/croutine.o
LOAD Middlewares/Third_Party/FreeRTOS/Source/event_groups.o
LOAD Middlewares/Third_Party/FreeRTOS/Source/list.o
LOAD Middlewares/Third_Party/FreeRTOS/Source/queue.o
LOAD Middlewares/Third_Party/FreeRTOS/Source/stream_buffer.o
LOAD Middlewares/Third_Party/FreeRTOS/Source/tasks.o
LOAD Middlewares/Third_Party/FreeRTOS/Source/timers.o
LOAD Middlewares/Third_Party/FreeRTOS/Source/portable/GCC/ARM_CM4F/port.o
LOAD Middlewares/Third_Party/FreeRTOS/Source/portable/MemMang/heap_4.o
LOAD USB_DEVICE/App/usb_device.o
LOAD USB_DEVICE/App/usbd_cdc_if.o
LOAD USB_DEVICE/App/usbd_desc.o
LOAD USB_DEVICE/Target/usbd_conf.o
START GROUP
LOAD c:/st/stm32cubeide_1.3.0/stm32cubeide/plugins/com.st.stm32cube.ide.mcu.externaltools.gnu-tools-for-stm32.7-2018-q2-update.win32_1.0.0.201904181610/tools/bin/../lib/gcc/arm-none-eabi/7.3.1/../../../../arm-none-eabi/lib/thumb/v7e-m/fpv4-sp/hard\libc_nano.a
LOAD c:/st/stm32cubeide_1.3.0/stm32cubeide/plugins/com.st.stm32cube.ide.mcu.externaltools.gnu-tools-for-stm32.7-2018-q2-update.win32_1.0.0.201904181610/tools/bin/../lib/gcc/arm-none-eabi/7.3.1/../../../../arm-none-eabi/lib/thumb/v7e-m/fpv4-sp/hard\libm.a
END GROUP
START GROUP
LOAD c:/st/stm32cubeide_1.3.0/stm32cubeide/plugins/com.st.stm32cube.ide.mcu.externaltools.gnu-tools-for-stm32.7-2018-q2-update.win32_1.0.0.201904181610/tools/bin/../lib/gcc/arm-none-eabi/7.3.1/thumb/v7e-m/fpv4-sp/hard\libgcc.a
LOAD c:/st/stm32cubeide_1.3.0/stm32cubeide/plugins/com.st.stm32cube.ide.mcu.externaltools.gnu-tools-for-stm32.7-2018-q2-update.win32_1.0.0.201904181610/tools/bin/../lib/gcc/arm-none-eabi/7.3.1/../../../../arm-none-eabi/lib/thumb/v7e-m/fpv4-sp/hard\libc_nano.a
END GROUP
START GROUP
LOAD c:/st/stm32cubeide_1.3.0/stm32cubeide/plugins/com.st.stm32cube.ide.mcu.externaltools.gnu-tools-for-stm32.7-2018-q2-update.win32_1.0.0.201904181610/tools/bin/../lib/gcc/arm-none-eabi/7.3.1/thumb/v7e-m/fpv4-sp/hard\libgcc.a
LOAD c:/st/stm32cubeide_1.3.0/stm32cubeide/plugins/com.st.stm32cube.ide.mcu.externaltools.gnu-tools-for-stm32.7-2018-q2-update.win32_1.0.0.201904181610/tools/bin/../lib/gcc/arm-none-eabi/7.3.1/../../../../arm-none-eabi/lib/thumb/v7e-m/fpv4-sp/hard\libc_nano.a
LOAD c:/st/stm32cubeide_1.3.0/stm32cubeide/plugins/com.st.stm32cube.ide.mcu.externaltools.gnu-tools-for-stm32.7-2018-q2-update.win32_1.0.0.201904181610/tools/bin/../lib/gcc/arm-none-eabi/7.3.1/../../../../arm-none-eabi/lib/thumb/v7e-m/fpv4-sp/hard\libnosys.a
END GROUP
START GROUP
LOAD c:/st/stm32cubeide_1.3.0/stm32cubeide/plugins/com.st.stm32cube.ide.mcu.externaltools.gnu-tools-for-stm32.7-2018-q2-update.win32_1.0.0.201904181610/tools/bin/../lib/gcc/arm-none-eabi/7.3.1/thumb/v7e-m/fpv4-sp/hard\libgcc.a
LOAD c:/st/stm32cubeide_1.3.0/stm32cubeide/plugins/com.st.stm32cube.ide.mcu.externaltools.gnu-tools-for-stm32.7-2018-q2-update.win32_1.0.0.201904181610/tools/bin/../lib/gcc/arm-none-eabi/7.3.1/../../../../arm-none-eabi/lib/thumb/v7e-m/fpv4-sp/hard\libc_nano.a
LOAD c:/st/stm32cubeide_1.3.0/stm32cubeide/plugins/com.st.stm32cube.ide.mcu.externaltools.gnu-tools-for-stm32.7-2018-q2-update.win32_1.0.0.201904181610/tools/bin/../lib/gcc/arm-none-eabi/7.3.1/../../../../arm-none-eabi/lib/thumb/v7e-m/fpv4-sp/hard\libnosys.a
END GROUP
LOAD c:/st/stm32cubeide_1.3.0/stm32cubeide/plugins/com.st.stm32cube.ide.mcu.externaltools.gnu-tools-for-stm32.7-2018-q2-update.win32_1.0.0.201904181610/tools/bin/../lib/gcc/arm-none-eabi/7.3.1/thumb/v7e-m/fpv4-sp/hard/crtend.o
LOAD c:/st/stm32cubeide_1.3.0/stm32cubeide/plugins/com.st.stm32cube.ide.mcu.externaltools.gnu-tools-for-stm32.7-2018-q2-update.win32_1.0.0.201904181610/tools/bin/../lib/gcc/arm-none-eabi/7.3.1/thumb/v7e-m/fpv4-sp/hard/crtn.o
                0x0000000020010000                _estack = (ORIGIN (RAM) + LENGTH (RAM))
                0x0000000000000200                _Min_Heap_Size = 0x200
                0x0000000000000400                _Min_Stack_Size = 0x400

.isr_vector     0x0000000008000000      0x18c
                0x0000000008000000                . = ALIGN (0x4)
 *(.isr_vector)
 .isr_vector    0x0000000008000000      0x18c Core/Startup/startup_stm32l443rctx.o
                0x0000000008000000                g_pfnVectors
                0x000000000800018c                . = ALIGN (0x4)

.text           0x0000000008000190     0xd988
                0x0000000008000190                . = ALIGN (0x4)
 *(.text)
 .text          0x0000000008000190       0x40 c:/st/stm32cubeide_1.3.0/stm32cubeide/plugins/com.st.stm32cube.ide.mcu.externaltools.gnu-tools-for-stm32.7-2018-q2-update.win32_1.0.0.201904181610/tools/bin/../lib/gcc/arm-none-eabi/7.3.1/thumb/v7e-m/fpv4-sp/hard/crtbegin.o
 .text          0x00000000080001d0       0x10 c:/st/stm32cubeide_1.3.0/stm32cubeide/plugins/com.st.stm32cube.ide.mcu.externaltools.gnu-tools-for-stm32.7-2018-q2-update.win32_1.0.0.201904181610/tools/bin/../lib/gcc/arm-none-eabi/7.3.1/../../../../arm-none-eabi/lib/thumb/v7e-m/fpv4-sp/hard\libc_nano.a(lib_a-strlen.o)
                0x00000000080001d0                strlen
 .text          0x00000000080001e0       0xa0 c:/st/stm32cubeide_1.3.0/stm32cubeide/plugins/com.st.stm32cube.ide.mcu.externaltools.gnu-tools-for-stm32.7-2018-q2-update.win32_1.0.0.201904181610/tools/bin/../lib/gcc/arm-none-eabi/7.3.1/../../../../arm-none-eabi/lib/thumb/v7e-m/fpv4-sp/hard\libc_nano.a(lib_a-memchr.o)
                0x00000000080001e0                memchr
 .text          0x0000000008000280      0x378 c:/st/stm32cubeide_1.3.0/stm32cubeide/plugins/com.st.stm32cube.ide.mcu.externaltools.gnu-tools-for-stm32.7-2018-q2-update.win32_1.0.0.201904181610/tools/bin/../lib/gcc/arm-none-eabi/7.3.1/thumb/v7e-m/fpv4-sp/hard\libgcc.a(_arm_addsubdf3.o)
                0x0000000008000280                __aeabi_drsub
                0x0000000008000288                __aeabi_dsub
                0x0000000008000288                __subdf3
                0x000000000800028c                __aeabi_dadd
                0x000000000800028c                __adddf3
                0x0000000008000504                __floatunsidf
                0x0000000008000504                __aeabi_ui2d
                0x0000000008000524                __floatsidf
                0x0000000008000524                __aeabi_i2d
                0x0000000008000548                __aeabi_f2d
                0x0000000008000548                __extendsfdf2
                0x000000000800058c                __floatundidf
                0x000000000800058c                __aeabi_ul2d
                0x000000000800059c                __floatdidf
                0x000000000800059c                __aeabi_l2d
 .text          0x00000000080005f8      0x424 c:/st/stm32cubeide_1.3.0/stm32cubeide/plugins/com.st.stm32cube.ide.mcu.externaltools.gnu-tools-for-stm32.7-2018-q2-update.win32_1.0.0.201904181610/tools/bin/../lib/gcc/arm-none-eabi/7.3.1/thumb/v7e-m/fpv4-sp/hard\libgcc.a(_arm_muldivdf3.o)
                0x00000000080005f8                __aeabi_dmul
                0x00000000080005f8                __muldf3
                0x000000000800084c                __divdf3
                0x000000000800084c                __aeabi_ddiv
 .text          0x0000000008000a1c       0xa0 c:/st/stm32cubeide_1.3.0/stm32cubeide/plugins/com.st.stm32cube.ide.mcu.externaltools.gnu-tools-for-stm32.7-2018-q2-update.win32_1.0.0.201904181610/tools/bin/../lib/gcc/arm-none-eabi/7.3.1/thumb/v7e-m/fpv4-sp/hard\libgcc.a(_arm_truncdfsf2.o)
                0x0000000008000a1c                __truncdfsf2
                0x0000000008000a1c                __aeabi_d2f
 .text          0x0000000008000abc       0x30 c:/st/stm32cubeide_1.3.0/stm32cubeide/plugins/com.st.stm32cube.ide.mcu.externaltools.gnu-tools-for-stm32.7-2018-q2-update.win32_1.0.0.201904181610/tools/bin/../lib/gcc/arm-none-eabi/7.3.1/thumb/v7e-m/fpv4-sp/hard\libgcc.a(_aeabi_uldivmod.o)
                0x0000000008000abc                __aeabi_uldivmod
 .text          0x0000000008000aec      0x2cc c:/st/stm32cubeide_1.3.0/stm32cubeide/plugins/com.st.stm32cube.ide.mcu.externaltools.gnu-tools-for-stm32.7-2018-q2-update.win32_1.0.0.201904181610/tools/bin/../lib/gcc/arm-none-eabi/7.3.1/thumb/v7e-m/fpv4-sp/hard\libgcc.a(_udivmoddi4.o)
                0x0000000008000aec                __udivmoddi4
 .text          0x0000000008000db8        0x4 c:/st/stm32cubeide_1.3.0/stm32cubeide/plugins/com.st.stm32cube.ide.mcu.externaltools.gnu-tools-for-stm32.7-2018-q2-update.win32_1.0.0.201904181610/tools/bin/../lib/gcc/arm-none-eabi/7.3.1/thumb/v7e-m/fpv4-sp/hard\libgcc.a(_dvmd_tls.o)
                0x0000000008000db8                __aeabi_idiv0
                0x0000000008000db8                __aeabi_ldiv0
 *(.text*)
 .text.ITM_SendChar
                0x0000000008000dbc       0x4e Board/cygnini.o
 *fill*         0x0000000008000e0a        0x2 
 .text.cygnini  0x0000000008000e0c       0xbc Board/cygnini.o
                0x0000000008000e0c                cygnini
 .text.__io_putchar
                0x0000000008000ec8       0x1a Board/cygnini.o
                0x0000000008000ec8                __io_putchar
 .text.__io_getchar
                0x0000000008000ee2       0x10 Board/cygnini.o
                0x0000000008000ee2                __io_getchar
 *fill*         0x0000000008000ef2        0x2 
 .text.initialize_board
                0x0000000008000ef4       0x9c Board/cygnini.o
                0x0000000008000ef4                initialize_board
 .text.RadioReset
                0x0000000008000f90      0x138 Board/cygnini.o
                0x0000000008000f90                RadioReset
 .text.ButtonsTask
                0x00000000080010c8      0x350 Board/cygnini.o
                0x00000000080010c8                ButtonsTask
 .text.LEDsTask
                0x0000000008001418        0xa Board/cygnini.o
                0x0000000008001418                LEDsTask
 .text.SensorsTask
                0x0000000008001422       0x32 Board/cygnini.o
                0x0000000008001422                SensorsTask
 .text.LCDTask  0x0000000008001454       0x58 Board/cygnini.o
                0x0000000008001454                LCDTask
 .text.NotificationsTask
                0x00000000080014ac       0x4c Board/cygnini.o
                0x00000000080014ac                NotificationsTask
 .text.c12832_hal_spi_write_read
                0x00000000080014f8       0x28 Components/C12832/C12832Port.o
                0x00000000080014f8                c12832_hal_spi_write_read
 .text.graphic_lcd_clear_screen
                0x0000000008001520       0x50 Components/C12832/graphic_lcd.o
                0x0000000008001520                graphic_lcd_clear_screen
 .text.graphic_lcd_write
                0x0000000008001570       0x84 Components/C12832/graphic_lcd.o
                0x0000000008001570                graphic_lcd_write
 .text.graphic_lcd_initialize
                0x00000000080015f4        0xe Components/C12832/graphic_lcd.o
                0x00000000080015f4                graphic_lcd_initialize
 *fill*         0x0000000008001602        0x2 
 .text.st7565r_write_command
                0x0000000008001604       0x4c Components/C12832/st7565r.o
                0x0000000008001604                st7565r_write_command
 .text.st7565r_write_data
                0x0000000008001650       0x54 Components/C12832/st7565r.o
                0x0000000008001650                st7565r_write_data
 .text.st7565r_hard_reset
                0x00000000080016a4       0x2c Components/C12832/st7565r.o
                0x00000000080016a4                st7565r_hard_reset
 .text.st7565r_set_page_address
                0x00000000080016d0       0x28 Components/C12832/st7565r.o
                0x00000000080016d0                st7565r_set_page_address
 .text.st7565r_set_column_address
                0x00000000080016f8       0x3a Components/C12832/st7565r.o
                0x00000000080016f8                st7565r_set_column_address
 .text.st7565r_set_display_start_line_address
                0x0000000008001732       0x28 Components/C12832/st7565r.o
                0x0000000008001732                st7565r_set_display_start_line_address
 .text.st7565r_display_on
                0x000000000800175a        0xe Components/C12832/st7565r.o
                0x000000000800175a                st7565r_display_on
 .text.st7565r_set_contrast
                0x0000000008001768       0x40 Components/C12832/st7565r.o
                0x0000000008001768                st7565r_set_contrast
 .text.st7565r_display_invert_disable
                0x00000000080017a8        0xe Components/C12832/st7565r.o
                0x00000000080017a8                st7565r_display_invert_disable
 *fill*         0x00000000080017b6        0x2 
 .text.st7565r_init
                0x00000000080017b8       0x54 Components/C12832/st7565r.o
                0x00000000080017b8                st7565r_init
 .text.NRF24L01p_ResetConfigValues
                0x000000000800180c      0x1dc Components/NRF24L01p/NRF24L01p.o
                0x000000000800180c                NRF24L01p_ResetConfigValues
 .text.NRF24L01p_RadioMode
                0x00000000080019e8       0xbc Components/NRF24L01p/NRF24L01p.o
                0x00000000080019e8                NRF24L01p_RadioMode
 .text.NRF24L01p_writePayload
                0x0000000008001aa4       0x64 Components/NRF24L01p/NRF24L01p.o
                0x0000000008001aa4                NRF24L01p_writePayload
 .text.NRF24L01p_readPayload
                0x0000000008001b08       0x74 Components/NRF24L01p/NRF24L01p.o
                0x0000000008001b08                NRF24L01p_readPayload
 .text.NRF24L01p_TransmitPayload
                0x0000000008001b7c      0x15c Components/NRF24L01p/NRF24L01p.o
                0x0000000008001b7c                NRF24L01p_TransmitPayload
 .text.NRF24L01p_read_register
                0x0000000008001cd8       0x4a Components/NRF24L01p/NRF24L01pDriver.o
                0x0000000008001cd8                NRF24L01p_read_register
 .text.NRF24L01p_read_register_buffer
                0x0000000008001d22       0x48 Components/NRF24L01p/NRF24L01pDriver.o
                0x0000000008001d22                NRF24L01p_read_register_buffer
 .text.NRF24L01p_write_register
                0x0000000008001d6a       0x54 Components/NRF24L01p/NRF24L01pDriver.o
                0x0000000008001d6a                NRF24L01p_write_register
 .text.NRF24L01p_write_register_buffer
                0x0000000008001dbe       0x52 Components/NRF24L01p/NRF24L01pDriver.o
                0x0000000008001dbe                NRF24L01p_write_register_buffer
 .text.NRF24L01p_read_rx_payload
                0x0000000008001e10       0x3e Components/NRF24L01p/NRF24L01pDriver.o
                0x0000000008001e10                NRF24L01p_read_rx_payload
 .text.NRF24L01p_write_tx_payload
                0x0000000008001e4e       0x3e Components/NRF24L01p/NRF24L01pDriver.o
                0x0000000008001e4e                NRF24L01p_write_tx_payload
 .text.NRF24L01p_flush_tx
                0x0000000008001e8c       0x2a Components/NRF24L01p/NRF24L01pDriver.o
                0x0000000008001e8c                NRF24L01p_flush_tx
 .text.NRF24L01p_flush_rx
                0x0000000008001eb6       0x2a Components/NRF24L01p/NRF24L01pDriver.o
                0x0000000008001eb6                NRF24L01p_flush_rx
 .text.NRF24L01p_read_rx_payload_width
                0x0000000008001ee0       0x38 Components/NRF24L01p/NRF24L01pDriver.o
                0x0000000008001ee0                NRF24L01p_read_rx_payload_width
 .text.NRF24L01p_write_tx_payload_noack
                0x0000000008001f18       0x3e Components/NRF24L01p/NRF24L01pDriver.o
                0x0000000008001f18                NRF24L01p_write_tx_payload_noack
 .text.NRF24L01p_get_status
                0x0000000008001f56       0x2c Components/NRF24L01p/NRF24L01pDriver.o
                0x0000000008001f56                NRF24L01p_get_status
 .text.NRF24L01p_power_up
                0x0000000008001f82       0x1e Components/NRF24L01p/NRF24L01pDriver.o
                0x0000000008001f82                NRF24L01p_power_up
 .text.NRF24L01p_power_down
                0x0000000008001fa0       0x1e Components/NRF24L01p/NRF24L01pDriver.o
                0x0000000008001fa0                NRF24L01p_power_down
 .text.NRF24L01p_rx_mode
                0x0000000008001fbe       0x1e Components/NRF24L01p/NRF24L01pDriver.o
                0x0000000008001fbe                NRF24L01p_rx_mode
 .text.NRF24L01p_tx_mode
                0x0000000008001fdc       0x1e Components/NRF24L01p/NRF24L01pDriver.o
                0x0000000008001fdc                NRF24L01p_tx_mode
 .text.NRF24L01p_enable_auto_ack
                0x0000000008001ffa       0x74 Components/NRF24L01p/NRF24L01pDriver.o
                0x0000000008001ffa                NRF24L01p_enable_auto_ack
 .text.NRF24L01p_enable_rx_on_pipe
                0x000000000800206e       0x74 Components/NRF24L01p/NRF24L01pDriver.o
                0x000000000800206e                NRF24L01p_enable_rx_on_pipe
 .text.NRF24L01p_set_auto_retransmission_count
                0x00000000080020e2       0x36 Components/NRF24L01p/NRF24L01pDriver.o
                0x00000000080020e2                NRF24L01p_set_auto_retransmission_count
 .text.NRF24L01p_set_auto_retransmission_delay
                0x0000000008002118       0x3e Components/NRF24L01p/NRF24L01pDriver.o
                0x0000000008002118                NRF24L01p_set_auto_retransmission_delay
 .text.NRF24L01p_set_DataRate
                0x0000000008002156       0x36 Components/NRF24L01p/NRF24L01pDriver.o
                0x0000000008002156                NRF24L01p_set_DataRate
 .text.NRF24L01p_clear_max_retry_flag
                0x000000000800218c       0x1e Components/NRF24L01p/NRF24L01pDriver.o
                0x000000000800218c                NRF24L01p_clear_max_retry_flag
 .text.NRF24L01p_get_data_sent_flag
                0x00000000080021aa       0x1c Components/NRF24L01p/NRF24L01pDriver.o
                0x00000000080021aa                NRF24L01p_get_data_sent_flag
 .text.NRF24L01p_clear_data_sent_flag
                0x00000000080021c6       0x1e Components/NRF24L01p/NRF24L01pDriver.o
                0x00000000080021c6                NRF24L01p_clear_data_sent_flag
 .text.NRF24L01p_clear_data_ready_flag
                0x00000000080021e4       0x1e Components/NRF24L01p/NRF24L01pDriver.o
                0x00000000080021e4                NRF24L01p_clear_data_ready_flag
 .text.NRF24L01p_get_rx_payload_pipe
                0x0000000008002202       0x16 Components/NRF24L01p/NRF24L01pDriver.o
                0x0000000008002202                NRF24L01p_get_rx_payload_pipe
 .text.NRF24L01p_set_RX_pipe_address
                0x0000000008002218       0x90 Components/NRF24L01p/NRF24L01pDriver.o
                0x0000000008002218                NRF24L01p_set_RX_pipe_address
 .text.NRF24L01p_set_TX_pipe_address
                0x00000000080022a8       0x64 Components/NRF24L01p/NRF24L01pDriver.o
                0x00000000080022a8                NRF24L01p_set_TX_pipe_address
 .text.NRF24L01p_get_RX_pipe_width
                0x000000000800230c       0x2c Components/NRF24L01p/NRF24L01pDriver.o
                0x000000000800230c                NRF24L01p_get_RX_pipe_width
 .text.NRF24L01p_enable_dynamic_payload_pipe
                0x0000000008002338       0x68 Components/NRF24L01p/NRF24L01pDriver.o
                0x0000000008002338                NRF24L01p_enable_dynamic_payload_pipe
 .text.NRF24L01p_enable_dynamic_payload
                0x00000000080023a0       0x46 Components/NRF24L01p/NRF24L01pDriver.o
                0x00000000080023a0                NRF24L01p_enable_dynamic_payload
 .text.NRF24L01p_enable_payload_with_ack
                0x00000000080023e6       0x46 Components/NRF24L01p/NRF24L01pDriver.o
                0x00000000080023e6                NRF24L01p_enable_payload_with_ack
 .text.NRF24L01p_enable_dynamic_payload_with_no_ack
                0x000000000800242c       0x46 Components/NRF24L01p/NRF24L01pDriver.o
                0x000000000800242c                NRF24L01p_enable_dynamic_payload_with_no_ack
 *fill*         0x0000000008002472        0x2 
 .text.NRF24L01p_port_Initialize
                0x0000000008002474       0x44 Components/NRF24L01p/port/NRF24L01pPort.o
                0x0000000008002474                NRF24L01p_port_Initialize
 .text.NRF24L01p_port_Pin_CE_Initialize
                0x00000000080024b8       0x18 Components/NRF24L01p/port/NRF24L01pPort.o
                0x00000000080024b8                NRF24L01p_port_Pin_CE_Initialize
 .text.NRF24L01p_port_Pin_CSN_Initialize
                0x00000000080024d0       0x18 Components/NRF24L01p/port/NRF24L01pPort.o
                0x00000000080024d0                NRF24L01p_port_Pin_CSN_Initialize
 .text.NRF24L01p_port_Pin_IRQ_Initialize
                0x00000000080024e8       0x18 Components/NRF24L01p/port/NRF24L01pPort.o
                0x00000000080024e8                NRF24L01p_port_Pin_IRQ_Initialize
 .text.NRF24L01p_port_write_Pin_CE
                0x0000000008002500       0x24 Components/NRF24L01p/port/NRF24L01pPort.o
                0x0000000008002500                NRF24L01p_port_write_Pin_CE
 .text.NRF24L01p_port_write_Pin_CSN
                0x0000000008002524       0x24 Components/NRF24L01p/port/NRF24L01pPort.o
                0x0000000008002524                NRF24L01p_port_write_Pin_CSN
 .text.NRF24L01p_port_SPI_initialize
                0x0000000008002548      0x11c Components/NRF24L01p/port/NRF24L01pPort.o
                0x0000000008002548                NRF24L01p_port_SPI_initialize
 .text.NRF24L01p_port_SPI_Transcieve
                0x0000000008002664       0x30 Components/NRF24L01p/port/NRF24L01pPort.o
                0x0000000008002664                NRF24L01p_port_SPI_Transcieve
 .text.NRF24L01p_port_DelayMs
                0x0000000008002694       0x16 Components/NRF24L01p/port/NRF24L01pPort.o
                0x0000000008002694                NRF24L01p_port_DelayMs
 *fill*         0x00000000080026aa        0x2 
 .text.NRF24L01p_port_DelayUs
                0x00000000080026ac       0x2c Components/NRF24L01p/port/NRF24L01pPort.o
                0x00000000080026ac                NRF24L01p_port_DelayUs
 .text.Si7006_temperature
                0x00000000080026d8       0xbc Components/Si7006/Si7006.o
                0x00000000080026d8                Si7006_temperature
 .text.Si7006_relativeHumidity
                0x0000000008002794       0xc0 Components/Si7006/Si7006.o
                0x0000000008002794                Si7006_relativeHumidity
 .text.Si7006_port_i2c_init
                0x0000000008002854       0x10 Components/Si7006/Si7006Port.o
                0x0000000008002854                Si7006_port_i2c_init
 .text.Si7006_port_i2c_transmit
                0x0000000008002864       0x3c Components/Si7006/Si7006Port.o
                0x0000000008002864                Si7006_port_i2c_transmit
 .text.Si7006_port_i2c_receive
                0x00000000080028a0       0x3c Components/Si7006/Si7006Port.o
                0x00000000080028a0                Si7006_port_i2c_receive
 .text.Si7006_port_check_hardware
                0x00000000080028dc       0x34 Components/Si7006/Si7006Port.o
                0x00000000080028dc                Si7006_port_check_hardware
 .text.Si7006_port_delay
                0x0000000008002910       0x18 Components/Si7006/Si7006Port.o
                0x0000000008002910                Si7006_port_delay
 .text.Si7006_port_init
                0x0000000008002928       0x50 Components/Si7006/Si7006Port.o
                0x0000000008002928                Si7006_port_init
 .text.vApplicationIdleHook
                0x0000000008002978        0xe Core/Src/freertos.o
                0x0000000008002978                vApplicationIdleHook
 .text.main     0x0000000008002986       0x2a Core/Src/main.o
                0x0000000008002986                main
 .text.SystemClock_Config
                0x00000000080029b0      0x12c Core/Src/main.o
                0x00000000080029b0                SystemClock_Config
 .text.MX_I2C1_Init
                0x0000000008002adc       0x80 Core/Src/main.o
 .text.MX_SPI2_Init
                0x0000000008002b5c       0x7c Core/Src/main.o
 .text.MX_SPI3_Init
                0x0000000008002bd8       0x7c Core/Src/main.o
 .text.MX_USART1_UART_Init
                0x0000000008002c54       0x60 Core/Src/main.o
 .text.MX_GPIO_Init
                0x0000000008002cb4      0x144 Core/Src/main.o
 .text.HAL_TIM_PeriodElapsedCallback
                0x0000000008002df8       0x24 Core/Src/main.o
                0x0000000008002df8                HAL_TIM_PeriodElapsedCallback
 .text.Error_Handler
                0x0000000008002e1c        0xe Core/Src/main.o
                0x0000000008002e1c                Error_Handler
 *fill*         0x0000000008002e2a        0x2 
 .text.HAL_MspInit
                0x0000000008002e2c       0x50 Core/Src/stm32l4xx_hal_msp.o
                0x0000000008002e2c                HAL_MspInit
 .text.HAL_I2C_MspInit
                0x0000000008002e7c       0x88 Core/Src/stm32l4xx_hal_msp.o
                0x0000000008002e7c                HAL_I2C_MspInit
 .text.HAL_SPI_MspInit
                0x0000000008002f04       0xf0 Core/Src/stm32l4xx_hal_msp.o
                0x0000000008002f04                HAL_SPI_MspInit
 .text.HAL_UART_MspInit
                0x0000000008002ff4       0x88 Core/Src/stm32l4xx_hal_msp.o
                0x0000000008002ff4                HAL_UART_MspInit
 .text.HAL_InitTick
                0x000000000800307c       0xac Core/Src/stm32l4xx_hal_timebase_tim.o
                0x000000000800307c                HAL_InitTick
 .text.NMI_Handler
                0x0000000008003128        0xe Core/Src/stm32l4xx_it.o
                0x0000000008003128                NMI_Handler
 .text.HardFault_Handler
                0x0000000008003136        0x6 Core/Src/stm32l4xx_it.o
                0x0000000008003136                HardFault_Handler
 .text.MemManage_Handler
                0x000000000800313c        0x6 Core/Src/stm32l4xx_it.o
                0x000000000800313c                MemManage_Handler
 .text.BusFault_Handler
                0x0000000008003142        0x6 Core/Src/stm32l4xx_it.o
                0x0000000008003142                BusFault_Handler
 .text.UsageFault_Handler
                0x0000000008003148        0x6 Core/Src/stm32l4xx_it.o
                0x0000000008003148                UsageFault_Handler
 .text.DebugMon_Handler
                0x000000000800314e        0xe Core/Src/stm32l4xx_it.o
                0x000000000800314e                DebugMon_Handler
 .text.TIM1_UP_TIM16_IRQHandler
                0x000000000800315c       0x14 Core/Src/stm32l4xx_it.o
                0x000000000800315c                TIM1_UP_TIM16_IRQHandler
 .text.USB_IRQHandler
                0x0000000008003170       0x14 Core/Src/stm32l4xx_it.o
                0x0000000008003170                USB_IRQHandler
 .text._read    0x0000000008003184       0x3a Core/Src/syscalls.o
                0x0000000008003184                _read
 .text._write   0x00000000080031be       0x38 Core/Src/syscalls.o
                0x00000000080031be                _write
 .text._close   0x00000000080031f6       0x18 Core/Src/syscalls.o
                0x00000000080031f6                _close
 .text._fstat   0x000000000800320e       0x20 Core/Src/syscalls.o
                0x000000000800320e                _fstat
 .text._isatty  0x000000000800322e       0x16 Core/Src/syscalls.o
                0x000000000800322e                _isatty
 .text._lseek   0x0000000008003244       0x1a Core/Src/syscalls.o
                0x0000000008003244                _lseek
 *fill*         0x000000000800325e        0x2 
 .text._sbrk    0x0000000008003260       0x58 Core/Src/sysmem.o
                0x0000000008003260                _sbrk
 .text.SystemInit
                0x00000000080032b8       0x6c Core/Src/system_stm32l4xx.o
                0x00000000080032b8                SystemInit
 .text.Reset_Handler
                0x0000000008003324       0x50 Core/Startup/startup_stm32l443rctx.o
                0x0000000008003324                Reset_Handler
 .text.Default_Handler
                0x0000000008003374        0x2 Core/Startup/startup_stm32l443rctx.o
                0x0000000008003374                RTC_Alarm_IRQHandler
                0x0000000008003374                EXTI2_IRQHandler
                0x0000000008003374                TIM1_CC_IRQHandler
                0x0000000008003374                TSC_IRQHandler
                0x0000000008003374                TAMP_STAMP_IRQHandler
                0x0000000008003374                EXTI3_IRQHandler
                0x0000000008003374                LPTIM2_IRQHandler
                0x0000000008003374                I2C3_ER_IRQHandler
                0x0000000008003374                EXTI0_IRQHandler
                0x0000000008003374                I2C2_EV_IRQHandler
                0x0000000008003374                CAN1_RX0_IRQHandler
                0x0000000008003374                FPU_IRQHandler
                0x0000000008003374                SPI1_IRQHandler
                0x0000000008003374                TIM6_DAC_IRQHandler
                0x0000000008003374                DMA2_Channel2_IRQHandler
                0x0000000008003374                DMA1_Channel4_IRQHandler
                0x0000000008003374                ADC1_IRQHandler
                0x0000000008003374                USART3_IRQHandler
                0x0000000008003374                DMA1_Channel7_IRQHandler
                0x0000000008003374                CAN1_RX1_IRQHandler
                0x0000000008003374                LCD_IRQHandler
                0x0000000008003374                DMA2_Channel1_IRQHandler
                0x0000000008003374                QUADSPI_IRQHandler
                0x0000000008003374                I2C1_EV_IRQHandler
                0x0000000008003374                DMA1_Channel6_IRQHandler
                0x0000000008003374                DMA2_Channel4_IRQHandler
                0x0000000008003374                RCC_IRQHandler
                0x0000000008003374                TIM1_TRG_COM_IRQHandler
                0x0000000008003374                DMA1_Channel1_IRQHandler
                0x0000000008003374                Default_Handler
                0x0000000008003374                DMA2_Channel7_IRQHandler
                0x0000000008003374                EXTI15_10_IRQHandler
                0x0000000008003374                TIM7_IRQHandler
                0x0000000008003374                SDMMC1_IRQHandler
                0x0000000008003374                I2C3_EV_IRQHandler
                0x0000000008003374                EXTI9_5_IRQHandler
                0x0000000008003374                RTC_WKUP_IRQHandler
                0x0000000008003374                PVD_PVM_IRQHandler
                0x0000000008003374                SPI2_IRQHandler
                0x0000000008003374                CAN1_TX_IRQHandler
                0x0000000008003374                DMA2_Channel5_IRQHandler
                0x0000000008003374                CRS_IRQHandler
                0x0000000008003374                DMA1_Channel5_IRQHandler
                0x0000000008003374                EXTI4_IRQHandler
                0x0000000008003374                RNG_IRQHandler
                0x0000000008003374                DMA1_Channel3_IRQHandler
                0x0000000008003374                COMP_IRQHandler
                0x0000000008003374                WWDG_IRQHandler
                0x0000000008003374                LPUART1_IRQHandler
                0x0000000008003374                DMA2_Channel6_IRQHandler
                0x0000000008003374                TIM2_IRQHandler
                0x0000000008003374                EXTI1_IRQHandler
                0x0000000008003374                AES_IRQHandler
                0x0000000008003374                USART2_IRQHandler
                0x0000000008003374                I2C2_ER_IRQHandler
                0x0000000008003374                DMA1_Channel2_IRQHandler
                0x0000000008003374                CAN1_SCE_IRQHandler
                0x0000000008003374                FLASH_IRQHandler
                0x0000000008003374                USART1_IRQHandler
                0x0000000008003374                SPI3_IRQHandler
                0x0000000008003374                I2C1_ER_IRQHandler
                0x0000000008003374                SWPMI1_IRQHandler
                0x0000000008003374                LPTIM1_IRQHandler
                0x0000000008003374                SAI1_IRQHandler
                0x0000000008003374                DMA2_Channel3_IRQHandler
                0x0000000008003374                TIM1_BRK_TIM15_IRQHandler
 .text.HAL_Init
                0x0000000008003376       0x30 Drivers/STM32L4xx_HAL_Driver/Src/stm32l4xx_hal.o
                0x0000000008003376                HAL_Init
 *fill*         0x00000000080033a6        0x2 
 .text.HAL_IncTick
                0x00000000080033a8       0x24 Drivers/STM32L4xx_HAL_Driver/Src/stm32l4xx_hal.o
                0x00000000080033a8                HAL_IncTick
 .text.HAL_GetTick
                0x00000000080033cc       0x18 Drivers/STM32L4xx_HAL_Driver/Src/stm32l4xx_hal.o
                0x00000000080033cc                HAL_GetTick
 .text.HAL_Delay
                0x00000000080033e4       0x44 Drivers/STM32L4xx_HAL_Driver/Src/stm32l4xx_hal.o
                0x00000000080033e4                HAL_Delay
 .text.__NVIC_SetPriorityGrouping
                0x0000000008003428       0x48 Drivers/STM32L4xx_HAL_Driver/Src/stm32l4xx_hal_cortex.o
 .text.__NVIC_GetPriorityGrouping
                0x0000000008003470       0x1c Drivers/STM32L4xx_HAL_Driver/Src/stm32l4xx_hal_cortex.o
 .text.__NVIC_EnableIRQ
                0x000000000800348c       0x3c Drivers/STM32L4xx_HAL_Driver/Src/stm32l4xx_hal_cortex.o
 .text.__NVIC_SetPriority
                0x00000000080034c8       0x54 Drivers/STM32L4xx_HAL_Driver/Src/stm32l4xx_hal_cortex.o
 .text.NVIC_EncodePriority
                0x000000000800351c       0x66 Drivers/STM32L4xx_HAL_Driver/Src/stm32l4xx_hal_cortex.o
 .text.HAL_NVIC_SetPriorityGrouping
                0x0000000008003582       0x16 Drivers/STM32L4xx_HAL_Driver/Src/stm32l4xx_hal_cortex.o
                0x0000000008003582                HAL_NVIC_SetPriorityGrouping
 .text.HAL_NVIC_SetPriority
                0x0000000008003598       0x38 Drivers/STM32L4xx_HAL_Driver/Src/stm32l4xx_hal_cortex.o
                0x0000000008003598                HAL_NVIC_SetPriority
 .text.HAL_NVIC_EnableIRQ
                0x00000000080035d0       0x1c Drivers/STM32L4xx_HAL_Driver/Src/stm32l4xx_hal_cortex.o
                0x00000000080035d0                HAL_NVIC_EnableIRQ
 .text.HAL_GPIO_Init
                0x00000000080035ec      0x2f4 Drivers/STM32L4xx_HAL_Driver/Src/stm32l4xx_hal_gpio.o
                0x00000000080035ec                HAL_GPIO_Init
 .text.HAL_GPIO_ReadPin
                0x00000000080038e0       0x30 Drivers/STM32L4xx_HAL_Driver/Src/stm32l4xx_hal_gpio.o
                0x00000000080038e0                HAL_GPIO_ReadPin
 .text.HAL_GPIO_WritePin
                0x0000000008003910       0x30 Drivers/STM32L4xx_HAL_Driver/Src/stm32l4xx_hal_gpio.o
                0x0000000008003910                HAL_GPIO_WritePin
 .text.HAL_I2C_Init
                0x0000000008003940      0x11e Drivers/STM32L4xx_HAL_Driver/Src/stm32l4xx_hal_i2c.o
                0x0000000008003940                HAL_I2C_Init
 *fill*         0x0000000008003a5e        0x2 
 .text.HAL_I2C_Master_Transmit
                0x0000000008003a60      0x1e8 Drivers/STM32L4xx_HAL_Driver/Src/stm32l4xx_hal_i2c.o
                0x0000000008003a60                HAL_I2C_Master_Transmit
 .text.HAL_I2C_Master_Receive
                0x0000000008003c48      0x1ec Drivers/STM32L4xx_HAL_Driver/Src/stm32l4xx_hal_i2c.o
                0x0000000008003c48                HAL_I2C_Master_Receive
 .text.HAL_I2C_IsDeviceReady
                0x0000000008003e34      0x20e Drivers/STM32L4xx_HAL_Driver/Src/stm32l4xx_hal_i2c.o
                0x0000000008003e34                HAL_I2C_IsDeviceReady
 .text.I2C_Flush_TXDR
                0x0000000008004042       0x48 Drivers/STM32L4xx_HAL_Driver/Src/stm32l4xx_hal_i2c.o
 .text.I2C_WaitOnFlagUntilTimeout
                0x000000000800408a       0x80 Drivers/STM32L4xx_HAL_Driver/Src/stm32l4xx_hal_i2c.o
 .text.I2C_WaitOnTXISFlagUntilTimeout
                0x000000000800410a       0x80 Drivers/STM32L4xx_HAL_Driver/Src/stm32l4xx_hal_i2c.o
 .text.I2C_WaitOnSTOPFlagUntilTimeout
                0x000000000800418a       0x78 Drivers/STM32L4xx_HAL_Driver/Src/stm32l4xx_hal_i2c.o
 *fill*         0x0000000008004202        0x2 
 .text.I2C_WaitOnRXNEFlagUntilTimeout
                0x0000000008004204       0xd8 Drivers/STM32L4xx_HAL_Driver/Src/stm32l4xx_hal_i2c.o
 .text.I2C_IsAcknowledgeFailed
                0x00000000080042dc       0xcc Drivers/STM32L4xx_HAL_Driver/Src/stm32l4xx_hal_i2c.o
 .text.I2C_TransferConfig
                0x00000000080043a8       0x5c Drivers/STM32L4xx_HAL_Driver/Src/stm32l4xx_hal_i2c.o
 .text.HAL_I2CEx_ConfigAnalogFilter
                0x0000000008004404       0x96 Drivers/STM32L4xx_HAL_Driver/Src/stm32l4xx_hal_i2c_ex.o
                0x0000000008004404                HAL_I2CEx_ConfigAnalogFilter
 .text.HAL_I2CEx_ConfigDigitalFilter
                0x000000000800449a       0x98 Drivers/STM32L4xx_HAL_Driver/Src/stm32l4xx_hal_i2c_ex.o
                0x000000000800449a                HAL_I2CEx_ConfigDigitalFilter
 .text.HAL_PCD_IRQHandler
                0x0000000008004532      0x29c Drivers/STM32L4xx_HAL_Driver/Src/stm32l4xx_hal_pcd.o
                0x0000000008004532                HAL_PCD_IRQHandler
 .text.HAL_PCD_SetAddress
                0x00000000080047ce       0x4a Drivers/STM32L4xx_HAL_Driver/Src/stm32l4xx_hal_pcd.o
                0x00000000080047ce                HAL_PCD_SetAddress
 .text.HAL_PCD_EP_Open
                0x0000000008004818       0xc0 Drivers/STM32L4xx_HAL_Driver/Src/stm32l4xx_hal_pcd.o
                0x0000000008004818                HAL_PCD_EP_Open
 .text.HAL_PCD_EP_Receive
                0x00000000080048d8       0x74 Drivers/STM32L4xx_HAL_Driver/Src/stm32l4xx_hal_pcd.o
                0x00000000080048d8                HAL_PCD_EP_Receive
 .text.HAL_PCD_EP_Transmit
                0x000000000800494c       0x72 Drivers/STM32L4xx_HAL_Driver/Src/stm32l4xx_hal_pcd.o
                0x000000000800494c                HAL_PCD_EP_Transmit
 .text.HAL_PCD_EP_SetStall
                0x00000000080049be       0xb4 Drivers/STM32L4xx_HAL_Driver/Src/stm32l4xx_hal_pcd.o
                0x00000000080049be                HAL_PCD_EP_SetStall
 .text.HAL_PCD_EP_ClrStall
                0x0000000008004a72       0x9c Drivers/STM32L4xx_HAL_Driver/Src/stm32l4xx_hal_pcd.o
                0x0000000008004a72                HAL_PCD_EP_ClrStall
 *fill*         0x0000000008004b0e        0x2 
 .text.PCD_EP_ISR_Handler
                0x0000000008004b10      0x518 Drivers/STM32L4xx_HAL_Driver/Src/stm32l4xx_hal_pcd.o
 .text.HAL_PWR_EnableBkUpAccess
                0x0000000008005028       0x20 Drivers/STM32L4xx_HAL_Driver/Src/stm32l4xx_hal_pwr.o
                0x0000000008005028                HAL_PWR_EnableBkUpAccess
 .text.HAL_PWREx_GetVoltageRange
                0x0000000008005048       0x1c Drivers/STM32L4xx_HAL_Driver/Src/stm32l4xx_hal_pwr_ex.o
                0x0000000008005048                HAL_PWREx_GetVoltageRange
 .text.HAL_PWREx_ControlVoltageScaling
                0x0000000008005064       0xac Drivers/STM32L4xx_HAL_Driver/Src/stm32l4xx_hal_pwr_ex.o
                0x0000000008005064                HAL_PWREx_ControlVoltageScaling
 .text.HAL_RCC_OscConfig
                0x0000000008005110      0x840 Drivers/STM32L4xx_HAL_Driver/Src/stm32l4xx_hal_rcc.o
                0x0000000008005110                HAL_RCC_OscConfig
 .text.HAL_RCC_ClockConfig
                0x0000000008005950      0x1c4 Drivers/STM32L4xx_HAL_Driver/Src/stm32l4xx_hal_rcc.o
                0x0000000008005950                HAL_RCC_ClockConfig
 .text.HAL_RCC_GetSysClockFreq
                0x0000000008005b14      0x114 Drivers/STM32L4xx_HAL_Driver/Src/stm32l4xx_hal_rcc.o
                0x0000000008005b14                HAL_RCC_GetSysClockFreq
 .text.HAL_RCC_GetHCLKFreq
                0x0000000008005c28       0x18 Drivers/STM32L4xx_HAL_Driver/Src/stm32l4xx_hal_rcc.o
                0x0000000008005c28                HAL_RCC_GetHCLKFreq
 .text.HAL_RCC_GetPCLK1Freq
                0x0000000008005c40       0x2c Drivers/STM32L4xx_HAL_Driver/Src/stm32l4xx_hal_rcc.o
                0x0000000008005c40                HAL_RCC_GetPCLK1Freq
 .text.HAL_RCC_GetPCLK2Freq
                0x0000000008005c6c       0x2c Drivers/STM32L4xx_HAL_Driver/Src/stm32l4xx_hal_rcc.o
                0x0000000008005c6c                HAL_RCC_GetPCLK2Freq
 .text.HAL_RCC_GetClockConfig
                0x0000000008005c98       0x64 Drivers/STM32L4xx_HAL_Driver/Src/stm32l4xx_hal_rcc.o
                0x0000000008005c98                HAL_RCC_GetClockConfig
 .text.RCC_SetFlashLatencyFromMSIRange
                0x0000000008005cfc       0xc0 Drivers/STM32L4xx_HAL_Driver/Src/stm32l4xx_hal_rcc.o
 .text.HAL_RCCEx_PeriphCLKConfig
                0x0000000008005dbc      0x488 Drivers/STM32L4xx_HAL_Driver/Src/stm32l4xx_hal_rcc_ex.o
                0x0000000008005dbc                HAL_RCCEx_PeriphCLKConfig
 .text.HAL_RCCEx_EnableMSIPLLMode
                0x0000000008006244       0x20 Drivers/STM32L4xx_HAL_Driver/Src/stm32l4xx_hal_rcc_ex.o
                0x0000000008006244                HAL_RCCEx_EnableMSIPLLMode
 .text.RCCEx_PLLSAI1_Config
                0x0000000008006264      0x1e0 Drivers/STM32L4xx_HAL_Driver/Src/stm32l4xx_hal_rcc_ex.o
 .text.HAL_SPI_Init
                0x0000000008006444      0x114 Drivers/STM32L4xx_HAL_Driver/Src/stm32l4xx_hal_spi.o
                0x0000000008006444                HAL_SPI_Init
 .text.HAL_SPI_Transmit
                0x0000000008006558      0x2cc Drivers/STM32L4xx_HAL_Driver/Src/stm32l4xx_hal_spi.o
                0x0000000008006558                HAL_SPI_Transmit
 .text.HAL_SPI_TransmitReceive
                0x0000000008006824      0x426 Drivers/STM32L4xx_HAL_Driver/Src/stm32l4xx_hal_spi.o
                0x0000000008006824                HAL_SPI_TransmitReceive
 .text.SPI_WaitFlagStateUntilTimeout
                0x0000000008006c4a       0xd4 Drivers/STM32L4xx_HAL_Driver/Src/stm32l4xx_hal_spi.o
 .text.SPI_WaitFifoStateUntilTimeout
                0x0000000008006d1e       0xda Drivers/STM32L4xx_HAL_Driver/Src/stm32l4xx_hal_spi.o
 .text.SPI_EndRxTxTransaction
                0x0000000008006df8       0x8c Drivers/STM32L4xx_HAL_Driver/Src/stm32l4xx_hal_spi.o
 .text.HAL_TIM_Base_Init
                0x0000000008006e84       0x56 Drivers/STM32L4xx_HAL_Driver/Src/stm32l4xx_hal_tim.o
                0x0000000008006e84                HAL_TIM_Base_Init
 .text.HAL_TIM_Base_MspInit
                0x0000000008006eda       0x14 Drivers/STM32L4xx_HAL_Driver/Src/stm32l4xx_hal_tim.o
                0x0000000008006eda                HAL_TIM_Base_MspInit
 *fill*         0x0000000008006eee        0x2 
 .text.HAL_TIM_Base_Start_IT
                0x0000000008006ef0       0x54 Drivers/STM32L4xx_HAL_Driver/Src/stm32l4xx_hal_tim.o
                0x0000000008006ef0                HAL_TIM_Base_Start_IT
 .text.HAL_TIM_IRQHandler
                0x0000000008006f44      0x23e Drivers/STM32L4xx_HAL_Driver/Src/stm32l4xx_hal_tim.o
                0x0000000008006f44                HAL_TIM_IRQHandler
 .text.HAL_TIM_OC_DelayElapsedCallback
                0x0000000008007182       0x14 Drivers/STM32L4xx_HAL_Driver/Src/stm32l4xx_hal_tim.o
                0x0000000008007182                HAL_TIM_OC_DelayElapsedCallback
 .text.HAL_TIM_IC_CaptureCallback
                0x0000000008007196       0x14 Drivers/STM32L4xx_HAL_Driver/Src/stm32l4xx_hal_tim.o
                0x0000000008007196                HAL_TIM_IC_CaptureCallback
 .text.HAL_TIM_PWM_PulseFinishedCallback
                0x00000000080071aa       0x14 Drivers/STM32L4xx_HAL_Driver/Src/stm32l4xx_hal_tim.o
                0x00000000080071aa                HAL_TIM_PWM_PulseFinishedCallback
 .text.HAL_TIM_TriggerCallback
                0x00000000080071be       0x14 Drivers/STM32L4xx_HAL_Driver/Src/stm32l4xx_hal_tim.o
                0x00000000080071be                HAL_TIM_TriggerCallback
 *fill*         0x00000000080071d2        0x2 
 .text.TIM_Base_SetConfig
                0x00000000080071d4       0xc8 Drivers/STM32L4xx_HAL_Driver/Src/stm32l4xx_hal_tim.o
                0x00000000080071d4                TIM_Base_SetConfig
 .text.HAL_TIMEx_CommutCallback
                0x000000000800729c       0x14 Drivers/STM32L4xx_HAL_Driver/Src/stm32l4xx_hal_tim_ex.o
                0x000000000800729c                HAL_TIMEx_CommutCallback
 .text.HAL_TIMEx_BreakCallback
                0x00000000080072b0       0x14 Drivers/STM32L4xx_HAL_Driver/Src/stm32l4xx_hal_tim_ex.o
                0x00000000080072b0                HAL_TIMEx_BreakCallback
 .text.HAL_TIMEx_Break2Callback
                0x00000000080072c4       0x14 Drivers/STM32L4xx_HAL_Driver/Src/stm32l4xx_hal_tim_ex.o
                0x00000000080072c4                HAL_TIMEx_Break2Callback
 .text.HAL_UART_Init
                0x00000000080072d8       0x9c Drivers/STM32L4xx_HAL_Driver/Src/stm32l4xx_hal_uart.o
                0x00000000080072d8                HAL_UART_Init
 .text.UART_SetConfig
                0x0000000008007374      0x628 Drivers/STM32L4xx_HAL_Driver/Src/stm32l4xx_hal_uart.o
                0x0000000008007374                UART_SetConfig
 .text.UART_AdvFeatureConfig
                0x000000000800799c      0x144 Drivers/STM32L4xx_HAL_Driver/Src/stm32l4xx_hal_uart.o
                0x000000000800799c                UART_AdvFeatureConfig
 .text.UART_CheckIdleState
                0x0000000008007ae0       0x8a Drivers/STM32L4xx_HAL_Driver/Src/stm32l4xx_hal_uart.o
                0x0000000008007ae0                UART_CheckIdleState
 .text.UART_WaitOnFlagUntilTimeout
                0x0000000008007b6a       0xf6 Drivers/STM32L4xx_HAL_Driver/Src/stm32l4xx_hal_uart.o
                0x0000000008007b6a                UART_WaitOnFlagUntilTimeout
 .text.USB_ActivateEndpoint
                0x0000000008007c60      0x5e0 Drivers/STM32L4xx_HAL_Driver/Src/stm32l4xx_ll_usb.o
                0x0000000008007c60                USB_ActivateEndpoint
 .text.USB_EPStartXfer
                0x0000000008008240      0x570 Drivers/STM32L4xx_HAL_Driver/Src/stm32l4xx_ll_usb.o
                0x0000000008008240                USB_EPStartXfer
 .text.USB_EPSetStall
                0x00000000080087b0       0x84 Drivers/STM32L4xx_HAL_Driver/Src/stm32l4xx_ll_usb.o
                0x00000000080087b0                USB_EPSetStall
 .text.USB_EPClearStall
                0x0000000008008834      0x128 Drivers/STM32L4xx_HAL_Driver/Src/stm32l4xx_ll_usb.o
                0x0000000008008834                USB_EPClearStall
 .text.USB_SetDevAddress
                0x000000000800895c       0x28 Drivers/STM32L4xx_HAL_Driver/Src/stm32l4xx_ll_usb.o
                0x000000000800895c                USB_SetDevAddress
 .text.USB_ReadInterrupts
                0x0000000008008984       0x20 Drivers/STM32L4xx_HAL_Driver/Src/stm32l4xx_ll_usb.o
                0x0000000008008984                USB_ReadInterrupts
 .text.USB_EP0_OutStart
                0x00000000080089a4       0x18 Drivers/STM32L4xx_HAL_Driver/Src/stm32l4xx_ll_usb.o
                0x00000000080089a4                USB_EP0_OutStart
 .text.USB_WritePMA
                0x00000000080089bc       0x82 Drivers/STM32L4xx_HAL_Driver/Src/stm32l4xx_ll_usb.o
                0x00000000080089bc                USB_WritePMA
 .text.USB_ReadPMA
                0x0000000008008a3e       0x98 Drivers/STM32L4xx_HAL_Driver/Src/stm32l4xx_ll_usb.o
                0x0000000008008a3e                USB_ReadPMA
 .text.USBD_RunTestMode
                0x0000000008008ad6       0x16 Middlewares/ST/STM32_USB_Device_Library/Core/Src/usbd_core.o
                0x0000000008008ad6                USBD_RunTestMode
 .text.USBD_SetClassConfig
                0x0000000008008aec       0x3e Middlewares/ST/STM32_USB_Device_Library/Core/Src/usbd_core.o
                0x0000000008008aec                USBD_SetClassConfig
 .text.USBD_ClrClassConfig
                0x0000000008008b2a       0x26 Middlewares/ST/STM32_USB_Device_Library/Core/Src/usbd_core.o
                0x0000000008008b2a                USBD_ClrClassConfig
 .text.USBD_LL_SetupStage
                0x0000000008008b50       0x96 Middlewares/ST/STM32_USB_Device_Library/Core/Src/usbd_core.o
                0x0000000008008b50                USBD_LL_SetupStage
 .text.USBD_LL_DataOutStage
                0x0000000008008be6       0xe2 Middlewares/ST/STM32_USB_Device_Library/Core/Src/usbd_core.o
                0x0000000008008be6                USBD_LL_DataOutStage
 .text.USBD_LL_DataInStage
                0x0000000008008cc8      0x14a Middlewares/ST/STM32_USB_Device_Library/Core/Src/usbd_core.o
                0x0000000008008cc8                USBD_LL_DataInStage
 .text.USBD_LL_Reset
                0x0000000008008e12       0x82 Middlewares/ST/STM32_USB_Device_Library/Core/Src/usbd_core.o
                0x0000000008008e12                USBD_LL_Reset
 .text.USBD_LL_SetSpeed
                0x0000000008008e94       0x20 Middlewares/ST/STM32_USB_Device_Library/Core/Src/usbd_core.o
                0x0000000008008e94                USBD_LL_SetSpeed
 .text.USBD_LL_Suspend
                0x0000000008008eb4       0x2a Middlewares/ST/STM32_USB_Device_Library/Core/Src/usbd_core.o
                0x0000000008008eb4                USBD_LL_Suspend
 .text.USBD_LL_Resume
                0x0000000008008ede       0x2c Middlewares/ST/STM32_USB_Device_Library/Core/Src/usbd_core.o
                0x0000000008008ede                USBD_LL_Resume
 .text.USBD_LL_SOF
                0x0000000008008f0a       0x34 Middlewares/ST/STM32_USB_Device_Library/Core/Src/usbd_core.o
                0x0000000008008f0a                USBD_LL_SOF
 *fill*         0x0000000008008f3e        0x2 
 .text.USBD_StdDevReq
                0x0000000008008f40       0xd4 Middlewares/ST/STM32_USB_Device_Library/Core/Src/usbd_ctlreq.o
                0x0000000008008f40                USBD_StdDevReq
 .text.USBD_StdItfReq
                0x0000000008009014       0x8c Middlewares/ST/STM32_USB_Device_Library/Core/Src/usbd_ctlreq.o
                0x0000000008009014                USBD_StdItfReq
 .text.USBD_StdEPReq
                0x00000000080090a0      0x2ba Middlewares/ST/STM32_USB_Device_Library/Core/Src/usbd_ctlreq.o
                0x00000000080090a0                USBD_StdEPReq
 *fill*         0x000000000800935a        0x2 
 .text.USBD_GetDescriptor
                0x000000000800935c      0x324 Middlewares/ST/STM32_USB_Device_Library/Core/Src/usbd_ctlreq.o
 .text.USBD_SetAddress
                0x0000000008009680       0x84 Middlewares/ST/STM32_USB_Device_Library/Core/Src/usbd_ctlreq.o
 .text.USBD_SetConfig
                0x0000000008009704      0x11c Middlewares/ST/STM32_USB_Device_Library/Core/Src/usbd_ctlreq.o
 .text.USBD_GetConfig
                0x0000000008009820       0x68 Middlewares/ST/STM32_USB_Device_Library/Core/Src/usbd_ctlreq.o
 .text.USBD_GetStatus
                0x0000000008009888       0x66 Middlewares/ST/STM32_USB_Device_Library/Core/Src/usbd_ctlreq.o
 .text.USBD_SetFeature
                0x00000000080098ee       0x28 Middlewares/ST/STM32_USB_Device_Library/Core/Src/usbd_ctlreq.o
 .text.USBD_ClrFeature
                0x0000000008009916       0x42 Middlewares/ST/STM32_USB_Device_Library/Core/Src/usbd_ctlreq.o
 .text.USBD_ParseSetupRequest
                0x0000000008009958       0x7a Middlewares/ST/STM32_USB_Device_Library/Core/Src/usbd_ctlreq.o
                0x0000000008009958                USBD_ParseSetupRequest
 .text.USBD_CtlError
                0x00000000080099d2       0x22 Middlewares/ST/STM32_USB_Device_Library/Core/Src/usbd_ctlreq.o
                0x00000000080099d2                USBD_CtlError
 .text.USBD_CtlSendData
                0x00000000080099f4       0x38 Middlewares/ST/STM32_USB_Device_Library/Core/Src/usbd_ioreq.o
                0x00000000080099f4                USBD_CtlSendData
 .text.USBD_CtlContinueSendData
                0x0000000008009a2c       0x24 Middlewares/ST/STM32_USB_Device_Library/Core/Src/usbd_ioreq.o
                0x0000000008009a2c                USBD_CtlContinueSendData
 .text.USBD_CtlContinueRx
                0x0000000008009a50       0x24 Middlewares/ST/STM32_USB_Device_Library/Core/Src/usbd_ioreq.o
                0x0000000008009a50                USBD_CtlContinueRx
 .text.USBD_CtlSendStatus
                0x0000000008009a74       0x26 Middlewares/ST/STM32_USB_Device_Library/Core/Src/usbd_ioreq.o
                0x0000000008009a74                USBD_CtlSendStatus
 .text.USBD_CtlReceiveStatus
                0x0000000008009a9a       0x26 Middlewares/ST/STM32_USB_Device_Library/Core/Src/usbd_ioreq.o
                0x0000000008009a9a                USBD_CtlReceiveStatus
 .text.osDelay  0x0000000008009ac0       0x5c Middlewares/Third_Party/FreeRTOS/Source/CMSIS_RTOS_V2/cmsis_os2.o
                0x0000000008009ac0                osDelay
 .text.vApplicationGetIdleTaskMemory
                0x0000000008009b1c       0x34 Middlewares/Third_Party/FreeRTOS/Source/CMSIS_RTOS_V2/cmsis_os2.o
                0x0000000008009b1c                vApplicationGetIdleTaskMemory
 .text.vApplicationGetTimerTaskMemory
                0x0000000008009b50       0x34 Middlewares/Third_Party/FreeRTOS/Source/CMSIS_RTOS_V2/cmsis_os2.o
                0x0000000008009b50                vApplicationGetTimerTaskMemory
 .text.vListInitialise
                0x0000000008009b84       0x40 Middlewares/Third_Party/FreeRTOS/Source/list.o
                0x0000000008009b84                vListInitialise
 .text.vListInitialiseItem
                0x0000000008009bc4       0x1a Middlewares/Third_Party/FreeRTOS/Source/list.o
                0x0000000008009bc4                vListInitialiseItem
 .text.vListInsertEnd
                0x0000000008009bde       0x48 Middlewares/Third_Party/FreeRTOS/Source/list.o
                0x0000000008009bde                vListInsertEnd
 .text.vListInsert
                0x0000000008009c26       0x72 Middlewares/Third_Party/FreeRTOS/Source/list.o
                0x0000000008009c26                vListInsert
 .text.uxListRemove
                0x0000000008009c98       0x54 Middlewares/Third_Party/FreeRTOS/Source/list.o
                0x0000000008009c98                uxListRemove
 .text.xQueueGenericReset
                0x0000000008009cec       0xd0 Middlewares/Third_Party/FreeRTOS/Source/queue.o
                0x0000000008009cec                xQueueGenericReset
 .text.xQueueGenericCreateStatic
                0x0000000008009dbc       0xe6 Middlewares/Third_Party/FreeRTOS/Source/queue.o
                0x0000000008009dbc                xQueueGenericCreateStatic
 .text.prvInitialiseNewQueue
                0x0000000008009ea2       0x46 Middlewares/Third_Party/FreeRTOS/Source/queue.o
 .text.xQueueGenericSend
                0x0000000008009ee8      0x1f4 Middlewares/Third_Party/FreeRTOS/Source/queue.o
                0x0000000008009ee8                xQueueGenericSend
 .text.xQueueGenericSendFromISR
                0x000000000800a0dc      0x128 Middlewares/Third_Party/FreeRTOS/Source/queue.o
                0x000000000800a0dc                xQueueGenericSendFromISR
 .text.xQueueReceive
                0x000000000800a204      0x1b8 Middlewares/Third_Party/FreeRTOS/Source/queue.o
                0x000000000800a204                xQueueReceive
 .text.prvCopyDataToQueue
                0x000000000800a3bc       0xd4 Middlewares/Third_Party/FreeRTOS/Source/queue.o
 .text.prvCopyDataFromQueue
                0x000000000800a490       0x4c Middlewares/Third_Party/FreeRTOS/Source/queue.o
 .text.prvUnlockQueue
                0x000000000800a4dc       0xa4 Middlewares/Third_Party/FreeRTOS/Source/queue.o
 .text.prvIsQueueEmpty
                0x000000000800a580       0x2c Middlewares/Third_Party/FreeRTOS/Source/queue.o
 .text.prvIsQueueFull
                0x000000000800a5ac       0x30 Middlewares/Third_Party/FreeRTOS/Source/queue.o
 .text.vQueueAddToRegistry
                0x000000000800a5dc       0x50 Middlewares/Third_Party/FreeRTOS/Source/queue.o
                0x000000000800a5dc                vQueueAddToRegistry
 .text.vQueueWaitForMessageRestricted
                0x000000000800a62c       0x68 Middlewares/Third_Party/FreeRTOS/Source/queue.o
                0x000000000800a62c                vQueueWaitForMessageRestricted
 .text.xTaskCreateStatic
                0x000000000800a694       0xb4 Middlewares/Third_Party/FreeRTOS/Source/tasks.o
                0x000000000800a694                xTaskCreateStatic
 .text.xTaskCreate
                0x000000000800a748       0x8a Middlewares/Third_Party/FreeRTOS/Source/tasks.o
                0x000000000800a748                xTaskCreate
 .text.prvInitialiseNewTask
                0x000000000800a7d2      0x11c Middlewares/Third_Party/FreeRTOS/Source/tasks.o
 *fill*         0x000000000800a8ee        0x2 
 .text.prvAddNewTaskToReadyList
                0x000000000800a8f0       0xe0 Middlewares/Third_Party/FreeRTOS/Source/tasks.o
 .text.vTaskDelay
                0x000000000800a9d0       0x68 Middlewares/Third_Party/FreeRTOS/Source/tasks.o
                0x000000000800a9d0                vTaskDelay
 .text.vTaskStartScheduler
                0x000000000800aa38       0xc8 Middlewares/Third_Party/FreeRTOS/Source/tasks.o
                0x000000000800aa38                vTaskStartScheduler
 .text.vTaskSuspendAll
                0x000000000800ab00       0x1c Middlewares/Third_Party/FreeRTOS/Source/tasks.o
                0x000000000800ab00                vTaskSuspendAll
 .text.xTaskResumeAll
                0x000000000800ab1c      0x138 Middlewares/Third_Party/FreeRTOS/Source/tasks.o
                0x000000000800ab1c                xTaskResumeAll
 .text.xTaskGetTickCount
                0x000000000800ac54       0x20 Middlewares/Third_Party/FreeRTOS/Source/tasks.o
                0x000000000800ac54                xTaskGetTickCount
 .text.xTaskIncrementTick
                0x000000000800ac74      0x170 Middlewares/Third_Party/FreeRTOS/Source/tasks.o
                0x000000000800ac74                xTaskIncrementTick
 .text.vTaskSwitchContext
                0x000000000800ade4       0xb8 Middlewares/Third_Party/FreeRTOS/Source/tasks.o
                0x000000000800ade4                vTaskSwitchContext
 .text.vTaskPlaceOnEventList
                0x000000000800ae9c       0x48 Middlewares/Third_Party/FreeRTOS/Source/tasks.o
                0x000000000800ae9c                vTaskPlaceOnEventList
 .text.vTaskPlaceOnEventListRestricted
                0x000000000800aee4       0x54 Middlewares/Third_Party/FreeRTOS/Source/tasks.o
                0x000000000800aee4                vTaskPlaceOnEventListRestricted
 .text.xTaskRemoveFromEventList
                0x000000000800af38       0xc4 Middlewares/Third_Party/FreeRTOS/Source/tasks.o
                0x000000000800af38                xTaskRemoveFromEventList
 .text.vTaskInternalSetTimeOutState
                0x000000000800affc       0x2c Middlewares/Third_Party/FreeRTOS/Source/tasks.o
                0x000000000800affc                vTaskInternalSetTimeOutState
 .text.xTaskCheckForTimeOut
                0x000000000800b028       0xc0 Middlewares/Third_Party/FreeRTOS/Source/tasks.o
                0x000000000800b028                xTaskCheckForTimeOut
 .text.vTaskMissedYield
                0x000000000800b0e8       0x18 Middlewares/Third_Party/FreeRTOS/Source/tasks.o
                0x000000000800b0e8                vTaskMissedYield
 .text.prvIdleTask
                0x000000000800b100       0x34 Middlewares/Third_Party/FreeRTOS/Source/tasks.o
 .text.prvInitialiseTaskLists
                0x000000000800b134       0x80 Middlewares/Third_Party/FreeRTOS/Source/tasks.o
 .text.prvCheckTasksWaitingTermination
                0x000000000800b1b4       0x58 Middlewares/Third_Party/FreeRTOS/Source/tasks.o
 .text.prvDeleteTCB
                0x000000000800b20c       0x5c Middlewares/Third_Party/FreeRTOS/Source/tasks.o
 .text.prvResetNextTaskUnblockTime
                0x000000000800b268       0x40 Middlewares/Third_Party/FreeRTOS/Source/tasks.o
 .text.xTaskGetSchedulerState
                0x000000000800b2a8       0x3c Middlewares/Third_Party/FreeRTOS/Source/tasks.o
                0x000000000800b2a8                xTaskGetSchedulerState
 .text.xTaskPriorityDisinherit
                0x000000000800b2e4       0xd8 Middlewares/Third_Party/FreeRTOS/Source/tasks.o
                0x000000000800b2e4                xTaskPriorityDisinherit
 .text.xTaskNotifyWait
                0x000000000800b3bc       0xb4 Middlewares/Third_Party/FreeRTOS/Source/tasks.o
                0x000000000800b3bc                xTaskNotifyWait
 .text.prvAddCurrentTaskToDelayedList
                0x000000000800b470       0xa8 Middlewares/Third_Party/FreeRTOS/Source/tasks.o
 .text.xTimerCreateTimerTask
                0x000000000800b518       0x90 Middlewares/Third_Party/FreeRTOS/Source/timers.o
                0x000000000800b518                xTimerCreateTimerTask
 .text.xTimerGenericCommand
                0x000000000800b5a8       0x98 Middlewares/Third_Party/FreeRTOS/Source/timers.o
                0x000000000800b5a8                xTimerGenericCommand
 .text.prvProcessExpiredTimer
                0x000000000800b640       0x98 Middlewares/Third_Party/FreeRTOS/Source/timers.o
 .text.prvTimerTask
                0x000000000800b6d8       0x24 Middlewares/Third_Party/FreeRTOS/Source/timers.o
 .text.prvProcessTimerOrBlockTask
                0x000000000800b6fc       0x9c Middlewares/Third_Party/FreeRTOS/Source/timers.o
 .text.prvGetNextExpireTime
                0x000000000800b798       0x48 Middlewares/Third_Party/FreeRTOS/Source/timers.o
 .text.prvSampleTimeNow
                0x000000000800b7e0       0x40 Middlewares/Third_Party/FreeRTOS/Source/timers.o
 .text.prvInsertTimerInActiveList
                0x000000000800b820       0x84 Middlewares/Third_Party/FreeRTOS/Source/timers.o
 .text.prvProcessReceivedCommands
                0x000000000800b8a4      0x1b8 Middlewares/Third_Party/FreeRTOS/Source/timers.o
 .text.prvSwitchTimerLists
                0x000000000800ba5c       0xc8 Middlewares/Third_Party/FreeRTOS/Source/timers.o
 .text.prvCheckForValidListAndQueue
                0x000000000800bb24       0x80 Middlewares/Third_Party/FreeRTOS/Source/timers.o
 .text.pxPortInitialiseStack
                0x000000000800bba4       0x68 Middlewares/Third_Party/FreeRTOS/Source/portable/GCC/ARM_CM4F/port.o
                0x000000000800bba4                pxPortInitialiseStack
 .text.prvTaskExitError
                0x000000000800bc0c       0x54 Middlewares/Third_Party/FreeRTOS/Source/portable/GCC/ARM_CM4F/port.o
 .text.SVC_Handler
                0x000000000800bc60       0x28 Middlewares/Third_Party/FreeRTOS/Source/portable/GCC/ARM_CM4F/port.o
                0x000000000800bc60                SVC_Handler
 .text.prvPortStartFirstTask
                0x000000000800bc88       0x28 Middlewares/Third_Party/FreeRTOS/Source/portable/GCC/ARM_CM4F/port.o
 .text.xPortStartScheduler
                0x000000000800bcb0      0x13c Middlewares/Third_Party/FreeRTOS/Source/portable/GCC/ARM_CM4F/port.o
                0x000000000800bcb0                xPortStartScheduler
 .text.vPortEnterCritical
                0x000000000800bdec       0x5c Middlewares/Third_Party/FreeRTOS/Source/portable/GCC/ARM_CM4F/port.o
                0x000000000800bdec                vPortEnterCritical
 .text.vPortExitCritical
                0x000000000800be48       0x50 Middlewares/Third_Party/FreeRTOS/Source/portable/GCC/ARM_CM4F/port.o
                0x000000000800be48                vPortExitCritical
 *fill*         0x000000000800be98        0x8 
 .text.PendSV_Handler
                0x000000000800bea0       0x68 Middlewares/Third_Party/FreeRTOS/Source/portable/GCC/ARM_CM4F/port.o
                0x000000000800bea0                PendSV_Handler
 .text.SysTick_Handler
                0x000000000800bf08       0x40 Middlewares/Third_Party/FreeRTOS/Source/portable/GCC/ARM_CM4F/port.o
                0x000000000800bf08                SysTick_Handler
 .text.vPortSetupTimerInterrupt
                0x000000000800bf48       0x48 Middlewares/Third_Party/FreeRTOS/Source/portable/GCC/ARM_CM4F/port.o
                0x000000000800bf48                vPortSetupTimerInterrupt
 .text.vPortEnableVFP
                0x000000000800bf90       0x14 Middlewares/Third_Party/FreeRTOS/Source/portable/GCC/ARM_CM4F/port.o
 .text.vPortValidateInterruptPriority
                0x000000000800bfa4       0x7c Middlewares/Third_Party/FreeRTOS/Source/portable/GCC/ARM_CM4F/port.o
                0x000000000800bfa4                vPortValidateInterruptPriority
 .text.pvPortMalloc
                0x000000000800c020      0x184 Middlewares/Third_Party/FreeRTOS/Source/portable/MemMang/heap_4.o
                0x000000000800c020                pvPortMalloc
 .text.vPortFree
                0x000000000800c1a4       0xb0 Middlewares/Third_Party/FreeRTOS/Source/portable/MemMang/heap_4.o
                0x000000000800c1a4                vPortFree
 .text.prvHeapInit
                0x000000000800c254       0xc4 Middlewares/Third_Party/FreeRTOS/Source/portable/MemMang/heap_4.o
 .text.prvInsertBlockIntoFreeList
                0x000000000800c318       0xb4 Middlewares/Third_Party/FreeRTOS/Source/portable/MemMang/heap_4.o
 .text.HAL_PCD_SetupStageCallback
                0x000000000800c3cc       0x24 USB_DEVICE/Target/usbd_conf.o
                0x000000000800c3cc                HAL_PCD_SetupStageCallback
 .text.HAL_PCD_DataOutStageCallback
                0x000000000800c3f0       0x30 USB_DEVICE/Target/usbd_conf.o
                0x000000000800c3f0                HAL_PCD_DataOutStageCallback
 .text.HAL_PCD_DataInStageCallback
                0x000000000800c420       0x2e USB_DEVICE/Target/usbd_conf.o
                0x000000000800c420                HAL_PCD_DataInStageCallback
 .text.HAL_PCD_SOFCallback
                0x000000000800c44e       0x1c USB_DEVICE/Target/usbd_conf.o
                0x000000000800c44e                HAL_PCD_SOFCallback
 .text.HAL_PCD_ResetCallback
                0x000000000800c46a       0x3c USB_DEVICE/Target/usbd_conf.o
                0x000000000800c46a                HAL_PCD_ResetCallback
 *fill*         0x000000000800c4a6        0x2 
 .text.HAL_PCD_SuspendCallback
                0x000000000800c4a8       0x34 USB_DEVICE/Target/usbd_conf.o
                0x000000000800c4a8                HAL_PCD_SuspendCallback
 .text.HAL_PCD_ResumeCallback
                0x000000000800c4dc       0x38 USB_DEVICE/Target/usbd_conf.o
                0x000000000800c4dc                HAL_PCD_ResumeCallback
 .text.USBD_LL_OpenEP
                0x000000000800c514       0x7c USB_DEVICE/Target/usbd_conf.o
                0x000000000800c514                USBD_LL_OpenEP
 .text.USBD_LL_StallEP
                0x000000000800c590       0x6c USB_DEVICE/Target/usbd_conf.o
                0x000000000800c590                USBD_LL_StallEP
 .text.USBD_LL_ClearStallEP
                0x000000000800c5fc       0x6c USB_DEVICE/Target/usbd_conf.o
                0x000000000800c5fc                USBD_LL_ClearStallEP
 .text.USBD_LL_IsStallEP
                0x000000000800c668       0x4c USB_DEVICE/Target/usbd_conf.o
                0x000000000800c668                USBD_LL_IsStallEP
 .text.USBD_LL_SetUSBAddress
                0x000000000800c6b4       0x6c USB_DEVICE/Target/usbd_conf.o
                0x000000000800c6b4                USBD_LL_SetUSBAddress
 .text.USBD_LL_Transmit
                0x000000000800c720       0x74 USB_DEVICE/Target/usbd_conf.o
                0x000000000800c720                USBD_LL_Transmit
 .text.USBD_LL_PrepareReceive
                0x000000000800c794       0x74 USB_DEVICE/Target/usbd_conf.o
                0x000000000800c794                USBD_LL_PrepareReceive
 .text.HAL_PCDEx_LPM_Callback
                0x000000000800c808       0x6c USB_DEVICE/Target/usbd_conf.o
                0x000000000800c808                HAL_PCDEx_LPM_Callback
 .text.SystemClockConfig_Resume
                0x000000000800c874        0xc USB_DEVICE/Target/usbd_conf.o
 .text.__errno  0x000000000800c880        0xc c:/st/stm32cubeide_1.3.0/stm32cubeide/plugins/com.st.stm32cube.ide.mcu.externaltools.gnu-tools-for-stm32.7-2018-q2-update.win32_1.0.0.201904181610/tools/bin/../lib/gcc/arm-none-eabi/7.3.1/../../../../arm-none-eabi/lib/thumb/v7e-m/fpv4-sp/hard\libc_nano.a(lib_a-errno.o)
                0x000000000800c880                __errno
 .text.__libc_init_array
                0x000000000800c88c       0x48 c:/st/stm32cubeide_1.3.0/stm32cubeide/plugins/com.st.stm32cube.ide.mcu.externaltools.gnu-tools-for-stm32.7-2018-q2-update.win32_1.0.0.201904181610/tools/bin/../lib/gcc/arm-none-eabi/7.3.1/../../../../arm-none-eabi/lib/thumb/v7e-m/fpv4-sp/hard\libc_nano.a(lib_a-init.o)
                0x000000000800c88c                __libc_init_array
 .text.memcpy   0x000000000800c8d4       0x16 c:/st/stm32cubeide_1.3.0/stm32cubeide/plugins/com.st.stm32cube.ide.mcu.externaltools.gnu-tools-for-stm32.7-2018-q2-update.win32_1.0.0.201904181610/tools/bin/../lib/gcc/arm-none-eabi/7.3.1/../../../../arm-none-eabi/lib/thumb/v7e-m/fpv4-sp/hard\libc_nano.a(lib_a-memcpy-stub.o)
                0x000000000800c8d4                memcpy
 .text.memset   0x000000000800c8ea       0x10 c:/st/stm32cubeide_1.3.0/stm32cubeide/plugins/com.st.stm32cube.ide.mcu.externaltools.gnu-tools-for-stm32.7-2018-q2-update.win32_1.0.0.201904181610/tools/bin/../lib/gcc/arm-none-eabi/7.3.1/../../../../arm-none-eabi/lib/thumb/v7e-m/fpv4-sp/hard\libc_nano.a(lib_a-memset.o)
                0x000000000800c8ea                memset
 *fill*         0x000000000800c8fa        0x2 
 .text.printf   0x000000000800c8fc       0x30 c:/st/stm32cubeide_1.3.0/stm32cubeide/plugins/com.st.stm32cube.ide.mcu.externaltools.gnu-tools-for-stm32.7-2018-q2-update.win32_1.0.0.201904181610/tools/bin/../lib/gcc/arm-none-eabi/7.3.1/../../../../arm-none-eabi/lib/thumb/v7e-m/fpv4-sp/hard\libc_nano.a(lib_a-printf.o)
                0x000000000800c8fc                iprintf
                0x000000000800c8fc                printf
 .text._puts_r  0x000000000800c92c       0xb8 c:/st/stm32cubeide_1.3.0/stm32cubeide/plugins/com.st.stm32cube.ide.mcu.externaltools.gnu-tools-for-stm32.7-2018-q2-update.win32_1.0.0.201904181610/tools/bin/../lib/gcc/arm-none-eabi/7.3.1/../../../../arm-none-eabi/lib/thumb/v7e-m/fpv4-sp/hard\libc_nano.a(lib_a-puts.o)
                0x000000000800c92c                _puts_r
 .text.puts     0x000000000800c9e4       0x10 c:/st/stm32cubeide_1.3.0/stm32cubeide/plugins/com.st.stm32cube.ide.mcu.externaltools.gnu-tools-for-stm32.7-2018-q2-update.win32_1.0.0.201904181610/tools/bin/../lib/gcc/arm-none-eabi/7.3.1/../../../../arm-none-eabi/lib/thumb/v7e-m/fpv4-sp/hard\libc_nano.a(lib_a-puts.o)
                0x000000000800c9e4                puts
 .text.sprintf  0x000000000800c9f4       0x40 c:/st/stm32cubeide_1.3.0/stm32cubeide/plugins/com.st.stm32cube.ide.mcu.externaltools.gnu-tools-for-stm32.7-2018-q2-update.win32_1.0.0.201904181610/tools/bin/../lib/gcc/arm-none-eabi/7.3.1/../../../../arm-none-eabi/lib/thumb/v7e-m/fpv4-sp/hard\libc_nano.a(lib_a-sprintf.o)
                0x000000000800c9f4                siprintf
                0x000000000800c9f4                sprintf
 .text.__swbuf_r
                0x000000000800ca34       0xa4 c:/st/stm32cubeide_1.3.0/stm32cubeide/plugins/com.st.stm32cube.ide.mcu.externaltools.gnu-tools-for-stm32.7-2018-q2-update.win32_1.0.0.201904181610/tools/bin/../lib/gcc/arm-none-eabi/7.3.1/../../../../arm-none-eabi/lib/thumb/v7e-m/fpv4-sp/hard\libc_nano.a(lib_a-wbuf.o)
                0x000000000800ca34                __swbuf_r
 .text.__swsetup_r
                0x000000000800cad8       0xdc c:/st/stm32cubeide_1.3.0/stm32cubeide/plugins/com.st.stm32cube.ide.mcu.externaltools.gnu-tools-for-stm32.7-2018-q2-update.win32_1.0.0.201904181610/tools/bin/../lib/gcc/arm-none-eabi/7.3.1/../../../../arm-none-eabi/lib/thumb/v7e-m/fpv4-sp/hard\libc_nano.a(lib_a-wsetup.o)
                0x000000000800cad8                __swsetup_r
 .text.__sflush_r
                0x000000000800cbb4      0x10c c:/st/stm32cubeide_1.3.0/stm32cubeide/plugins/com.st.stm32cube.ide.mcu.externaltools.gnu-tools-for-stm32.7-2018-q2-update.win32_1.0.0.201904181610/tools/bin/../lib/gcc/arm-none-eabi/7.3.1/../../../../arm-none-eabi/lib/thumb/v7e-m/fpv4-sp/hard\libc_nano.a(lib_a-fflush.o)
                0x000000000800cbb4                __sflush_r
 .text._fflush_r
                0x000000000800ccc0       0x54 c:/st/stm32cubeide_1.3.0/stm32cubeide/plugins/com.st.stm32cube.ide.mcu.externaltools.gnu-tools-for-stm32.7-2018-q2-update.win32_1.0.0.201904181610/tools/bin/../lib/gcc/arm-none-eabi/7.3.1/../../../../arm-none-eabi/lib/thumb/v7e-m/fpv4-sp/hard\libc_nano.a(lib_a-fflush.o)
                0x000000000800ccc0                _fflush_r
 .text.std      0x000000000800cd14       0x48 c:/st/stm32cubeide_1.3.0/stm32cubeide/plugins/com.st.stm32cube.ide.mcu.externaltools.gnu-tools-for-stm32.7-2018-q2-update.win32_1.0.0.201904181610/tools/bin/../lib/gcc/arm-none-eabi/7.3.1/../../../../arm-none-eabi/lib/thumb/v7e-m/fpv4-sp/hard\libc_nano.a(lib_a-findfp.o)
 .text._cleanup_r
                0x000000000800cd5c        0xc c:/st/stm32cubeide_1.3.0/stm32cubeide/plugins/com.st.stm32cube.ide.mcu.externaltools.gnu-tools-for-stm32.7-2018-q2-update.win32_1.0.0.201904181610/tools/bin/../lib/gcc/arm-none-eabi/7.3.1/../../../../arm-none-eabi/lib/thumb/v7e-m/fpv4-sp/hard\libc_nano.a(lib_a-findfp.o)
                0x000000000800cd5c                _cleanup_r
 .text.__sfmoreglue
                0x000000000800cd68       0x2c c:/st/stm32cubeide_1.3.0/stm32cubeide/plugins/com.st.stm32cube.ide.mcu.externaltools.gnu-tools-for-stm32.7-2018-q2-update.win32_1.0.0.201904181610/tools/bin/../lib/gcc/arm-none-eabi/7.3.1/../../../../arm-none-eabi/lib/thumb/v7e-m/fpv4-sp/hard\libc_nano.a(lib_a-findfp.o)
                0x000000000800cd68                __sfmoreglue
 .text.__sinit  0x000000000800cd94       0x60 c:/st/stm32cubeide_1.3.0/stm32cubeide/plugins/com.st.stm32cube.ide.mcu.externaltools.gnu-tools-for-stm32.7-2018-q2-update.win32_1.0.0.201904181610/tools/bin/../lib/gcc/arm-none-eabi/7.3.1/../../../../arm-none-eabi/lib/thumb/v7e-m/fpv4-sp/hard\libc_nano.a(lib_a-findfp.o)
                0x000000000800cd94                __sinit
 .text.__sfp    0x000000000800cdf4       0x78 c:/st/stm32cubeide_1.3.0/stm32cubeide/plugins/com.st.stm32cube.ide.mcu.externaltools.gnu-tools-for-stm32.7-2018-q2-update.win32_1.0.0.201904181610/tools/bin/../lib/gcc/arm-none-eabi/7.3.1/../../../../arm-none-eabi/lib/thumb/v7e-m/fpv4-sp/hard\libc_nano.a(lib_a-findfp.o)
                0x000000000800cdf4                __sfp
 .text._fwalk_reent
                0x000000000800ce6c       0x3c c:/st/stm32cubeide_1.3.0/stm32cubeide/plugins/com.st.stm32cube.ide.mcu.externaltools.gnu-tools-for-stm32.7-2018-q2-update.win32_1.0.0.201904181610/tools/bin/../lib/gcc/arm-none-eabi/7.3.1/../../../../arm-none-eabi/lib/thumb/v7e-m/fpv4-sp/hard\libc_nano.a(lib_a-fwalk.o)
                0x000000000800ce6c                _fwalk_reent
 .text.__swhatbuf_r
                0x000000000800cea8       0x48 c:/st/stm32cubeide_1.3.0/stm32cubeide/plugins/com.st.stm32cube.ide.mcu.externaltools.gnu-tools-for-stm32.7-2018-q2-update.win32_1.0.0.201904181610/tools/bin/../lib/gcc/arm-none-eabi/7.3.1/../../../../arm-none-eabi/lib/thumb/v7e-m/fpv4-sp/hard\libc_nano.a(lib_a-makebuf.o)
                0x000000000800cea8                __swhatbuf_r
 .text.__smakebuf_r
                0x000000000800cef0       0x80 c:/st/stm32cubeide_1.3.0/stm32cubeide/plugins/com.st.stm32cube.ide.mcu.externaltools.gnu-tools-for-stm32.7-2018-q2-update.win32_1.0.0.201904181610/tools/bin/../lib/gcc/arm-none-eabi/7.3.1/../../../../arm-none-eabi/lib/thumb/v7e-m/fpv4-sp/hard\libc_nano.a(lib_a-makebuf.o)
                0x000000000800cef0                __smakebuf_r
 .text._free_r  0x000000000800cf70       0x9c c:/st/stm32cubeide_1.3.0/stm32cubeide/plugins/com.st.stm32cube.ide.mcu.externaltools.gnu-tools-for-stm32.7-2018-q2-update.win32_1.0.0.201904181610/tools/bin/../lib/gcc/arm-none-eabi/7.3.1/../../../../arm-none-eabi/lib/thumb/v7e-m/fpv4-sp/hard\libc_nano.a(lib_a-nano-freer.o)
                0x000000000800cf70                _free_r
 .text._malloc_r
                0x000000000800d00c       0xb4 c:/st/stm32cubeide_1.3.0/stm32cubeide/plugins/com.st.stm32cube.ide.mcu.externaltools.gnu-tools-for-stm32.7-2018-q2-update.win32_1.0.0.201904181610/tools/bin/../lib/gcc/arm-none-eabi/7.3.1/../../../../arm-none-eabi/lib/thumb/v7e-m/fpv4-sp/hard\libc_nano.a(lib_a-nano-mallocr.o)
                0x000000000800d00c                _malloc_r
 .text.__ssputs_r
                0x000000000800d0c0       0xb4 c:/st/stm32cubeide_1.3.0/stm32cubeide/plugins/com.st.stm32cube.ide.mcu.externaltools.gnu-tools-for-stm32.7-2018-q2-update.win32_1.0.0.201904181610/tools/bin/../lib/gcc/arm-none-eabi/7.3.1/../../../../arm-none-eabi/lib/thumb/v7e-m/fpv4-sp/hard\libc_nano.a(lib_a-nano-svfprintf.o)
                0x000000000800d0c0                __ssputs_r
 .text._svfprintf_r
                0x000000000800d174      0x1f0 c:/st/stm32cubeide_1.3.0/stm32cubeide/plugins/com.st.stm32cube.ide.mcu.externaltools.gnu-tools-for-stm32.7-2018-q2-update.win32_1.0.0.201904181610/tools/bin/../lib/gcc/arm-none-eabi/7.3.1/../../../../arm-none-eabi/lib/thumb/v7e-m/fpv4-sp/hard\libc_nano.a(lib_a-nano-svfprintf.o)
                0x000000000800d174                _svfiprintf_r
                0x000000000800d174                _svfprintf_r
 .text.__sfputc_r
                0x000000000800d364       0x2e c:/st/stm32cubeide_1.3.0/stm32cubeide/plugins/com.st.stm32cube.ide.mcu.externaltools.gnu-tools-for-stm32.7-2018-q2-update.win32_1.0.0.201904181610/tools/bin/../lib/gcc/arm-none-eabi/7.3.1/../../../../arm-none-eabi/lib/thumb/v7e-m/fpv4-sp/hard\libc_nano.a(lib_a-nano-vfprintf.o)
 .text.__sfputs_r
                0x000000000800d392       0x24 c:/st/stm32cubeide_1.3.0/stm32cubeide/plugins/com.st.stm32cube.ide.mcu.externaltools.gnu-tools-for-stm32.7-2018-q2-update.win32_1.0.0.201904181610/tools/bin/../lib/gcc/arm-none-eabi/7.3.1/../../../../arm-none-eabi/lib/thumb/v7e-m/fpv4-sp/hard\libc_nano.a(lib_a-nano-vfprintf.o)
                0x000000000800d392                __sfputs_r
 *fill*         0x000000000800d3b6        0x2 
 .text._vfprintf_r
                0x000000000800d3b8      0x22c c:/st/stm32cubeide_1.3.0/stm32cubeide/plugins/com.st.stm32cube.ide.mcu.externaltools.gnu-tools-for-stm32.7-2018-q2-update.win32_1.0.0.201904181610/tools/bin/../lib/gcc/arm-none-eabi/7.3.1/../../../../arm-none-eabi/lib/thumb/v7e-m/fpv4-sp/hard\libc_nano.a(lib_a-nano-vfprintf.o)
                0x000000000800d3b8                _vfprintf_r
                0x000000000800d3b8                _vfiprintf_r
 .text._printf_common
                0x000000000800d5e4       0xea c:/st/stm32cubeide_1.3.0/stm32cubeide/plugins/com.st.stm32cube.ide.mcu.externaltools.gnu-tools-for-stm32.7-2018-q2-update.win32_1.0.0.201904181610/tools/bin/../lib/gcc/arm-none-eabi/7.3.1/../../../../arm-none-eabi/lib/thumb/v7e-m/fpv4-sp/hard\libc_nano.a(lib_a-nano-vfprintf_i.o)
                0x000000000800d5e4                _printf_common
 *fill*         0x000000000800d6ce        0x2 
 .text._printf_i
                0x000000000800d6d0      0x224 c:/st/stm32cubeide_1.3.0/stm32cubeide/plugins/com.st.stm32cube.ide.mcu.externaltools.gnu-tools-for-stm32.7-2018-q2-update.win32_1.0.0.201904181610/tools/bin/../lib/gcc/arm-none-eabi/7.3.1/../../../../arm-none-eabi/lib/thumb/v7e-m/fpv4-sp/hard\libc_nano.a(lib_a-nano-vfprintf_i.o)
                0x000000000800d6d0                _printf_i
 .text._sbrk_r  0x000000000800d8f4       0x20 c:/st/stm32cubeide_1.3.0/stm32cubeide/plugins/com.st.stm32cube.ide.mcu.externaltools.gnu-tools-for-stm32.7-2018-q2-update.win32_1.0.0.201904181610/tools/bin/../lib/gcc/arm-none-eabi/7.3.1/../../../../arm-none-eabi/lib/thumb/v7e-m/fpv4-sp/hard\libc_nano.a(lib_a-sbrkr.o)
                0x000000000800d8f4                _sbrk_r
 .text.__sread  0x000000000800d914       0x22 c:/st/stm32cubeide_1.3.0/stm32cubeide/plugins/com.st.stm32cube.ide.mcu.externaltools.gnu-tools-for-stm32.7-2018-q2-update.win32_1.0.0.201904181610/tools/bin/../lib/gcc/arm-none-eabi/7.3.1/../../../../arm-none-eabi/lib/thumb/v7e-m/fpv4-sp/hard\libc_nano.a(lib_a-stdio.o)
                0x000000000800d914                __sread
 .text.__swrite
                0x000000000800d936       0x38 c:/st/stm32cubeide_1.3.0/stm32cubeide/plugins/com.st.stm32cube.ide.mcu.externaltools.gnu-tools-for-stm32.7-2018-q2-update.win32_1.0.0.201904181610/tools/bin/../lib/gcc/arm-none-eabi/7.3.1/../../../../arm-none-eabi/lib/thumb/v7e-m/fpv4-sp/hard\libc_nano.a(lib_a-stdio.o)
                0x000000000800d936                __swrite
 .text.__sseek  0x000000000800d96e       0x24 c:/st/stm32cubeide_1.3.0/stm32cubeide/plugins/com.st.stm32cube.ide.mcu.externaltools.gnu-tools-for-stm32.7-2018-q2-update.win32_1.0.0.201904181610/tools/bin/../lib/gcc/arm-none-eabi/7.3.1/../../../../arm-none-eabi/lib/thumb/v7e-m/fpv4-sp/hard\libc_nano.a(lib_a-stdio.o)
                0x000000000800d96e                __sseek
 .text.__sclose
                0x000000000800d992        0x8 c:/st/stm32cubeide_1.3.0/stm32cubeide/plugins/com.st.stm32cube.ide.mcu.externaltools.gnu-tools-for-stm32.7-2018-q2-update.win32_1.0.0.201904181610/tools/bin/../lib/gcc/arm-none-eabi/7.3.1/../../../../arm-none-eabi/lib/thumb/v7e-m/fpv4-sp/hard\libc_nano.a(lib_a-stdio.o)
                0x000000000800d992                __sclose
 *fill*         0x000000000800d99a        0x2 
 .text._write_r
                0x000000000800d99c       0x24 c:/st/stm32cubeide_1.3.0/stm32cubeide/plugins/com.st.stm32cube.ide.mcu.externaltools.gnu-tools-for-stm32.7-2018-q2-update.win32_1.0.0.201904181610/tools/bin/../lib/gcc/arm-none-eabi/7.3.1/../../../../arm-none-eabi/lib/thumb/v7e-m/fpv4-sp/hard\libc_nano.a(lib_a-writer.o)
                0x000000000800d99c                _write_r
 .text._close_r
                0x000000000800d9c0       0x20 c:/st/stm32cubeide_1.3.0/stm32cubeide/plugins/com.st.stm32cube.ide.mcu.externaltools.gnu-tools-for-stm32.7-2018-q2-update.win32_1.0.0.201904181610/tools/bin/../lib/gcc/arm-none-eabi/7.3.1/../../../../arm-none-eabi/lib/thumb/v7e-m/fpv4-sp/hard\libc_nano.a(lib_a-closer.o)
                0x000000000800d9c0                _close_r
 .text._fstat_r
                0x000000000800d9e0       0x24 c:/st/stm32cubeide_1.3.0/stm32cubeide/plugins/com.st.stm32cube.ide.mcu.externaltools.gnu-tools-for-stm32.7-2018-q2-update.win32_1.0.0.201904181610/tools/bin/../lib/gcc/arm-none-eabi/7.3.1/../../../../arm-none-eabi/lib/thumb/v7e-m/fpv4-sp/hard\libc_nano.a(lib_a-fstatr.o)
                0x000000000800d9e0                _fstat_r
 .text._isatty_r
                0x000000000800da04       0x20 c:/st/stm32cubeide_1.3.0/stm32cubeide/plugins/com.st.stm32cube.ide.mcu.externaltools.gnu-tools-for-stm32.7-2018-q2-update.win32_1.0.0.201904181610/tools/bin/../lib/gcc/arm-none-eabi/7.3.1/../../../../arm-none-eabi/lib/thumb/v7e-m/fpv4-sp/hard\libc_nano.a(lib_a-isattyr.o)
                0x000000000800da04                _isatty_r
 .text._lseek_r
                0x000000000800da24       0x24 c:/st/stm32cubeide_1.3.0/stm32cubeide/plugins/com.st.stm32cube.ide.mcu.externaltools.gnu-tools-for-stm32.7-2018-q2-update.win32_1.0.0.201904181610/tools/bin/../lib/gcc/arm-none-eabi/7.3.1/../../../../arm-none-eabi/lib/thumb/v7e-m/fpv4-sp/hard\libc_nano.a(lib_a-lseekr.o)
                0x000000000800da24                _lseek_r
 .text.memmove  0x000000000800da48       0x32 c:/st/stm32cubeide_1.3.0/stm32cubeide/plugins/com.st.stm32cube.ide.mcu.externaltools.gnu-tools-for-stm32.7-2018-q2-update.win32_1.0.0.201904181610/tools/bin/../lib/gcc/arm-none-eabi/7.3.1/../../../../arm-none-eabi/lib/thumb/v7e-m/fpv4-sp/hard\libc_nano.a(lib_a-memmove.o)
                0x000000000800da48                memmove
 .text.__malloc_lock
                0x000000000800da7a        0x2 c:/st/stm32cubeide_1.3.0/stm32cubeide/plugins/com.st.stm32cube.ide.mcu.externaltools.gnu-tools-for-stm32.7-2018-q2-update.win32_1.0.0.201904181610/tools/bin/../lib/gcc/arm-none-eabi/7.3.1/../../../../arm-none-eabi/lib/thumb/v7e-m/fpv4-sp/hard\libc_nano.a(lib_a-mlock.o)
                0x000000000800da7a                __malloc_lock
 .text.__malloc_unlock
                0x000000000800da7c        0x2 c:/st/stm32cubeide_1.3.0/stm32cubeide/plugins/com.st.stm32cube.ide.mcu.externaltools.gnu-tools-for-stm32.7-2018-q2-update.win32_1.0.0.201904181610/tools/bin/../lib/gcc/arm-none-eabi/7.3.1/../../../../arm-none-eabi/lib/thumb/v7e-m/fpv4-sp/hard\libc_nano.a(lib_a-mlock.o)
                0x000000000800da7c                __malloc_unlock
 .text._realloc_r
                0x000000000800da7e       0x4c c:/st/stm32cubeide_1.3.0/stm32cubeide/plugins/com.st.stm32cube.ide.mcu.externaltools.gnu-tools-for-stm32.7-2018-q2-update.win32_1.0.0.201904181610/tools/bin/../lib/gcc/arm-none-eabi/7.3.1/../../../../arm-none-eabi/lib/thumb/v7e-m/fpv4-sp/hard\libc_nano.a(lib_a-nano-reallocr.o)
                0x000000000800da7e                _realloc_r
 *fill*         0x000000000800daca        0x2 
 .text._read_r  0x000000000800dacc       0x24 c:/st/stm32cubeide_1.3.0/stm32cubeide/plugins/com.st.stm32cube.ide.mcu.externaltools.gnu-tools-for-stm32.7-2018-q2-update.win32_1.0.0.201904181610/tools/bin/../lib/gcc/arm-none-eabi/7.3.1/../../../../arm-none-eabi/lib/thumb/v7e-m/fpv4-sp/hard\libc_nano.a(lib_a-readr.o)
                0x000000000800dacc                _read_r
 .text._malloc_usable_size_r
                0x000000000800daf0       0x10 c:/st/stm32cubeide_1.3.0/stm32cubeide/plugins/com.st.stm32cube.ide.mcu.externaltools.gnu-tools-for-stm32.7-2018-q2-update.win32_1.0.0.201904181610/tools/bin/../lib/gcc/arm-none-eabi/7.3.1/../../../../arm-none-eabi/lib/thumb/v7e-m/fpv4-sp/hard\libc_nano.a(lib_a-nano-msizer.o)
                0x000000000800daf0                _malloc_usable_size_r
 *(.glue_7)
 .glue_7        0x000000000800db00        0x0 linker stubs
 *(.glue_7t)
 .glue_7t       0x000000000800db00        0x0 linker stubs
 *(.eh_frame)
 .eh_frame      0x000000000800db00        0x0 c:/st/stm32cubeide_1.3.0/stm32cubeide/plugins/com.st.stm32cube.ide.mcu.externaltools.gnu-tools-for-stm32.7-2018-q2-update.win32_1.0.0.201904181610/tools/bin/../lib/gcc/arm-none-eabi/7.3.1/thumb/v7e-m/fpv4-sp/hard/crtbegin.o
 *(.init)
 .init          0x000000000800db00        0x4 c:/st/stm32cubeide_1.3.0/stm32cubeide/plugins/com.st.stm32cube.ide.mcu.externaltools.gnu-tools-for-stm32.7-2018-q2-update.win32_1.0.0.201904181610/tools/bin/../lib/gcc/arm-none-eabi/7.3.1/thumb/v7e-m/fpv4-sp/hard/crti.o
                0x000000000800db00                _init
 .init          0x000000000800db04        0x8 c:/st/stm32cubeide_1.3.0/stm32cubeide/plugins/com.st.stm32cube.ide.mcu.externaltools.gnu-tools-for-stm32.7-2018-q2-update.win32_1.0.0.201904181610/tools/bin/../lib/gcc/arm-none-eabi/7.3.1/thumb/v7e-m/fpv4-sp/hard/crtn.o
 *(.fini)
 .fini          0x000000000800db0c        0x4 c:/st/stm32cubeide_1.3.0/stm32cubeide/plugins/com.st.stm32cube.ide.mcu.externaltools.gnu-tools-for-stm32.7-2018-q2-update.win32_1.0.0.201904181610/tools/bin/../lib/gcc/arm-none-eabi/7.3.1/thumb/v7e-m/fpv4-sp/hard/crti.o
                0x000000000800db0c                _fini
 .fini          0x000000000800db10        0x8 c:/st/stm32cubeide_1.3.0/stm32cubeide/plugins/com.st.stm32cube.ide.mcu.externaltools.gnu-tools-for-stm32.7-2018-q2-update.win32_1.0.0.201904181610/tools/bin/../lib/gcc/arm-none-eabi/7.3.1/thumb/v7e-m/fpv4-sp/hard/crtn.o
                0x000000000800db18                . = ALIGN (0x4)
                0x000000000800db18                _etext = .

.vfp11_veneer   0x000000000800db18        0x0
 .vfp11_veneer  0x000000000800db18        0x0 linker stubs

.v4_bx          0x000000000800db18        0x0
 .v4_bx         0x000000000800db18        0x0 linker stubs

.iplt           0x000000000800db18        0x0
 .iplt          0x000000000800db18        0x0 c:/st/stm32cubeide_1.3.0/stm32cubeide/plugins/com.st.stm32cube.ide.mcu.externaltools.gnu-tools-for-stm32.7-2018-q2-update.win32_1.0.0.201904181610/tools/bin/../lib/gcc/arm-none-eabi/7.3.1/thumb/v7e-m/fpv4-sp/hard/crtbegin.o

.rodata         0x000000000800db18      0x470
                0x000000000800db18                . = ALIGN (0x4)
 *(.rodata)
 .rodata        0x000000000800db18      0x177 Board/cygnini.o
 *fill*         0x000000000800dc8f        0x1 
 .rodata        0x000000000800dc90       0x36 Components/Si7006/Si7006.o
 *fill*         0x000000000800dcc6        0x2 
 .rodata        0x000000000800dcc8        0x5 Middlewares/Third_Party/FreeRTOS/Source/tasks.o
 *fill*         0x000000000800dccd        0x3 
 .rodata        0x000000000800dcd0        0xd Middlewares/Third_Party/FreeRTOS/Source/timers.o
 *(.rodata*)
 *fill*         0x000000000800dcdd        0x3 
 .rodata.font_5x8_table
                0x000000000800dce0      0x1c7 Components/C12832/font.o
                0x000000000800dce0                font_5x8_table
 *fill*         0x000000000800dea7        0x1 
 .rodata.AHBPrescTable
                0x000000000800dea8       0x10 Core/Src/system_stm32l4xx.o
                0x000000000800dea8                AHBPrescTable
 .rodata.APBPrescTable
                0x000000000800deb8        0x8 Core/Src/system_stm32l4xx.o
                0x000000000800deb8                APBPrescTable
 .rodata.MSIRangeTable
                0x000000000800dec0       0x30 Core/Src/system_stm32l4xx.o
                0x000000000800dec0                MSIRangeTable
 .rodata._global_impure_ptr
                0x000000000800def0        0x4 c:/st/stm32cubeide_1.3.0/stm32cubeide/plugins/com.st.stm32cube.ide.mcu.externaltools.gnu-tools-for-stm32.7-2018-q2-update.win32_1.0.0.201904181610/tools/bin/../lib/gcc/arm-none-eabi/7.3.1/../../../../arm-none-eabi/lib/thumb/v7e-m/fpv4-sp/hard\libc_nano.a(lib_a-impure.o)
                0x000000000800def0                _global_impure_ptr
 .rodata.__sf_fake_stderr
                0x000000000800def4       0x20 c:/st/stm32cubeide_1.3.0/stm32cubeide/plugins/com.st.stm32cube.ide.mcu.externaltools.gnu-tools-for-stm32.7-2018-q2-update.win32_1.0.0.201904181610/tools/bin/../lib/gcc/arm-none-eabi/7.3.1/../../../../arm-none-eabi/lib/thumb/v7e-m/fpv4-sp/hard\libc_nano.a(lib_a-findfp.o)
                0x000000000800def4                __sf_fake_stderr
 .rodata.__sf_fake_stdin