02:12:50 **** Rebuild of configuration Debug for project Cygnini ****
Info: Internal Builder is used for build
arm-atollic-eabi-gcc -c ..\Drivers\STM32L4xx_HAL_Driver\Src\stm32l4xx_hal_tim.c -mthumb -mcpu=cortex-m4 -mfloat-abi=hard -mfpu=fpv4-sp-d16 -std=gnu11 -DSTM32L443xx -I../src -IC:\Users\emon1\Atollic\TrueSTUDIO\STM32_workspace_9.2\Cygnini\inc -I../Drivers/CMSIS/Include -I../Drivers/CMSIS/Device/ST/STM32L4xx/Include -I../Drivers/STM32L4xx_HAL_Driver/Inc -IC:\Users\emon1\Atollic\TrueSTUDIO\STM32_workspace_9.2\Cygnini\Middlewares\Third_Party\FreeRTOS\Source\CMSIS_RTOS -IC:\Users\emon1\Atollic\TrueSTUDIO\STM32_workspace_9.2\Cygnini\Middlewares\Third_Party\FreeRTOS\Source\portable\GCC\ARM_CM4F -IC:\Users\emon1\Atollic\TrueSTUDIO\STM32_workspace_9.2\Cygnini\Middlewares\Third_Party\FreeRTOS\Source\portable\MemMang -IC:\Users\emon1\Atollic\TrueSTUDIO\STM32_workspace_9.2\Cygnini\Middlewares\Third_Party\FreeRTOS\Source\include -IC:\Users\emon1\Atollic\TrueSTUDIO\STM32_workspace_9.2\Cygnini\Middlewares\Third_Party\FreeRTOS\Source -IC:\Users\emon1\Atollic\TrueSTUDIO\STM32_workspace_9.2\Cygnini\Middlewares\ST\STM32_USB_Device_Library\Core\Inc -IC:\Users\emon1\Atollic\TrueSTUDIO\STM32_workspace_9.2\Cygnini\Middlewares\ST\STM32_USB_Device_Library\Class\DFU\Inc -O0 -ffunction-sections -fdata-sections -g -fstack-usage -Wall -specs=nano.specs -o Drivers\STM32L4xx_HAL_Driver\Src\stm32l4xx_hal_tim.o 
arm-atollic-eabi-gcc -c ..\Drivers\STM32L4xx_HAL_Driver\Src\stm32l4xx_ll_usb.c -mthumb -mcpu=cortex-m4 -mfloat-abi=hard -mfpu=fpv4-sp-d16 -std=gnu11 -DSTM32L443xx -I../src -IC:\Users\emon1\Atollic\TrueSTUDIO\STM32_workspace_9.2\Cygnini\inc -I../Drivers/CMSIS/Include -I../Drivers/CMSIS/Device/ST/STM32L4xx/Include -I../Drivers/STM32L4xx_HAL_Driver/Inc -IC:\Users\emon1\Atollic\TrueSTUDIO\STM32_workspace_9.2\Cygnini\Middlewares\Third_Party\FreeRTOS\Source\CMSIS_RTOS -IC:\Users\emon1\Atollic\TrueSTUDIO\STM32_workspace_9.2\Cygnini\Middlewares\Third_Party\FreeRTOS\Source\portable\GCC\ARM_CM4F -IC:\Users\emon1\Atollic\TrueSTUDIO\STM32_workspace_9.2\Cygnini\Middlewares\Third_Party\FreeRTOS\Source\portable\MemMang -IC:\Users\emon1\Atollic\TrueSTUDIO\STM32_workspace_9.2\Cygnini\Middlewares\Third_Party\FreeRTOS\Source\include -IC:\Users\emon1\Atollic\TrueSTUDIO\STM32_workspace_9.2\Cygnini\Middlewares\Third_Party\FreeRTOS\Source -IC:\Users\emon1\Atollic\TrueSTUDIO\STM32_workspace_9.2\Cygnini\Middlewares\ST\STM32_USB_Device_Library\Core\Inc -IC:\Users\emon1\Atollic\TrueSTUDIO\STM32_workspace_9.2\Cygnini\Middlewares\ST\STM32_USB_Device_Library\Class\DFU\Inc -O0 -ffunction-sections -fdata-sections -g -fstack-usage -Wall -specs=nano.specs -o Drivers\STM32L4xx_HAL_Driver\Src\stm32l4xx_ll_usb.o 
arm-atollic-eabi-gcc -c ..\Drivers\STM32L4xx_HAL_Driver\Src\stm32l4xx_hal_flash.c -mthumb -mcpu=cortex-m4 -mfloat-abi=hard -mfpu=fpv4-sp-d16 -std=gnu11 -DSTM32L443xx -I../src -IC:\Users\emon1\Atollic\TrueSTUDIO\STM32_workspace_9.2\Cygnini\inc -I../Drivers/CMSIS/Include -I../Drivers/CMSIS/Device/ST/STM32L4xx/Include -I../Drivers/STM32L4xx_HAL_Driver/Inc -IC:\Users\emon1\Atollic\TrueSTUDIO\STM32_workspace_9.2\Cygnini\Middlewares\Third_Party\FreeRTOS\Source\CMSIS_RTOS -IC:\Users\emon1\Atollic\TrueSTUDIO\STM32_workspace_9.2\Cygnini\Middlewares\Third_Party\FreeRTOS\Source\portable\GCC\ARM_CM4F -IC:\Users\emon1\Atollic\TrueSTUDIO\STM32_workspace_9.2\Cygnini\Middlewares\Third_Party\FreeRTOS\Source\portable\MemMang -IC:\Users\emon1\Atollic\TrueSTUDIO\STM32_workspace_9.2\Cygnini\Middlewares\Third_Party\FreeRTOS\Source\include -IC:\Users\emon1\Atollic\TrueSTUDIO\STM32_workspace_9.2\Cygnini\Middlewares\Third_Party\FreeRTOS\Source -IC:\Users\emon1\Atollic\TrueSTUDIO\STM32_workspace_9.2\Cygnini\Middlewares\ST\STM32_USB_Device_Library\Core\Inc -IC:\Users\emon1\Atollic\TrueSTUDIO\STM32_workspace_9.2\Cygnini\Middlewares\ST\STM32_USB_Device_Library\Class\DFU\Inc -O0 -ffunction-sections -fdata-sections -g -fstack-usage -Wall -specs=nano.specs -o Drivers\STM32L4xx_HAL_Driver\Src\stm32l4xx_hal_flash.o 
arm-atollic-eabi-gcc -c ..\Drivers\STM32L4xx_HAL_Driver\Src\stm32l4xx_hal_flash_ex.c -mthumb -mcpu=cortex-m4 -mfloat-abi=hard -mfpu=fpv4-sp-d16 -std=gnu11 -DSTM32L443xx -I../src -IC:\Users\emon1\Atollic\TrueSTUDIO\STM32_workspace_9.2\Cygnini\inc -I../Drivers/CMSIS/Include -I../Drivers/CMSIS/Device/ST/STM32L4xx/Include -I../Drivers/STM32L4xx_HAL_Driver/Inc -IC:\Users\emon1\Atollic\TrueSTUDIO\STM32_workspace_9.2\Cygnini\Middlewares\Third_Party\FreeRTOS\Source\CMSIS_RTOS -IC:\Users\emon1\Atollic\TrueSTUDIO\STM32_workspace_9.2\Cygnini\Middlewares\Third_Party\FreeRTOS\Source\portable\GCC\ARM_CM4F -IC:\Users\emon1\Atollic\TrueSTUDIO\STM32_workspace_9.2\Cygnini\Middlewares\Third_Party\FreeRTOS\Source\portable\MemMang -IC:\Users\emon1\Atollic\TrueSTUDIO\STM32_workspace_9.2\Cygnini\Middlewares\Third_Party\FreeRTOS\Source\include -IC:\Users\emon1\Atollic\TrueSTUDIO\STM32_workspace_9.2\Cygnini\Middlewares\Third_Party\FreeRTOS\Source -IC:\Users\emon1\Atollic\TrueSTUDIO\STM32_workspace_9.2\Cygnini\Middlewares\ST\STM32_USB_Device_Library\Core\Inc -IC:\Users\emon1\Atollic\TrueSTUDIO\STM32_workspace_9.2\Cygnini\Middlewares\ST\STM32_USB_Device_Library\Class\DFU\Inc -O0 -ffunction-sections -fdata-sections -g -fstack-usage -Wall -specs=nano.specs -o Drivers\STM32L4xx_HAL_Driver\Src\stm32l4xx_hal_flash_ex.o 
arm-atollic-eabi-gcc -c ..\src\usbd_conf.c -mthumb -mcpu=cortex-m4 -mfloat-abi=hard -mfpu=fpv4-sp-d16 -std=gnu11 -DSTM32L443xx -I../src -IC:\Users\emon1\Atollic\TrueSTUDIO\STM32_workspace_9.2\Cygnini\inc -I../Drivers/CMSIS/Include -I../Drivers/CMSIS/Device/ST/STM32L4xx/Include -I../Drivers/STM32L4xx_HAL_Driver/Inc -IC:\Users\emon1\Atollic\TrueSTUDIO\STM32_workspace_9.2\Cygnini\Middlewares\Third_Party\FreeRTOS\Source\CMSIS_RTOS -IC:\Users\emon1\Atollic\TrueSTUDIO\STM32_workspace_9.2\Cygnini\Middlewares\Third_Party\FreeRTOS\Source\portable\GCC\ARM_CM4F -IC:\Users\emon1\Atollic\TrueSTUDIO\STM32_workspace_9.2\Cygnini\Middlewares\Third_Party\FreeRTOS\Source\portable\MemMang -IC:\Users\emon1\Atollic\TrueSTUDIO\STM32_workspace_9.2\Cygnini\Middlewares\Third_Party\FreeRTOS\Source\include -IC:\Users\emon1\Atollic\TrueSTUDIO\STM32_workspace_9.2\Cygnini\Middlewares\Third_Party\FreeRTOS\Source -IC:\Users\emon1\Atollic\TrueSTUDIO\STM32_workspace_9.2\Cygnini\Middlewares\ST\STM32_USB_Device_Library\Core\Inc -IC:\Users\emon1\Atollic\TrueSTUDIO\STM32_workspace_9.2\Cygnini\Middlewares\ST\STM32_USB_Device_Library\Class\DFU\Inc -O0 -ffunction-sections -fdata-sections -g -fstack-usage -Wall -specs=nano.specs -o src\usbd_conf.o 
arm-atollic-eabi-gcc -c ..\src\stm32l4xx_it.c -mthumb -mcpu=cortex-m4 -mfloat-abi=hard -mfpu=fpv4-sp-d16 -std=gnu11 -DSTM32L443xx -I../src -IC:\Users\emon1\Atollic\TrueSTUDIO\STM32_workspace_9.2\Cygnini\inc -I../Drivers/CMSIS/Include -I../Drivers/CMSIS/Device/ST/STM32L4xx/Include -I../Drivers/STM32L4xx_HAL_Driver/Inc -IC:\Users\emon1\Atollic\TrueSTUDIO\STM32_workspace_9.2\Cygnini\Middlewares\Third_Party\FreeRTOS\Source\CMSIS_RTOS -IC:\Users\emon1\Atollic\TrueSTUDIO\STM32_workspace_9.2\Cygnini\Middlewares\Third_Party\FreeRTOS\Source\portable\GCC\ARM_CM4F -IC:\Users\emon1\Atollic\TrueSTUDIO\STM32_workspace_9.2\Cygnini\Middlewares\Third_Party\FreeRTOS\Source\portable\MemMang -IC:\Users\emon1\Atollic\TrueSTUDIO\STM32_workspace_9.2\Cygnini\Middlewares\Third_Party\FreeRTOS\Source\include -IC:\Users\emon1\Atollic\TrueSTUDIO\STM32_workspace_9.2\Cygnini\Middlewares\Third_Party\FreeRTOS\Source -IC:\Users\emon1\Atollic\TrueSTUDIO\STM32_workspace_9.2\Cygnini\Middlewares\ST\STM32_USB_Device_Library\Core\Inc -IC:\Users\emon1\Atollic\TrueSTUDIO\STM32_workspace_9.2\Cygnini\Middlewares\ST\STM32_USB_Device_Library\Class\DFU\Inc -O0 -ffunction-sections -fdata-sections -g -fstack-usage -Wall -specs=nano.specs -o src\stm32l4xx_it.o 
arm-atollic-eabi-gcc -c ..\src\usb_device.c -mthumb -mcpu=cortex-m4 -mfloat-abi=hard -mfpu=fpv4-sp-d16 -std=gnu11 -DSTM32L443xx -I../src -IC:\Users\emon1\Atollic\TrueSTUDIO\STM32_workspace_9.2\Cygnini\inc -I../Drivers/CMSIS/Include -I../Drivers/CMSIS/Device/ST/STM32L4xx/Include -I../Drivers/STM32L4xx_HAL_Driver/Inc -IC:\Users\emon1\Atollic\TrueSTUDIO\STM32_workspace_9.2\Cygnini\Middlewares\Third_Party\FreeRTOS\Source\CMSIS_RTOS -IC:\Users\emon1\Atollic\TrueSTUDIO\STM32_workspace_9.2\Cygnini\Middlewares\Third_Party\FreeRTOS\Source\portable\GCC\ARM_CM4F -IC:\Users\emon1\Atollic\TrueSTUDIO\STM32_workspace_9.2\Cygnini\Middlewares\Third_Party\FreeRTOS\Source\portable\MemMang -IC:\Users\emon1\Atollic\TrueSTUDIO\STM32_workspace_9.2\Cygnini\Middlewares\Third_Party\FreeRTOS\Source\include -IC:\Users\emon1\Atollic\TrueSTUDIO\STM32_workspace_9.2\Cygnini\Middlewares\Third_Party\FreeRTOS\Source -IC:\Users\emon1\Atollic\TrueSTUDIO\STM32_workspace_9.2\Cygnini\Middlewares\ST\STM32_USB_Device_Library\Core\Inc -IC:\Users\emon1\Atollic\TrueSTUDIO\STM32_workspace_9.2\Cygnini\Middlewares\ST\STM32_USB_Device_Library\Class\DFU\Inc -O0 -ffunction-sections -fdata-sections -g -fstack-usage -Wall -specs=nano.specs -o src\usb_device.o 
arm-atollic-eabi-gcc -c ..\src\system_stm32l4xx.c -mthumb -mcpu=cortex-m4 -mfloat-abi=hard -mfpu=fpv4-sp-d16 -std=gnu11 -DSTM32L443xx -I../src -IC:\Users\emon1\Atollic\TrueSTUDIO\STM32_workspace_9.2\Cygnini\inc -I../Drivers/CMSIS/Include -I../Drivers/CMSIS/Device/ST/STM32L4xx/Include -I../Drivers/STM32L4xx_HAL_Driver/Inc -IC:\Users\emon1\Atollic\TrueSTUDIO\STM32_workspace_9.2\Cygnini\Middlewares\Third_Party\FreeRTOS\Source\CMSIS_RTOS -IC:\Users\emon1\Atollic\TrueSTUDIO\STM32_workspace_9.2\Cygnini\Middlewares\Third_Party\FreeRTOS\Source\portable\GCC\ARM_CM4F -IC:\Users\emon1\Atollic\TrueSTUDIO\STM32_workspace_9.2\Cygnini\Middlewares\Third_Party\FreeRTOS\Source\portable\MemMang -IC:\Users\emon1\Atollic\TrueSTUDIO\STM32_workspace_9.2\Cygnini\Middlewares\Third_Party\FreeRTOS\Source\include -IC:\Users\emon1\Atollic\TrueSTUDIO\STM32_workspace_9.2\Cygnini\Middlewares\Third_Party\FreeRTOS\Source -IC:\Users\emon1\Atollic\TrueSTUDIO\STM32_workspace_9.2\Cygnini\Middlewares\ST\STM32_USB_Device_Library\Core\Inc -IC:\Users\emon1\Atollic\TrueSTUDIO\STM32_workspace_9.2\Cygnini\Middlewares\ST\STM32_USB_Device_Library\Class\DFU\Inc -O0 -ffunction-sections -fdata-sections -g -fstack-usage -Wall -specs=nano.specs -o src\system_stm32l4xx.o 
arm-atollic-eabi-gcc -c ..\Drivers\STM32L4xx_HAL_Driver\Src\stm32l4xx_hal_rcc_ex.c -mthumb -mcpu=cortex-m4 -mfloat-abi=hard -mfpu=fpv4-sp-d16 -std=gnu11 -DSTM32L443xx -I../src -IC:\Users\emon1\Atollic\TrueSTUDIO\STM32_workspace_9.2\Cygnini\inc -I../Drivers/CMSIS/Include -I../Drivers/CMSIS/Device/ST/STM32L4xx/Include -I../Drivers/STM32L4xx_HAL_Driver/Inc -IC:\Users\emon1\Atollic\TrueSTUDIO\STM32_workspace_9.2\Cygnini\Middlewares\Third_Party\FreeRTOS\Source\CMSIS_RTOS -IC:\Users\emon1\Atollic\TrueSTUDIO\STM32_workspace_9.2\Cygnini\Middlewares\Third_Party\FreeRTOS\Source\portable\GCC\ARM_CM4F -IC:\Users\emon1\Atollic\TrueSTUDIO\STM32_workspace_9.2\Cygnini\Middlewares\Third_Party\FreeRTOS\Source\portable\MemMang -IC:\Users\emon1\Atollic\TrueSTUDIO\STM32_workspace_9.2\Cygnini\Middlewares\Third_Party\FreeRTOS\Source\include -IC:\Users\emon1\Atollic\TrueSTUDIO\STM32_workspace_9.2\Cygnini\Middlewares\Third_Party\FreeRTOS\Source -IC:\Users\emon1\Atollic\TrueSTUDIO\STM32_workspace_9.2\Cygnini\Middlewares\ST\STM32_USB_Device_Library\Core\Inc -IC:\Users\emon1\Atollic\TrueSTUDIO\STM32_workspace_9.2\Cygnini\Middlewares\ST\STM32_USB_Device_Library\Class\DFU\Inc -O0 -ffunction-sections -fdata-sections -g -fstack-usage -Wall -specs=nano.specs -o Drivers\STM32L4xx_HAL_Driver\Src\stm32l4xx_hal_rcc_ex.o 
arm-atollic-eabi-gcc -c ..\Drivers\STM32L4xx_HAL_Driver\Src\stm32l4xx_hal_tim_ex.c -mthumb -mcpu=cortex-m4 -mfloat-abi=hard -mfpu=fpv4-sp-d16 -std=gnu11 -DSTM32L443xx -I../src -IC:\Users\emon1\Atollic\TrueSTUDIO\STM32_workspace_9.2\Cygnini\inc -I../Drivers/CMSIS/Include -I../Drivers/CMSIS/Device/ST/STM32L4xx/Include -I../Drivers/STM32L4xx_HAL_Driver/Inc -IC:\Users\emon1\Atollic\TrueSTUDIO\STM32_workspace_9.2\Cygnini\Middlewares\Third_Party\FreeRTOS\Source\CMSIS_RTOS -IC:\Users\emon1\Atollic\TrueSTUDIO\STM32_workspace_9.2\Cygnini\Middlewares\Third_Party\FreeRTOS\Source\portable\GCC\ARM_CM4F -IC:\Users\emon1\Atollic\TrueSTUDIO\STM32_workspace_9.2\Cygnini\Middlewares\Third_Party\FreeRTOS\Source\portable\MemMang -IC:\Users\emon1\Atollic\TrueSTUDIO\STM32_workspace_9.2\Cygnini\Middlewares\Third_Party\FreeRTOS\Source\include -IC:\Users\emon1\Atollic\TrueSTUDIO\STM32_workspace_9.2\Cygnini\Middlewares\Third_Party\FreeRTOS\Source -IC:\Users\emon1\Atollic\TrueSTUDIO\STM32_workspace_9.2\Cygnini\Middlewares\ST\STM32_USB_Device_Library\Core\Inc -IC:\Users\emon1\Atollic\TrueSTUDIO\STM32_workspace_9.2\Cygnini\Middlewares\ST\STM32_USB_Device_Library\Class\DFU\Inc -O0 -ffunction-sections -fdata-sections -g -fstack-usage -Wall -specs=nano.specs -o Drivers\STM32L4xx_HAL_Driver\Src\stm32l4xx_hal_tim_ex.o 
arm-atollic-eabi-gcc -c ..\src\main.c -mthumb -mcpu=cortex-m4 -mfloat-abi=hard -mfpu=fpv4-sp-d16 -std=gnu11 -DSTM32L443xx -I../src -IC:\Users\emon1\Atollic\TrueSTUDIO\STM32_workspace_9.2\Cygnini\inc -I../Drivers/CMSIS/Include -I../Drivers/CMSIS/Device/ST/STM32L4xx/Include -I../Drivers/STM32L4xx_HAL_Driver/Inc -IC:\Users\emon1\Atollic\TrueSTUDIO\STM32_workspace_9.2\Cygnini\Middlewares\Third_Party\FreeRTOS\Source\CMSIS_RTOS -IC:\Users\emon1\Atollic\TrueSTUDIO\STM32_workspace_9.2\Cygnini\Middlewares\Third_Party\FreeRTOS\Source\portable\GCC\ARM_CM4F -IC:\Users\emon1\Atollic\TrueSTUDIO\STM32_workspace_9.2\Cygnini\Middlewares\Third_Party\FreeRTOS\Source\portable\MemMang -IC:\Users\emon1\Atollic\TrueSTUDIO\STM32_workspace_9.2\Cygnini\Middlewares\Third_Party\FreeRTOS\Source\include -IC:\Users\emon1\Atollic\TrueSTUDIO\STM32_workspace_9.2\Cygnini\Middlewares\Third_Party\FreeRTOS\Source -IC:\Users\emon1\Atollic\TrueSTUDIO\STM32_workspace_9.2\Cygnini\Middlewares\ST\STM32_USB_Device_Library\Core\Inc -IC:\Users\emon1\Atollic\TrueSTUDIO\STM32_workspace_9.2\Cygnini\Middlewares\ST\STM32_USB_Device_Library\Class\DFU\Inc -O0 -ffunction-sections -fdata-sections -g -fstack-usage -Wall -specs=nano.specs -o src\main.o 
..\src\main.c: In function 'main':
..\src\main.c:48:2: warning: implicit declaration of function 'HAL_Init' [-Wimplicit-function-declaration]
  HAL_Init();
  ^~~~~~~~
..\src\main.c:70:2: warning: implicit declaration of function 'printf' [-Wimplicit-function-declaration]
  printf("hello world %d\r\n", i);
  ^~~~~~
..\src\main.c:70:2: warning: incompatible implicit declaration of built-in function 'printf'
..\src\main.c:70:2: note: include '<stdio.h>' or provide a declaration of 'printf'
arm-atollic-eabi-gcc -c ..\Drivers\STM32L4xx_HAL_Driver\Src\stm32l4xx_hal_cortex.c -mthumb -mcpu=cortex-m4 -mfloat-abi=hard -mfpu=fpv4-sp-d16 -std=gnu11 -DSTM32L443xx -I../src -IC:\Users\emon1\Atollic\TrueSTUDIO\STM32_workspace_9.2\Cygnini\inc -I../Drivers/CMSIS/Include -I../Drivers/CMSIS/Device/ST/STM32L4xx/Include -I../Drivers/STM32L4xx_HAL_Driver/Inc -IC:\Users\emon1\Atollic\TrueSTUDIO\STM32_workspace_9.2\Cygnini\Middlewares\Third_Party\FreeRTOS\Source\CMSIS_RTOS -IC:\Users\emon1\Atollic\TrueSTUDIO\STM32_workspace_9.2\Cygnini\Middlewares\Third_Party\FreeRTOS\Source\portable\GCC\ARM_CM4F -IC:\Users\emon1\Atollic\TrueSTUDIO\STM32_workspace_9.2\Cygnini\Middlewares\Third_Party\FreeRTOS\Source\portable\MemMang -IC:\Users\emon1\Atollic\TrueSTUDIO\STM32_workspace_9.2\Cygnini\Middlewares\Third_Party\FreeRTOS\Source\include -IC:\Users\emon1\Atollic\TrueSTUDIO\STM32_workspace_9.2\Cygnini\Middlewares\Third_Party\FreeRTOS\Source -IC:\Users\emon1\Atollic\TrueSTUDIO\STM32_workspace_9.2\Cygnini\Middlewares\ST\STM32_USB_Device_Library\Core\Inc -IC:\Users\emon1\Atollic\TrueSTUDIO\STM32_workspace_9.2\Cygnini\Middlewares\ST\STM32_USB_Device_Library\Class\DFU\Inc -O0 -ffunction-sections -fdata-sections -g -fstack-usage -Wall -specs=nano.specs -o Drivers\STM32L4xx_HAL_Driver\Src\stm32l4xx_hal_cortex.o 
arm-atollic-eabi-gcc -c ..\Drivers\STM32L4xx_HAL_Driver\Src\stm32l4xx_hal_dma.c -mthumb -mcpu=cortex-m4 -mfloat-abi=hard -mfpu=fpv4-sp-d16 -std=gnu11 -DSTM32L443xx -I../src -IC:\Users\emon1\Atollic\TrueSTUDIO\STM32_workspace_9.2\Cygnini\inc -I../Drivers/CMSIS/Include -I../Drivers/CMSIS/Device/ST/STM32L4xx/Include -I../Drivers/STM32L4xx_HAL_Driver/Inc -IC:\Users\emon1\Atollic\TrueSTUDIO\STM32_workspace_9.2\Cygnini\Middlewares\Third_Party\FreeRTOS\Source\CMSIS_RTOS -IC:\Users\emon1\Atollic\TrueSTUDIO\STM32_workspace_9.2\Cygnini\Middlewares\Third_Party\FreeRTOS\Source\portable\GCC\ARM_CM4F -IC:\Users\emon1\Atollic\TrueSTUDIO\STM32_workspace_9.2\Cygnini\Middlewares\Third_Party\FreeRTOS\Source\portable\MemMang -IC:\Users\emon1\Atollic\TrueSTUDIO\STM32_workspace_9.2\Cygnini\Middlewares\Third_Party\FreeRTOS\Source\include -IC:\Users\emon1\Atollic\TrueSTUDIO\STM32_workspace_9.2\Cygnini\Middlewares\Third_Party\FreeRTOS\Source -IC:\Users\emon1\Atollic\TrueSTUDIO\STM32_workspace_9.2\Cygnini\Middlewares\ST\STM32_USB_Device_Library\Core\Inc -IC:\Users\emon1\Atollic\TrueSTUDIO\STM32_workspace_9.2\Cygnini\Middlewares\ST\STM32_USB_Device_Library\Class\DFU\Inc -O0 -ffunction-sections -fdata-sections -g -fstack-usage -Wall -specs=nano.specs -o Drivers\STM32L4xx_HAL_Driver\Src\stm32l4xx_hal_dma.o 
arm-atollic-eabi-gcc -c ..\Drivers\STM32L4xx_HAL_Driver\Src\stm32l4xx_hal_flash_ramfunc.c -mthumb -mcpu=cortex-m4 -mfloat-abi=hard -mfpu=fpv4-sp-d16 -std=gnu11 -DSTM32L443xx -I../src -IC:\Users\emon1\Atollic\TrueSTUDIO\STM32_workspace_9.2\Cygnini\inc -I../Drivers/CMSIS/Include -I../Drivers/CMSIS/Device/ST/STM32L4xx/Include -I../Drivers/STM32L4xx_HAL_Driver/Inc -IC:\Users\emon1\Atollic\TrueSTUDIO\STM32_workspace_9.2\Cygnini\Middlewares\Third_Party\FreeRTOS\Source\CMSIS_RTOS -IC:\Users\emon1\Atollic\TrueSTUDIO\STM32_workspace_9.2\Cygnini\Middlewares\Third_Party\FreeRTOS\Source\portable\GCC\ARM_CM4F -IC:\Users\emon1\Atollic\TrueSTUDIO\STM32_workspace_9.2\Cygnini\Middlewares\Third_Party\FreeRTOS\Source\portable\MemMang -IC:\Users\emon1\Atollic\TrueSTUDIO\STM32_workspace_9.2\Cygnini\Middlewares\Third_Party\FreeRTOS\Source\include -IC:\Users\emon1\Atollic\TrueSTUDIO\STM32_workspace_9.2\Cygnini\Middlewares\Third_Party\FreeRTOS\Source -IC:\Users\emon1\Atollic\TrueSTUDIO\STM32_workspace_9.2\Cygnini\Middlewares\ST\STM32_USB_Device_Library\Core\Inc -IC:\Users\emon1\Atollic\TrueSTUDIO\STM32_workspace_9.2\Cygnini\Middlewares\ST\STM32_USB_Device_Library\Class\DFU\Inc -O0 -ffunction-sections -fdata-sections -g -fstack-usage -Wall -specs=nano.specs -o Drivers\STM32L4xx_HAL_Driver\Src\stm32l4xx_hal_flash_ramfunc.o 
arm-atollic-eabi-gcc -c ..\Middlewares\Third_Party\FreeRTOS\Source\CMSIS_RTOS\cmsis_os.c -mthumb -mcpu=cortex-m4 -mfloat-abi=hard -mfpu=fpv4-sp-d16 -std=gnu11 -DSTM32L443xx -I../src -IC:\Users\emon1\Atollic\TrueSTUDIO\STM32_workspace_9.2\Cygnini\inc -I../Drivers/CMSIS/Include -I../Drivers/CMSIS/Device/ST/STM32L4xx/Include -I../Drivers/STM32L4xx_HAL_Driver/Inc -IC:\Users\emon1\Atollic\TrueSTUDIO\STM32_workspace_9.2\Cygnini\Middlewares\Third_Party\FreeRTOS\Source\CMSIS_RTOS -IC:\Users\emon1\Atollic\TrueSTUDIO\STM32_workspace_9.2\Cygnini\Middlewares\Third_Party\FreeRTOS\Source\portable\GCC\ARM_CM4F -IC:\Users\emon1\Atollic\TrueSTUDIO\STM32_workspace_9.2\Cygnini\Middlewares\Third_Party\FreeRTOS\Source\portable\MemMang -IC:\Users\emon1\Atollic\TrueSTUDIO\STM32_workspace_9.2\Cygnini\Middlewares\Third_Party\FreeRTOS\Source\include -IC:\Users\emon1\Atollic\TrueSTUDIO\STM32_workspace_9.2\Cygnini\Middlewares\Third_Party\FreeRTOS\Source -IC:\Users\emon1\Atollic\TrueSTUDIO\STM32_workspace_9.2\Cygnini\Middlewares\ST\STM32_USB_Device_Library\Core\Inc -IC:\Users\emon1\Atollic\TrueSTUDIO\STM32_workspace_9.2\Cygnini\Middlewares\ST\STM32_USB_Device_Library\Class\DFU\Inc -O0 -ffunction-sections -fdata-sections -g -fstack-usage -Wall -specs=nano.specs -o Middlewares\Third_Party\FreeRTOS\Source\CMSIS_RTOS\cmsis_os.o 
arm-atollic-eabi-gcc -c ..\Drivers\STM32L4xx_HAL_Driver\Src\stm32l4xx_hal_pcd_ex.c -mthumb -mcpu=cortex-m4 -mfloat-abi=hard -mfpu=fpv4-sp-d16 -std=gnu11 -DSTM32L443xx -I../src -IC:\Users\emon1\Atollic\TrueSTUDIO\STM32_workspace_9.2\Cygnini\inc -I../Drivers/CMSIS/Include -I../Drivers/CMSIS/Device/ST/STM32L4xx/Include -I../Drivers/STM32L4xx_HAL_Driver/Inc -IC:\Users\emon1\Atollic\TrueSTUDIO\STM32_workspace_9.2\Cygnini\Middlewares\Third_Party\FreeRTOS\Source\CMSIS_RTOS -IC:\Users\emon1\Atollic\TrueSTUDIO\STM32_workspace_9.2\Cygnini\Middlewares\Third_Party\FreeRTOS\Source\portable\GCC\ARM_CM4F -IC:\Users\emon1\Atollic\TrueSTUDIO\STM32_workspace_9.2\Cygnini\Middlewares\Third_Party\FreeRTOS\Source\portable\MemMang -IC:\Users\emon1\Atollic\TrueSTUDIO\STM32_workspace_9.2\Cygnini\Middlewares\Third_Party\FreeRTOS\Source\include -IC:\Users\emon1\Atollic\TrueSTUDIO\STM32_workspace_9.2\Cygnini\Middlewares\Third_Party\FreeRTOS\Source -IC:\Users\emon1\Atollic\TrueSTUDIO\STM32_workspace_9.2\Cygnini\Middlewares\ST\STM32_USB_Device_Library\Core\Inc -IC:\Users\emon1\Atollic\TrueSTUDIO\STM32_workspace_9.2\Cygnini\Middlewares\ST\STM32_USB_Device_Library\Class\DFU\Inc -O0 -ffunction-sections -fdata-sections -g -fstack-usage -Wall -specs=nano.specs -o Drivers\STM32L4xx_HAL_Driver\Src\stm32l4xx_hal_pcd_ex.o 
arm-atollic-eabi-gcc -c ..\Drivers\STM32L4xx_HAL_Driver\Src\stm32l4xx_hal_pcd.c -mthumb -mcpu=cortex-m4 -mfloat-abi=hard -mfpu=fpv4-sp-d16 -std=gnu11 -DSTM32L443xx -I../src -IC:\Users\emon1\Atollic\TrueSTUDIO\STM32_workspace_9.2\Cygnini\inc -I../Drivers/CMSIS/Include -I../Drivers/CMSIS/Device/ST/STM32L4xx/Include -I../Drivers/STM32L4xx_HAL_Driver/Inc -IC:\Users\emon1\Atollic\TrueSTUDIO\STM32_workspace_9.2\Cygnini\Middlewares\Third_Party\FreeRTOS\Source\CMSIS_RTOS -IC:\Users\emon1\Atollic\TrueSTUDIO\STM32_workspace_9.2\Cygnini\Middlewares\Third_Party\FreeRTOS\Source\portable\GCC\ARM_CM4F -IC:\Users\emon1\Atollic\TrueSTUDIO\STM32_workspace_9.2\Cygnini\Middlewares\Third_Party\FreeRTOS\Source\portable\MemMang -IC:\Users\emon1\Atollic\TrueSTUDIO\STM32_workspace_9.2\Cygnini\Middlewares\Third_Party\FreeRTOS\Source\include -IC:\Users\emon1\Atollic\TrueSTUDIO\STM32_workspace_9.2\Cygnini\Middlewares\Third_Party\FreeRTOS\Source -IC:\Users\emon1\Atollic\TrueSTUDIO\STM32_workspace_9.2\Cygnini\Middlewares\ST\STM32_USB_Device_Library\Core\Inc -IC:\Users\emon1\Atollic\TrueSTUDIO\STM32_workspace_9.2\Cygnini\Middlewares\ST\STM32_USB_Device_Library\Class\DFU\Inc -O0 -ffunction-sections -fdata-sections -g -fstack-usage -Wall -specs=nano.specs -o Drivers\STM32L4xx_HAL_Driver\Src\stm32l4xx_hal_pcd.o 
arm-atollic-eabi-gcc -c ..\Middlewares\Third_Party\FreeRTOS\Source\timers.c -mthumb -mcpu=cortex-m4 -mfloat-abi=hard -mfpu=fpv4-sp-d16 -std=gnu11 -DSTM32L443xx -I../src -IC:\Users\emon1\Atollic\TrueSTUDIO\STM32_workspace_9.2\Cygnini\inc -I../Drivers/CMSIS/Include -I../Drivers/CMSIS/Device/ST/STM32L4xx/Include -I../Drivers/STM32L4xx_HAL_Driver/Inc -IC:\Users\emon1\Atollic\TrueSTUDIO\STM32_workspace_9.2\Cygnini\Middlewares\Third_Party\FreeRTOS\Source\CMSIS_RTOS -IC:\Users\emon1\Atollic\TrueSTUDIO\STM32_workspace_9.2\Cygnini\Middlewares\Third_Party\FreeRTOS\Source\portable\GCC\ARM_CM4F -IC:\Users\emon1\Atollic\TrueSTUDIO\STM32_workspace_9.2\Cygnini\Middlewares\Third_Party\FreeRTOS\Source\portable\MemMang -IC:\Users\emon1\Atollic\TrueSTUDIO\STM32_workspace_9.2\Cygnini\Middlewares\Third_Party\FreeRTOS\Source\include -IC:\Users\emon1\Atollic\TrueSTUDIO\STM32_workspace_9.2\Cygnini\Middlewares\Third_Party\FreeRTOS\Source -IC:\Users\emon1\Atollic\TrueSTUDIO\STM32_workspace_9.2\Cygnini\Middlewares\ST\STM32_USB_Device_Library\Core\Inc -IC:\Users\emon1\Atollic\TrueSTUDIO\STM32_workspace_9.2\Cygnini\Middlewares\ST\STM32_USB_Device_Library\Class\DFU\Inc -O0 -ffunction-sections -fdata-sections -g -fstack-usage -Wall -specs=nano.specs -o Middlewares\Third_Party\FreeRTOS\Source\timers.o 
arm-atollic-eabi-gcc -c ..\Drivers\STM32L4xx_HAL_Driver\Src\stm32l4xx_hal_uart.c -mthumb -mcpu=cortex-m4 -mfloat-abi=hard -mfpu=fpv4-sp-d16 -std=gnu11 -DSTM32L443xx -I../src -IC:\Users\emon1\Atollic\TrueSTUDIO\STM32_workspace_9.2\Cygnini\inc -I../Drivers/CMSIS/Include -I../Drivers/CMSIS/Device/ST/STM32L4xx/Include -I../Drivers/STM32L4xx_HAL_Driver/Inc -IC:\Users\emon1\Atollic\TrueSTUDIO\STM32_workspace_9.2\Cygnini\Middlewares\Third_Party\FreeRTOS\Source\CMSIS_RTOS -IC:\Users\emon1\Atollic\TrueSTUDIO\STM32_workspace_9.2\Cygnini\Middlewares\Third_Party\FreeRTOS\Source\portable\GCC\ARM_CM4F -IC:\Users\emon1\Atollic\TrueSTUDIO\STM32_workspace_9.2\Cygnini\Middlewares\Third_Party\FreeRTOS\Source\portable\MemMang -IC:\Users\emon1\Atollic\TrueSTUDIO\STM32_workspace_9.2\Cygnini\Middlewares\Third_Party\FreeRTOS\Source\include -IC:\Users\emon1\Atollic\TrueSTUDIO\STM32_workspace_9.2\Cygnini\Middlewares\Third_Party\FreeRTOS\Source -IC:\Users\emon1\Atollic\TrueSTUDIO\STM32_workspace_9.2\Cygnini\Middlewares\ST\STM32_USB_Device_Library\Core\Inc -IC:\Users\emon1\Atollic\TrueSTUDIO\STM32_workspace_9.2\Cygnini\Middlewares\ST\STM32_USB_Device_Library\Class\DFU\Inc -O0 -ffunction-sections -fdata-sections -g -fstack-usage -Wall -specs=nano.specs -o Drivers\STM32L4xx_HAL_Driver\Src\stm32l4xx_hal_uart.o 
arm-atollic-eabi-gcc -c ..\Middlewares\ST\STM32_USB_Device_Library\Class\DFU\Src\usbd_dfu.c -mthumb -mcpu=cortex-m4 -mfloat-abi=hard -mfpu=fpv4-sp-d16 -std=gnu11 -DSTM32L443xx -I../src -IC:\Users\emon1\Atollic\TrueSTUDIO\STM32_workspace_9.2\Cygnini\inc -I../Drivers/CMSIS/Include -I../Drivers/CMSIS/Device/ST/STM32L4xx/Include -I../Drivers/STM32L4xx_HAL_Driver/Inc -IC:\Users\emon1\Atollic\TrueSTUDIO\STM32_workspace_9.2\Cygnini\Middlewares\Third_Party\FreeRTOS\Source\CMSIS_RTOS -IC:\Users\emon1\Atollic\TrueSTUDIO\STM32_workspace_9.2\Cygnini\Middlewares\Third_Party\FreeRTOS\Source\portable\GCC\ARM_CM4F -IC:\Users\emon1\Atollic\TrueSTUDIO\STM32_workspace_9.2\Cygnini\Middlewares\Third_Party\FreeRTOS\Source\portable\MemMang -IC:\Users\emon1\Atollic\TrueSTUDIO\STM32_workspace_9.2\Cygnini\Middlewares\Third_Party\FreeRTOS\Source\include -IC:\Users\emon1\Atollic\TrueSTUDIO\STM32_workspace_9.2\Cygnini\Middlewares\Third_Party\FreeRTOS\Source -IC:\Users\emon1\Atollic\TrueSTUDIO\STM32_workspace_9.2\Cygnini\Middlewares\ST\STM32_USB_Device_Library\Core\Inc -IC:\Users\emon1\Atollic\TrueSTUDIO\STM32_workspace_9.2\Cygnini\Middlewares\ST\STM32_USB_Device_Library\Class\DFU\Inc -O0 -ffunction-sections -fdata-sections -g -fstack-usage -Wall -specs=nano.specs -o Middlewares\ST\STM32_USB_Device_Library\Class\DFU\Src\usbd_dfu.o 
arm-atollic-eabi-gcc -c ..\Middlewares\ST\STM32_USB_Device_Library\Core\Src\usbd_ctlreq.c -mthumb -mcpu=cortex-m4 -mfloat-abi=hard -mfpu=fpv4-sp-d16 -std=gnu11 -DSTM32L443xx -I../src -IC:\Users\emon1\Atollic\TrueSTUDIO\STM32_workspace_9.2\Cygnini\inc -I../Drivers/CMSIS/Include -I../Drivers/CMSIS/Device/ST/STM32L4xx/Include -I../Drivers/STM32L4xx_HAL_Driver/Inc -IC:\Users\emon1\Atollic\TrueSTUDIO\STM32_workspace_9.2\Cygnini\Middlewares\Third_Party\FreeRTOS\Source\CMSIS_RTOS -IC:\Users\emon1\Atollic\TrueSTUDIO\STM32_workspace_9.2\Cygnini\Middlewares\Third_Party\FreeRTOS\Source\portable\GCC\ARM_CM4F -IC:\Users\emon1\Atollic\TrueSTUDIO\STM32_workspace_9.2\Cygnini\Middlewares\Third_Party\FreeRTOS\Source\portable\MemMang -IC:\Users\emon1\Atollic\TrueSTUDIO\STM32_workspace_9.2\Cygnini\Middlewares\Third_Party\FreeRTOS\Source\include -IC:\Users\emon1\Atollic\TrueSTUDIO\STM32_workspace_9.2\Cygnini\Middlewares\Third_Party\FreeRTOS\Source -IC:\Users\emon1\Atollic\TrueSTUDIO\STM32_workspace_9.2\Cygnini\Middlewares\ST\STM32_USB_Device_Library\Core\Inc -IC:\Users\emon1\Atollic\TrueSTUDIO\STM32_workspace_9.2\Cygnini\Middlewares\ST\STM32_USB_Device_Library\Class\DFU\Inc -O0 -ffunction-sections -fdata-sections -g -fstack-usage -Wall -specs=nano.specs -o Middlewares\ST\STM32_USB_Device_Library\Core\Src\usbd_ctlreq.o 
arm-atollic-eabi-gcc -c ..\Drivers\STM32L4xx_HAL_Driver\Src\stm32l4xx_hal_uart_ex.c -mthumb -mcpu=cortex-m4 -mfloat-abi=hard -mfpu=fpv4-sp-d16 -std=gnu11 -DSTM32L443xx -I../src -IC:\Users\emon1\Atollic\TrueSTUDIO\STM32_workspace_9.2\Cygnini\inc -I../Drivers/CMSIS/Include -I../Drivers/CMSIS/Device/ST/STM32L4xx/Include -I../Drivers/STM32L4xx_HAL_Driver/Inc -IC:\Users\emon1\Atollic\TrueSTUDIO\STM32_workspace_9.2\Cygnini\Middlewares\Third_Party\FreeRTOS\Source\CMSIS_RTOS -IC:\Users\emon1\Atollic\TrueSTUDIO\STM32_workspace_9.2\Cygnini\Middlewares\Third_Party\FreeRTOS\Source\portable\GCC\ARM_CM4F -IC:\Users\emon1\Atollic\TrueSTUDIO\STM32_workspace_9.2\Cygnini\Middlewares\Third_Party\FreeRTOS\Source\portable\MemMang -IC:\Users\emon1\Atollic\TrueSTUDIO\STM32_workspace_9.2\Cygnini\Middlewares\Third_Party\FreeRTOS\Source\include -IC:\Users\emon1\Atollic\TrueSTUDIO\STM32_workspace_9.2\Cygnini\Middlewares\Third_Party\FreeRTOS\Source -IC:\Users\emon1\Atollic\TrueSTUDIO\STM32_workspace_9.2\Cygnini\Middlewares\ST\STM32_USB_Device_Library\Core\Inc -IC:\Users\emon1\Atollic\TrueSTUDIO\STM32_workspace_9.2\Cygnini\Middlewares\ST\STM32_USB_Device_Library\Class\DFU\Inc -O0 -ffunction-sections -fdata-sections -g -fstack-usage -Wall -specs=nano.specs -o Drivers\STM32L4xx_HAL_Driver\Src\stm32l4xx_hal_uart_ex.o 
arm-atollic-eabi-gcc -c ..\Middlewares\Third_Party\FreeRTOS\Source\portable\GCC\ARM_CM4F\port.c -mthumb -mcpu=cortex-m4 -mfloat-abi=hard -mfpu=fpv4-sp-d16 -std=gnu11 -DSTM32L443xx -I../src -IC:\Users\emon1\Atollic\TrueSTUDIO\STM32_workspace_9.2\Cygnini\inc -I../Drivers/CMSIS/Include -I../Drivers/CMSIS/Device/ST/STM32L4xx/Include -I../Drivers/STM32L4xx_HAL_Driver/Inc -IC:\Users\emon1\Atollic\TrueSTUDIO\STM32_workspace_9.2\Cygnini\Middlewares\Third_Party\FreeRTOS\Source\CMSIS_RTOS -IC:\Users\emon1\Atollic\TrueSTUDIO\STM32_workspace_9.2\Cygnini\Middlewares\Third_Party\FreeRTOS\Source\portable\GCC\ARM_CM4F -IC:\Users\emon1\Atollic\TrueSTUDIO\STM32_workspace_9.2\Cygnini\Middlewares\Third_Party\FreeRTOS\Source\portable\MemMang -IC:\Users\emon1\Atollic\TrueSTUDIO\STM32_workspace_9.2\Cygnini\Middlewares\Third_Party\FreeRTOS\Source\include -IC:\Users\emon1\Atollic\TrueSTUDIO\STM32_workspace_9.2\Cygnini\Middlewares\Third_Party\FreeRTOS\Source -IC:\Users\emon1\Atollic\TrueSTUDIO\STM32_workspace_9.2\Cygnini\Middlewares\ST\STM32_USB_Device_Library\Core\Inc -IC:\Users\emon1\Atollic\TrueSTUDIO\STM32_workspace_9.2\Cygnini\Middlewares\ST\STM32_USB_Device_Library\Class\DFU\Inc -O0 -ffunction-sections -fdata-sections -g -fstack-usage -Wall -specs=nano.specs -o Middlewares\Third_Party\FreeRTOS\Source\portable\GCC\ARM_CM4F\port.o 
arm-atollic-eabi-gcc -c ..\Middlewares\Third_Party\FreeRTOS\Source\portable\MemMang\heap_4.c -mthumb -mcpu=cortex-m4 -mfloat-abi=hard -mfpu=fpv4-sp-d16 -std=gnu11 -DSTM32L443xx -I../src -IC:\Users\emon1\Atollic\TrueSTUDIO\STM32_workspace_9.2\Cygnini\inc -I../Drivers/CMSIS/Include -I../Drivers/CMSIS/Device/ST/STM32L4xx/Include -I../Drivers/STM32L4xx_HAL_Driver/Inc -IC:\Users\emon1\Atollic\TrueSTUDIO\STM32_workspace_9.2\Cygnini\Middlewares\Third_Party\FreeRTOS\Source\CMSIS_RTOS -IC:\Users\emon1\Atollic\TrueSTUDIO\STM32_workspace_9.2\Cygnini\Middlewares\Third_Party\FreeRTOS\Source\portable\GCC\ARM_CM4F -IC:\Users\emon1\Atollic\TrueSTUDIO\STM32_workspace_9.2\Cygnini\Middlewares\Third_Party\FreeRTOS\Source\portable\MemMang -IC:\Users\emon1\Atollic\TrueSTUDIO\STM32_workspace_9.2\Cygnini\Middlewares\Third_Party\FreeRTOS\Source\include -IC:\Users\emon1\Atollic\TrueSTUDIO\STM32_workspace_9.2\Cygnini\Middlewares\Third_Party\FreeRTOS\Source -IC:\Users\emon1\Atollic\TrueSTUDIO\STM32_workspace_9.2\Cygnini\Middlewares\ST\STM32_USB_Device_Library\Core\Inc -IC:\Users\emon1\Atollic\TrueSTUDIO\STM32_workspace_9.2\Cygnini\Middlewares\ST\STM32_USB_Device_Library\Class\DFU\Inc -O0 -ffunction-sections -fdata-sections -g -fstack-usage -Wall -specs=nano.specs -o Middlewares\Third_Party\FreeRTOS\Source\portable\MemMang\heap_4.o 
arm-atollic-eabi-gcc -c ..\src\syscalls.c -mthumb -mcpu=cortex-m4 -mfloat-abi=hard -mfpu=fpv4-sp-d16 -std=gnu11 -DSTM32L443xx -I../src -IC:\Users\emon1\Atollic\TrueSTUDIO\STM32_workspace_9.2\Cygnini\inc -I../Drivers/CMSIS/Include -I../Drivers/CMSIS/Device/ST/STM32L4xx/Include -I../Drivers/STM32L4xx_HAL_Driver/Inc -IC:\Users\emon1\Atollic\TrueSTUDIO\STM32_workspace_9.2\Cygnini\Middlewares\Third_Party\FreeRTOS\Source\CMSIS_RTOS -IC:\Users\emon1\Atollic\TrueSTUDIO\STM32_workspace_9.2\Cygnini\Middlewares\Third_Party\FreeRTOS\Source\portable\GCC\ARM_CM4F -IC:\Users\emon1\Atollic\TrueSTUDIO\STM32_workspace_9.2\Cygnini\Middlewares\Third_Party\FreeRTOS\Source\portable\MemMang -IC:\Users\emon1\Atollic\TrueSTUDIO\STM32_workspace_9.2\Cygnini\Middlewares\Third_Party\FreeRTOS\Source\include -IC:\Users\emon1\Atollic\TrueSTUDIO\STM32_workspace_9.2\Cygnini\Middlewares\Third_Party\FreeRTOS\Source -IC:\Users\emon1\Atollic\TrueSTUDIO\STM32_workspace_9.2\Cygnini\Middlewares\ST\STM32_USB_Device_Library\Core\Inc -IC:\Users\emon1\Atollic\TrueSTUDIO\STM32_workspace_9.2\Cygnini\Middlewares\ST\STM32_USB_Device_Library\Class\DFU\Inc -O0 -ffunction-sections -fdata-sections -g -fstack-usage -Wall -specs=nano.specs -o src\syscalls.o 
arm-atollic-eabi-gcc -c ..\Drivers\STM32L4xx_HAL_Driver\Src\stm32l4xx_hal_i2c.c -mthumb -mcpu=cortex-m4 -mfloat-abi=hard -mfpu=fpv4-sp-d16 -std=gnu11 -DSTM32L443xx -I../src -IC:\Users\emon1\Atollic\TrueSTUDIO\STM32_workspace_9.2\Cygnini\inc -I../Drivers/CMSIS/Include -I../Drivers/CMSIS/Device/ST/STM32L4xx/Include -I../Drivers/STM32L4xx_HAL_Driver/Inc -IC:\Users\emon1\Atollic\TrueSTUDIO\STM32_workspace_9.2\Cygnini\Middlewares\Third_Party\FreeRTOS\Source\CMSIS_RTOS -IC:\Users\emon1\Atollic\TrueSTUDIO\STM32_workspace_9.2\Cygnini\Middlewares\Third_Party\FreeRTOS\Source\portable\GCC\ARM_CM4F -IC:\Users\emon1\Atollic\TrueSTUDIO\STM32_workspace_9.2\Cygnini\Middlewares\Third_Party\FreeRTOS\Source\portable\MemMang -IC:\Users\emon1\Atollic\TrueSTUDIO\STM32_workspace_9.2\Cygnini\Middlewares\Third_Party\FreeRTOS\Source\include -IC:\Users\emon1\Atollic\TrueSTUDIO\STM32_workspace_9.2\Cygnini\Middlewares\Third_Party\FreeRTOS\Source -IC:\Users\emon1\Atollic\TrueSTUDIO\STM32_workspace_9.2\Cygnini\Middlewares\ST\STM32_USB_Device_Library\Core\Inc -IC:\Users\emon1\Atollic\TrueSTUDIO\STM32_workspace_9.2\Cygnini\Middlewares\ST\STM32_USB_Device_Library\Class\DFU\Inc -O0 -ffunction-sections -fdata-sections -g -fstack-usage -Wall -specs=nano.specs -o Drivers\STM32L4xx_HAL_Driver\Src\stm32l4xx_hal_i2c.o 
arm-atollic-eabi-gcc -c ..\Drivers\STM32L4xx_HAL_Driver\Src\stm32l4xx_hal_sai.c -mthumb -mcpu=cortex-m4 -mfloat-abi=hard -mfpu=fpv4-sp-d16 -std=gnu11 -DSTM32L443xx -I../src -IC:\Users\emon1\Atollic\TrueSTUDIO\STM32_workspace_9.2\Cygnini\inc -I../Drivers/CMSIS/Include -I../Drivers/CMSIS/Device/ST/STM32L4xx/Include -I../Drivers/STM32L4xx_HAL_Driver/Inc -IC:\Users\emon1\Atollic\TrueSTUDIO\STM32_workspace_9.2\Cygnini\Middlewares\Third_Party\FreeRTOS\Source\CMSIS_RTOS -IC:\Users\emon1\Atollic\TrueSTUDIO\STM32_workspace_9.2\Cygnini\Middlewares\Third_Party\FreeRTOS\Source\portable\GCC\ARM_CM4F -IC:\Users\emon1\Atollic\TrueSTUDIO\STM32_workspace_9.2\Cygnini\Middlewares\Third_Party\FreeRTOS\Source\portable\MemMang -IC:\Users\emon1\Atollic\TrueSTUDIO\STM32_workspace_9.2\Cygnini\Middlewares\Third_Party\FreeRTOS\Source\include -IC:\Users\emon1\Atollic\TrueSTUDIO\STM32_workspace_9.2\Cygnini\Middlewares\Third_Party\FreeRTOS\Source -IC:\Users\emon1\Atollic\TrueSTUDIO\STM32_workspace_9.2\Cygnini\Middlewares\ST\STM32_USB_Device_Library\Core\Inc -IC:\Users\emon1\Atollic\TrueSTUDIO\STM32_workspace_9.2\Cygnini\Middlewares\ST\STM32_USB_Device_Library\Class\DFU\Inc -O0 -ffunction-sections -fdata-sections -g -fstack-usage -Wall -specs=nano.specs -o Drivers\STM32L4xx_HAL_Driver\Src\stm32l4xx_hal_sai.o 
arm-atollic-eabi-gcc -c ..\Middlewares\ST\STM32_USB_Device_Library\Core\Src\usbd_core.c -mthumb -mcpu=cortex-m4 -mfloat-abi=hard -mfpu=fpv4-sp-d16 -std=gnu11 -DSTM32L443xx -I../src -IC:\Users\emon1\Atollic\TrueSTUDIO\STM32_workspace_9.2\Cygnini\inc -I../Drivers/CMSIS/Include -I../Drivers/CMSIS/Device/ST/STM32L4xx/Include -I../Drivers/STM32L4xx_HAL_Driver/Inc -IC:\Users\emon1\Atollic\TrueSTUDIO\STM32_workspace_9.2\Cygnini\Middlewares\Third_Party\FreeRTOS\Source\CMSIS_RTOS -IC:\Users\emon1\Atollic\TrueSTUDIO\STM32_workspace_9.2\Cygnini\Middlewares\Third_Party\FreeRTOS\Source\portable\GCC\ARM_CM4F -IC:\Users\emon1\Atollic\TrueSTUDIO\STM32_workspace_9.2\Cygnini\Middlewares\Third_Party\FreeRTOS\Source\portable\MemMang -IC:\Users\emon1\Atollic\TrueSTUDIO\STM32_workspace_9.2\Cygnini\Middlewares\Third_Party\FreeRTOS\Source\include -IC:\Users\emon1\Atollic\TrueSTUDIO\STM32_workspace_9.2\Cygnini\Middlewares\Third_Party\FreeRTOS\Source -IC:\Users\emon1\Atollic\TrueSTUDIO\STM32_workspace_9.2\Cygnini\Middlewares\ST\STM32_USB_Device_Library\Core\Inc -IC:\Users\emon1\Atollic\TrueSTUDIO\STM32_workspace_9.2\Cygnini\Middlewares\ST\STM32_USB_Device_Library\Class\DFU\Inc -O0 -ffunction-sections -fdata-sections -g -fstack-usage -Wall -specs=nano.specs -o Middlewares\ST\STM32_USB_Device_Library\Core\Src\usbd_core.o 
arm-atollic-eabi-gcc -c ..\Middlewares\Third_Party\FreeRTOS\Source\list.c -mthumb -mcpu=cortex-m4 -mfloat-abi=hard -mfpu=fpv4-sp-d16 -std=gnu11 -DSTM32L443xx -I../src -IC:\Users\emon1\Atollic\TrueSTUDIO\STM32_workspace_9.2\Cygnini\inc -I../Drivers/CMSIS/Include -I../Drivers/CMSIS/Device/ST/STM32L4xx/Include -I../Drivers/STM32L4xx_HAL_Driver/Inc -IC:\Users\emon1\Atollic\TrueSTUDIO\STM32_workspace_9.2\Cygnini\Middlewares\Third_Party\FreeRTOS\Source\CMSIS_RTOS -IC:\Users\emon1\Atollic\TrueSTUDIO\STM32_workspace_9.2\Cygnini\Middlewares\Third_Party\FreeRTOS\Source\portable\GCC\ARM_CM4F -IC:\Users\emon1\Atollic\TrueSTUDIO\STM32_workspace_9.2\Cygnini\Middlewares\Third_Party\FreeRTOS\Source\portable\MemMang -IC:\Users\emon1\Atollic\TrueSTUDIO\STM32_workspace_9.2\Cygnini\Middlewares\Third_Party\FreeRTOS\Source\include -IC:\Users\emon1\Atollic\TrueSTUDIO\STM32_workspace_9.2\Cygnini\Middlewares\Third_Party\FreeRTOS\Source -IC:\Users\emon1\Atollic\TrueSTUDIO\STM32_workspace_9.2\Cygnini\Middlewares\ST\STM32_USB_Device_Library\Core\Inc -IC:\Users\emon1\Atollic\TrueSTUDIO\STM32_workspace_9.2\Cygnini\Middlewares\ST\STM32_USB_Device_Library\Class\DFU\Inc -O0 -ffunction-sections -fdata-sections -g -fstack-usage -Wall -specs=nano.specs -o Middlewares\Third_Party\FreeRTOS\Source\list.o 
arm-atollic-eabi-gcc -c ..\src\usbd_dfu_if.c -mthumb -mcpu=cortex-m4 -mfloat-abi=hard -mfpu=fpv4-sp-d16 -std=gnu11 -DSTM32L443xx -I../src -IC:\Users\emon1\Atollic\TrueSTUDIO\STM32_workspace_9.2\Cygnini\inc -I../Drivers/CMSIS/Include -I../Drivers/CMSIS/Device/ST/STM32L4xx/Include -I../Drivers/STM32L4xx_HAL_Driver/Inc -IC:\Users\emon1\Atollic\TrueSTUDIO\STM32_workspace_9.2\Cygnini\Middlewares\Third_Party\FreeRTOS\Source\CMSIS_RTOS -IC:\Users\emon1\Atollic\TrueSTUDIO\STM32_workspace_9.2\Cygnini\Middlewares\Third_Party\FreeRTOS\Source\portable\GCC\ARM_CM4F -IC:\Users\emon1\Atollic\TrueSTUDIO\STM32_workspace_9.2\Cygnini\Middlewares\Third_Party\FreeRTOS\Source\portable\MemMang -IC:\Users\emon1\Atollic\TrueSTUDIO\STM32_workspace_9.2\Cygnini\Middlewares\Third_Party\FreeRTOS\Source\include -IC:\Users\emon1\Atollic\TrueSTUDIO\STM32_workspace_9.2\Cygnini\Middlewares\Third_Party\FreeRTOS\Source -IC:\Users\emon1\Atollic\TrueSTUDIO\STM32_workspace_9.2\Cygnini\Middlewares\ST\STM32_USB_Device_Library\Core\Inc -IC:\Users\emon1\Atollic\TrueSTUDIO\STM32_workspace_9.2\Cygnini\Middlewares\ST\STM32_USB_Device_Library\Class\DFU\Inc -O0 -ffunction-sections -fdata-sections -g -fstack-usage -Wall -specs=nano.specs -o src\usbd_dfu_if.o 
arm-atollic-eabi-gcc -c ..\Drivers\STM32L4xx_HAL_Driver\Src\stm32l4xx_hal_pwr_ex.c -mthumb -mcpu=cortex-m4 -mfloat-abi=hard -mfpu=fpv4-sp-d16 -std=gnu11 -DSTM32L443xx -I../src -IC:\Users\emon1\Atollic\TrueSTUDIO\STM32_workspace_9.2\Cygnini\inc -I../Drivers/CMSIS/Include -I../Drivers/CMSIS/Device/ST/STM32L4xx/Include -I../Drivers/STM32L4xx_HAL_Driver/Inc -IC:\Users\emon1\Atollic\TrueSTUDIO\STM32_workspace_9.2\Cygnini\Middlewares\Third_Party\FreeRTOS\Source\CMSIS_RTOS -IC:\Users\emon1\Atollic\TrueSTUDIO\STM32_workspace_9.2\Cygnini\Middlewares\Third_Party\FreeRTOS\Source\portable\GCC\ARM_CM4F -IC:\Users\emon1\Atollic\TrueSTUDIO\STM32_workspace_9.2\Cygnini\Middlewares\Third_Party\FreeRTOS\Source\portable\MemMang -IC:\Users\emon1\Atollic\TrueSTUDIO\STM32_workspace_9.2\Cygnini\Middlewares\Third_Party\FreeRTOS\Source\include -IC:\Users\emon1\Atollic\TrueSTUDIO\STM32_workspace_9.2\Cygnini\Middlewares\Third_Party\FreeRTOS\Source -IC:\Users\emon1\Atollic\TrueSTUDIO\STM32_workspace_9.2\Cygnini\Middlewares\ST\STM32_USB_Device_Library\Core\Inc -IC:\Users\emon1\Atollic\TrueSTUDIO\STM32_workspace_9.2\Cygnini\Middlewares\ST\STM32_USB_Device_Library\Class\DFU\Inc -O0 -ffunction-sections -fdata-sections -g -fstack-usage -Wall -specs=nano.specs -o Drivers\STM32L4xx_HAL_Driver\Src\stm32l4xx_hal_pwr_ex.o 
arm-atollic-eabi-gcc -c ..\Middlewares\Third_Party\FreeRTOS\Source\croutine.c -mthumb -mcpu=cortex-m4 -mfloat-abi=hard -mfpu=fpv4-sp-d16 -std=gnu11 -DSTM32L443xx -I../src -IC:\Users\emon1\Atollic\TrueSTUDIO\STM32_workspace_9.2\Cygnini\inc -I../Drivers/CMSIS/Include -I../Drivers/CMSIS/Device/ST/STM32L4xx/Include -I../Drivers/STM32L4xx_HAL_Driver/Inc -IC:\Users\emon1\Atollic\TrueSTUDIO\STM32_workspace_9.2\Cygnini\Middlewares\Third_Party\FreeRTOS\Source\CMSIS_RTOS -IC:\Users\emon1\Atollic\TrueSTUDIO\STM32_workspace_9.2\Cygnini\Middlewares\Third_Party\FreeRTOS\Source\portable\GCC\ARM_CM4F -IC:\Users\emon1\Atollic\TrueSTUDIO\STM32_workspace_9.2\Cygnini\Middlewares\Third_Party\FreeRTOS\Source\portable\MemMang -IC:\Users\emon1\Atollic\TrueSTUDIO\STM32_workspace_9.2\Cygnini\Middlewares\Third_Party\FreeRTOS\Source\include -IC:\Users\emon1\Atollic\TrueSTUDIO\STM32_workspace_9.2\Cygnini\Middlewares\Third_Party\FreeRTOS\Source -IC:\Users\emon1\Atollic\TrueSTUDIO\STM32_workspace_9.2\Cygnini\Middlewares\ST\STM32_USB_Device_Library\Core\Inc -IC:\Users\emon1\Atollic\TrueSTUDIO\STM32_workspace_9.2\Cygnini\Middlewares\ST\STM32_USB_Device_Library\Class\DFU\Inc -O0 -ffunction-sections -fdata-sections -g -fstack-usage -Wall -specs=nano.specs -o Middlewares\Third_Party\FreeRTOS\Source\croutine.o 
arm-atollic-eabi-gcc -c ..\Middlewares\Third_Party\FreeRTOS\Source\queue.c -mthumb -mcpu=cortex-m4 -mfloat-abi=hard -mfpu=fpv4-sp-d16 -std=gnu11 -DSTM32L443xx -I../src -IC:\Users\emon1\Atollic\TrueSTUDIO\STM32_workspace_9.2\Cygnini\inc -I../Drivers/CMSIS/Include -I../Drivers/CMSIS/Device/ST/STM32L4xx/Include -I../Drivers/STM32L4xx_HAL_Driver/Inc -IC:\Users\emon1\Atollic\TrueSTUDIO\STM32_workspace_9.2\Cygnini\Middlewares\Third_Party\FreeRTOS\Source\CMSIS_RTOS -IC:\Users\emon1\Atollic\TrueSTUDIO\STM32_workspace_9.2\Cygnini\Middlewares\Third_Party\FreeRTOS\Source\portable\GCC\ARM_CM4F -IC:\Users\emon1\Atollic\TrueSTUDIO\STM32_workspace_9.2\Cygnini\Middlewares\Third_Party\FreeRTOS\Source\portable\MemMang -IC:\Users\emon1\Atollic\TrueSTUDIO\STM32_workspace_9.2\Cygnini\Middlewares\Third_Party\FreeRTOS\Source\include -IC:\Users\emon1\Atollic\TrueSTUDIO\STM32_workspace_9.2\Cygnini\Middlewares\Third_Party\FreeRTOS\Source -IC:\Users\emon1\Atollic\TrueSTUDIO\STM32_workspace_9.2\Cygnini\Middlewares\ST\STM32_USB_Device_Library\Core\Inc -IC:\Users\emon1\Atollic\TrueSTUDIO\STM32_workspace_9.2\Cygnini\Middlewares\ST\STM32_USB_Device_Library\Class\DFU\Inc -O0 -ffunction-sections -fdata-sections -g -fstack-usage -Wall -specs=nano.specs -o Middlewares\Third_Party\FreeRTOS\Source\queue.o 
arm-atollic-eabi-gcc -c ..\Drivers\STM32L4xx_HAL_Driver\Src\stm32l4xx_hal.c -mthumb -mcpu=cortex-m4 -mfloat-abi=hard -mfpu=fpv4-sp-d16 -std=gnu11 -DSTM32L443xx -I../src -IC:\Users\emon1\Atollic\TrueSTUDIO\STM32_workspace_9.2\Cygnini\inc -I../Drivers/CMSIS/Include -I../Drivers/CMSIS/Device/ST/STM32L4xx/Include -I../Drivers/STM32L4xx_HAL_Driver/Inc -IC:\Users\emon1\Atollic\TrueSTUDIO\STM32_workspace_9.2\Cygnini\Middlewares\Third_Party\FreeRTOS\Source\CMSIS_RTOS -IC:\Users\emon1\Atollic\TrueSTUDIO\STM32_workspace_9.2\Cygnini\Middlewares\Third_Party\FreeRTOS\Source\portable\GCC\ARM_CM4F -IC:\Users\emon1\Atollic\TrueSTUDIO\STM32_workspace_9.2\Cygnini\Middlewares\Third_Party\FreeRTOS\Source\portable\MemMang -IC:\Users\emon1\Atollic\TrueSTUDIO\STM32_workspace_9.2\Cygnini\Middlewares\Third_Party\FreeRTOS\Source\include -IC:\Users\emon1\Atollic\TrueSTUDIO\STM32_workspace_9.2\Cygnini\Middlewares\Third_Party\FreeRTOS\Source -IC:\Users\emon1\Atollic\TrueSTUDIO\STM32_workspace_9.2\Cygnini\Middlewares\ST\STM32_USB_Device_Library\Core\Inc -IC:\Users\emon1\Atollic\TrueSTUDIO\STM32_workspace_9.2\Cygnini\Middlewares\ST\STM32_USB_Device_Library\Class\DFU\Inc -O0 -ffunction-sections -fdata-sections -g -fstack-usage -Wall -specs=nano.specs -o Drivers\STM32L4xx_HAL_Driver\Src\stm32l4xx_hal.o 
arm-atollic-eabi-gcc -c ..\Middlewares\Third_Party\FreeRTOS\Source\event_groups.c -mthumb -mcpu=cortex-m4 -mfloat-abi=hard -mfpu=fpv4-sp-d16 -std=gnu11 -DSTM32L443xx -I../src -IC:\Users\emon1\Atollic\TrueSTUDIO\STM32_workspace_9.2\Cygnini\inc -I../Drivers/CMSIS/Include -I../Drivers/CMSIS/Device/ST/STM32L4xx/Include -I../Drivers/STM32L4xx_HAL_Driver/Inc -IC:\Users\emon1\Atollic\TrueSTUDIO\STM32_workspace_9.2\Cygnini\Middlewares\Third_Party\FreeRTOS\Source\CMSIS_RTOS -IC:\Users\emon1\Atollic\TrueSTUDIO\STM32_workspace_9.2\Cygnini\Middlewares\Third_Party\FreeRTOS\Source\portable\GCC\ARM_CM4F -IC:\Users\emon1\Atollic\TrueSTUDIO\STM32_workspace_9.2\Cygnini\Middlewares\Third_Party\FreeRTOS\Source\portable\MemMang -IC:\Users\emon1\Atollic\TrueSTUDIO\STM32_workspace_9.2\Cygnini\Middlewares\Third_Party\FreeRTOS\Source\include -IC:\Users\emon1\Atollic\TrueSTUDIO\STM32_workspace_9.2\Cygnini\Middlewares\Third_Party\FreeRTOS\Source -IC:\Users\emon1\Atollic\TrueSTUDIO\STM32_workspace_9.2\Cygnini\Middlewares\ST\STM32_USB_Device_Library\Core\Inc -IC:\Users\emon1\Atollic\TrueSTUDIO\STM32_workspace_9.2\Cygnini\Middlewares\ST\STM32_USB_Device_Library\Class\DFU\Inc -O0 -ffunction-sections -fdata-sections -g -fstack-usage -Wall -specs=nano.specs -o Middlewares\Third_Party\FreeRTOS\Source\event_groups.o 
arm-atollic-eabi-gcc -c ..\Drivers\STM32L4xx_HAL_Driver\Src\stm32l4xx_hal_rtc.c -mthumb -mcpu=cortex-m4 -mfloat-abi=hard -mfpu=fpv4-sp-d16 -std=gnu11 -DSTM32L443xx -I../src -IC:\Users\emon1\Atollic\TrueSTUDIO\STM32_workspace_9.2\Cygnini\inc -I../Drivers/CMSIS/Include -I../Drivers/CMSIS/Device/ST/STM32L4xx/Include -I../Drivers/STM32L4xx_HAL_Driver/Inc -IC:\Users\emon1\Atollic\TrueSTUDIO\STM32_workspace_9.2\Cygnini\Middlewares\Third_Party\FreeRTOS\Source\CMSIS_RTOS -IC:\Users\emon1\Atollic\TrueSTUDIO\STM32_workspace_9.2\Cygnini\Middlewares\Third_Party\FreeRTOS\Source\portable\GCC\ARM_CM4F -IC:\Users\emon1\Atollic\TrueSTUDIO\STM32_workspace_9.2\Cygnini\Middlewares\Third_Party\FreeRTOS\Source\portable\MemMang -IC:\Users\emon1\Atollic\TrueSTUDIO\STM32_workspace_9.2\Cygnini\Middlewares\Third_Party\FreeRTOS\Source\include -IC:\Users\emon1\Atollic\TrueSTUDIO\STM32_workspace_9.2\Cygnini\Middlewares\Third_Party\FreeRTOS\Source -IC:\Users\emon1\Atollic\TrueSTUDIO\STM32_workspace_9.2\Cygnini\Middlewares\ST\STM32_USB_Device_Library\Core\Inc -IC:\Users\emon1\Atollic\TrueSTUDIO\STM32_workspace_9.2\Cygnini\Middlewares\ST\STM32_USB_Device_Library\Class\DFU\Inc -O0 -ffunction-sections -fdata-sections -g -fstack-usage -Wall -specs=nano.specs -o Drivers\STM32L4xx_HAL_Driver\Src\stm32l4xx_hal_rtc.o 
arm-atollic-eabi-gcc -c ..\Middlewares\ST\STM32_USB_Device_Library\Core\Src\usbd_ioreq.c -mthumb -mcpu=cortex-m4 -mfloat-abi=hard -mfpu=fpv4-sp-d16 -std=gnu11 -DSTM32L443xx -I../src -IC:\Users\emon1\Atollic\TrueSTUDIO\STM32_workspace_9.2\Cygnini\inc -I../Drivers/CMSIS/Include -I../Drivers/CMSIS/Device/ST/STM32L4xx/Include -I../Drivers/STM32L4xx_HAL_Driver/Inc -IC:\Users\emon1\Atollic\TrueSTUDIO\STM32_workspace_9.2\Cygnini\Middlewares\Third_Party\FreeRTOS\Source\CMSIS_RTOS -IC:\Users\emon1\Atollic\TrueSTUDIO\STM32_workspace_9.2\Cygnini\Middlewares\Third_Party\FreeRTOS\Source\portable\GCC\ARM_CM4F -IC:\Users\emon1\Atollic\TrueSTUDIO\STM32_workspace_9.2\Cygnini\Middlewares\Third_Party\FreeRTOS\Source\portable\MemMang -IC:\Users\emon1\Atollic\TrueSTUDIO\STM32_workspace_9.2\Cygnini\Middlewares\Third_Party\FreeRTOS\Source\include -IC:\Users\emon1\Atollic\TrueSTUDIO\STM32_workspace_9.2\Cygnini\Middlewares\Third_Party\FreeRTOS\Source -IC:\Users\emon1\Atollic\TrueSTUDIO\STM32_workspace_9.2\Cygnini\Middlewares\ST\STM32_USB_Device_Library\Core\Inc -IC:\Users\emon1\Atollic\TrueSTUDIO\STM32_workspace_9.2\Cygnini\Middlewares\ST\STM32_USB_Device_Library\Class\DFU\Inc -O0 -ffunction-sections -fdata-sections -g -fstack-usage -Wall -specs=nano.specs -o Middlewares\ST\STM32_USB_Device_Library\Core\Src\usbd_ioreq.o 
arm-atollic-eabi-gcc -c ..\Drivers\STM32L4xx_HAL_Driver\Src\stm32l4xx_hal_i2c_ex.c -mthumb -mcpu=cortex-m4 -mfloat-abi=hard -mfpu=fpv4-sp-d16 -std=gnu11 -DSTM32L443xx -I../src -IC:\Users\emon1\Atollic\TrueSTUDIO\STM32_workspace_9.2\Cygnini\inc -I../Drivers/CMSIS/Include -I../Drivers/CMSIS/Device/ST/STM32L4xx/Include -I../Drivers/STM32L4xx_HAL_Driver/Inc -IC:\Users\emon1\Atollic\TrueSTUDIO\STM32_workspace_9.2\Cygnini\Middlewares\Third_Party\FreeRTOS\Source\CMSIS_RTOS -IC:\Users\emon1\Atollic\TrueSTUDIO\STM32_workspace_9.2\Cygnini\Middlewares\Third_Party\FreeRTOS\Source\portable\GCC\ARM_CM4F -IC:\Users\emon1\Atollic\TrueSTUDIO\STM32_workspace_9.2\Cygnini\Middlewares\Third_Party\FreeRTOS\Source\portable\MemMang -IC:\Users\emon1\Atollic\TrueSTUDIO\STM32_workspace_9.2\Cygnini\Middlewares\Third_Party\FreeRTOS\Source\include -IC:\Users\emon1\Atollic\TrueSTUDIO\STM32_workspace_9.2\Cygnini\Middlewares\Third_Party\FreeRTOS\Source -IC:\Users\emon1\Atollic\TrueSTUDIO\STM32_workspace_9.2\Cygnini\Middlewares\ST\STM32_USB_Device_Library\Core\Inc -IC:\Users\emon1\Atollic\TrueSTUDIO\STM32_workspace_9.2\Cygnini\Middlewares\ST\STM32_USB_Device_Library\Class\DFU\Inc -O0 -ffunction-sections -fdata-sections -g -fstack-usage -Wall -specs=nano.specs -o Drivers\STM32L4xx_HAL_Driver\Src\stm32l4xx_hal_i2c_ex.o 
arm-atollic-eabi-gcc -c ..\Drivers\STM32L4xx_HAL_Driver\Src\stm32l4xx_hal_rtc_ex.c -mthumb -mcpu=cortex-m4 -mfloat-abi=hard -mfpu=fpv4-sp-d16 -std=gnu11 -DSTM32L443xx -I../src -IC:\Users\emon1\Atollic\TrueSTUDIO\STM32_workspace_9.2\Cygnini\inc -I../Drivers/CMSIS/Include -I../Drivers/CMSIS/Device/ST/STM32L4xx/Include -I../Drivers/STM32L4xx_HAL_Driver/Inc -IC:\Users\emon1\Atollic\TrueSTUDIO\STM32_workspace_9.2\Cygnini\Middlewares\Third_Party\FreeRTOS\Source\CMSIS_RTOS -IC:\Users\emon1\Atollic\TrueSTUDIO\STM32_workspace_9.2\Cygnini\Middlewares\Third_Party\FreeRTOS\Source\portable\GCC\ARM_CM4F -IC:\Users\emon1\Atollic\TrueSTUDIO\STM32_workspace_9.2\Cygnini\Middlewares\Third_Party\FreeRTOS\Source\portable\MemMang -IC:\Users\emon1\Atollic\TrueSTUDIO\STM32_workspace_9.2\Cygnini\Middlewares\Third_Party\FreeRTOS\Source\include -IC:\Users\emon1\Atollic\TrueSTUDIO\STM32_workspace_9.2\Cygnini\Middlewares\Third_Party\FreeRTOS\Source -IC:\Users\emon1\Atollic\TrueSTUDIO\STM32_workspace_9.2\Cygnini\Middlewares\ST\STM32_USB_Device_Library\Core\Inc -IC:\Users\emon1\Atollic\TrueSTUDIO\STM32_workspace_9.2\Cygnini\Middlewares\ST\STM32_USB_Device_Library\Class\DFU\Inc -O0 -ffunction-sections -fdata-sections -g -fstack-usage -Wall -specs=nano.specs -o Drivers\STM32L4xx_HAL_Driver\Src\stm32l4xx_hal_rtc_ex.o 
arm-atollic-eabi-gcc -c ..\Middlewares\Third_Party\FreeRTOS\Source\tasks.c -mthumb -mcpu=cortex-m4 -mfloat-abi=hard -mfpu=fpv4-sp-d16 -std=gnu11 -DSTM32L443xx -I../src -IC:\Users\emon1\Atollic\TrueSTUDIO\STM32_workspace_9.2\Cygnini\inc -I../Drivers/CMSIS/Include -I../Drivers/CMSIS/Device/ST/STM32L4xx/Include -I../Drivers/STM32L4xx_HAL_Driver/Inc -IC:\Users\emon1\Atollic\TrueSTUDIO\STM32_workspace_9.2\Cygnini\Middlewares\Third_Party\FreeRTOS\Source\CMSIS_RTOS -IC:\Users\emon1\Atollic\TrueSTUDIO\STM32_workspace_9.2\Cygnini\Middlewares\Third_Party\FreeRTOS\Source\portable\GCC\ARM_CM4F -IC:\Users\emon1\Atollic\TrueSTUDIO\STM32_workspace_9.2\Cygnini\Middlewares\Third_Party\FreeRTOS\Source\portable\MemMang -IC:\Users\emon1\Atollic\TrueSTUDIO\STM32_workspace_9.2\Cygnini\Middlewares\Third_Party\FreeRTOS\Source\include -IC:\Users\emon1\Atollic\TrueSTUDIO\STM32_workspace_9.2\Cygnini\Middlewares\Third_Party\FreeRTOS\Source -IC:\Users\emon1\Atollic\TrueSTUDIO\STM32_workspace_9.2\Cygnini\Middlewares\ST\STM32_USB_Device_Library\Core\Inc -IC:\Users\emon1\Atollic\TrueSTUDIO\STM32_workspace_9.2\Cygnini\Middlewares\ST\STM32_USB_Device_Library\Class\DFU\Inc -O0 -ffunction-sections -fdata-sections -g -fstack-usage -Wall -specs=nano.specs -o Middlewares\Third_Party\FreeRTOS\Source\tasks.o 
arm-atollic-eabi-gcc -c ..\Drivers\STM32L4xx_HAL_Driver\Src\stm32l4xx_hal_spi_ex.c -mthumb -mcpu=cortex-m4 -mfloat-abi=hard -mfpu=fpv4-sp-d16 -std=gnu11 -DSTM32L443xx -I../src -IC:\Users\emon1\Atollic\TrueSTUDIO\STM32_workspace_9.2\Cygnini\inc -I../Drivers/CMSIS/Include -I../Drivers/CMSIS/Device/ST/STM32L4xx/Include -I../Drivers/STM32L4xx_HAL_Driver/Inc -IC:\Users\emon1\Atollic\TrueSTUDIO\STM32_workspace_9.2\Cygnini\Middlewares\Third_Party\FreeRTOS\Source\CMSIS_RTOS -IC:\Users\emon1\Atollic\TrueSTUDIO\STM32_workspace_9.2\Cygnini\Middlewares\Third_Party\FreeRTOS\Source\portable\GCC\ARM_CM4F -IC:\Users\emon1\Atollic\TrueSTUDIO\STM32_workspace_9.2\Cygnini\Middlewares\Third_Party\FreeRTOS\Source\portable\MemMang -IC:\Users\emon1\Atollic\TrueSTUDIO\STM32_workspace_9.2\Cygnini\Middlewares\Third_Party\FreeRTOS\Source\include -IC:\Users\emon1\Atollic\TrueSTUDIO\STM32_workspace_9.2\Cygnini\Middlewares\Third_Party\FreeRTOS\Source -IC:\Users\emon1\Atollic\TrueSTUDIO\STM32_workspace_9.2\Cygnini\Middlewares\ST\STM32_USB_Device_Library\Core\Inc -IC:\Users\emon1\Atollic\TrueSTUDIO\STM32_workspace_9.2\Cygnini\Middlewares\ST\STM32_USB_Device_Library\Class\DFU\Inc -O0 -ffunction-sections -fdata-sections -g -fstack-usage -Wall -specs=nano.specs -o Drivers\STM32L4xx_HAL_Driver\Src\stm32l4xx_hal_spi_ex.o 
arm-atollic-eabi-gcc -c ..\src\tiny_printf.c -mthumb -mcpu=cortex-m4 -mfloat-abi=hard -mfpu=fpv4-sp-d16 -std=gnu11 -DSTM32L443xx -I../src -IC:\Users\emon1\Atollic\TrueSTUDIO\STM32_workspace_9.2\Cygnini\inc -I../Drivers/CMSIS/Include -I../Drivers/CMSIS/Device/ST/STM32L4xx/Include -I../Drivers/STM32L4xx_HAL_Driver/Inc -IC:\Users\emon1\Atollic\TrueSTUDIO\STM32_workspace_9.2\Cygnini\Middlewares\Third_Party\FreeRTOS\Source\CMSIS_RTOS -IC:\Users\emon1\Atollic\TrueSTUDIO\STM32_workspace_9.2\Cygnini\Middlewares\Third_Party\FreeRTOS\Source\portable\GCC\ARM_CM4F -IC:\Users\emon1\Atollic\TrueSTUDIO\STM32_workspace_9.2\Cygnini\Middlewares\Third_Party\FreeRTOS\Source\portable\MemMang -IC:\Users\emon1\Atollic\TrueSTUDIO\STM32_workspace_9.2\Cygnini\Middlewares\Third_Party\FreeRTOS\Source\include -IC:\Users\emon1\Atollic\TrueSTUDIO\STM32_workspace_9.2\Cygnini\Middlewares\Third_Party\FreeRTOS\Source -IC:\Users\emon1\Atollic\TrueSTUDIO\STM32_workspace_9.2\Cygnini\Middlewares\ST\STM32_USB_Device_Library\Core\Inc -IC:\Users\emon1\Atollic\TrueSTUDIO\STM32_workspace_9.2\Cygnini\Middlewares\ST\STM32_USB_Device_Library\Class\DFU\Inc -O0 -ffunction-sections -fdata-sections -g -fstack-usage -Wall -specs=nano.specs -o src\tiny_printf.o 
arm-atollic-eabi-gcc -c ..\src\usbd_desc.c -mthumb -mcpu=cortex-m4 -mfloat-abi=hard -mfpu=fpv4-sp-d16 -std=gnu11 -DSTM32L443xx -I../src -IC:\Users\emon1\Atollic\TrueSTUDIO\STM32_workspace_9.2\Cygnini\inc -I../Drivers/CMSIS/Include -I../Drivers/CMSIS/Device/ST/STM32L4xx/Include -I../Drivers/STM32L4xx_HAL_Driver/Inc -IC:\Users\emon1\Atollic\TrueSTUDIO\STM32_workspace_9.2\Cygnini\Middlewares\Third_Party\FreeRTOS\Source\CMSIS_RTOS -IC:\Users\emon1\Atollic\TrueSTUDIO\STM32_workspace_9.2\Cygnini\Middlewares\Third_Party\FreeRTOS\Source\portable\GCC\ARM_CM4F -IC:\Users\emon1\Atollic\TrueSTUDIO\STM32_workspace_9.2\Cygnini\Middlewares\Third_Party\FreeRTOS\Source\portable\MemMang -IC:\Users\emon1\Atollic\TrueSTUDIO\STM32_workspace_9.2\Cygnini\Middlewares\Third_Party\FreeRTOS\Source\include -IC:\Users\emon1\Atollic\TrueSTUDIO\STM32_workspace_9.2\Cygnini\Middlewares\Third_Party\FreeRTOS\Source -IC:\Users\emon1\Atollic\TrueSTUDIO\STM32_workspace_9.2\Cygnini\Middlewares\ST\STM32_USB_Device_Library\Core\Inc -IC:\Users\emon1\Atollic\TrueSTUDIO\STM32_workspace_9.2\Cygnini\Middlewares\ST\STM32_USB_Device_Library\Class\DFU\Inc -O0 -ffunction-sections -fdata-sections -g -fstack-usage -Wall -specs=nano.specs -o src\usbd_desc.o 
..\src\usbd_desc.c: In function 'USBD_FS_ProductStrDescriptor':
..\src\usbd_desc.c:73:36: warning: pointer targets in passing argument 1 of 'USBD_GetString' differ in signedness [-Wpointer-sign]
 #define USBD_PRODUCT_STRING_FS     "STM32 DownLoad Firmware Update"
                                    ^
..\src\usbd_desc.c:251:21: note: in expansion of macro 'USBD_PRODUCT_STRING_FS'
     USBD_GetString (USBD_PRODUCT_STRING_FS, USBD_StrDesc, length);
                     ^~~~~~~~~~~~~~~~~~~~~~
In file included from C:\Users\emon1\Atollic\TrueSTUDIO\STM32_workspace_9.2\Cygnini\Middlewares\ST\STM32_USB_Device_Library\Core\Inc/usbd_core.h:40:0,
                 from ..\src\usbd_desc.c:46:
C:\Users\emon1\Atollic\TrueSTUDIO\STM32_workspace_9.2\Cygnini\Middlewares\ST\STM32_USB_Device_Library\Core\Inc/usbd_ctlreq.h:93:6: note: expected 'uint8_t * {aka unsigned char *}' but argument is of type 'char *'
 void USBD_GetString         (uint8_t *desc, uint8_t *unicode, uint16_t *len);
      ^~~~~~~~~~~~~~
..\src\usbd_desc.c:73:36: warning: pointer targets in passing argument 1 of 'USBD_GetString' differ in signedness [-Wpointer-sign]
 #define USBD_PRODUCT_STRING_FS     "STM32 DownLoad Firmware Update"
                                    ^
..\src\usbd_desc.c:255:21: note: in expansion of macro 'USBD_PRODUCT_STRING_FS'
     USBD_GetString (USBD_PRODUCT_STRING_FS, USBD_StrDesc, length);
                     ^~~~~~~~~~~~~~~~~~~~~~
In file included from C:\Users\emon1\Atollic\TrueSTUDIO\STM32_workspace_9.2\Cygnini\Middlewares\ST\STM32_USB_Device_Library\Core\Inc/usbd_core.h:40:0,
                 from ..\src\usbd_desc.c:46:
C:\Users\emon1\Atollic\TrueSTUDIO\STM32_workspace_9.2\Cygnini\Middlewares\ST\STM32_USB_Device_Library\Core\Inc/usbd_ctlreq.h:93:6: note: expected 'uint8_t * {aka unsigned char *}' but argument is of type 'char *'
 void USBD_GetString         (uint8_t *desc, uint8_t *unicode, uint16_t *len);
      ^~~~~~~~~~~~~~
..\src\usbd_desc.c: In function 'USBD_FS_ManufacturerStrDescriptor':
..\src\usbd_desc.c:71:38: warning: pointer targets in passing argument 1 of 'USBD_GetString' differ in signedness [-Wpointer-sign]
 #define USBD_MANUFACTURER_STRING     "STMicroelectronics"
                                      ^
..\src\usbd_desc.c:269:19: note: in expansion of macro 'USBD_MANUFACTURER_STRING'
   USBD_GetString (USBD_MANUFACTURER_STRING, USBD_StrDesc, length);
                   ^~~~~~~~~~~~~~~~~~~~~~~~
In file included from C:\Users\emon1\Atollic\TrueSTUDIO\STM32_workspace_9.2\Cygnini\Middlewares\ST\STM32_USB_Device_Library\Core\Inc/usbd_core.h:40:0,
                 from ..\src\usbd_desc.c:46:
C:\Users\emon1\Atollic\TrueSTUDIO\STM32_workspace_9.2\Cygnini\Middlewares\ST\STM32_USB_Device_Library\Core\Inc/usbd_ctlreq.h:93:6: note: expected 'uint8_t * {aka unsigned char *}' but argument is of type 'char *'
 void USBD_GetString         (uint8_t *desc, uint8_t *unicode, uint16_t *len);
      ^~~~~~~~~~~~~~
..\src\usbd_desc.c: In function 'USBD_FS_SerialStrDescriptor':
..\src\usbd_desc.c:74:41: warning: pointer targets in passing argument 1 of 'USBD_GetString' differ in signedness [-Wpointer-sign]
 #define USBD_SERIALNUMBER_STRING_FS     "00000000001A"
                                         ^
..\src\usbd_desc.c:284:21: note: in expansion of macro 'USBD_SERIALNUMBER_STRING_FS'
     USBD_GetString (USBD_SERIALNUMBER_STRING_FS, USBD_StrDesc, length);
                     ^~~~~~~~~~~~~~~~~~~~~~~~~~~
In file included from C:\Users\emon1\Atollic\TrueSTUDIO\STM32_workspace_9.2\Cygnini\Middlewares\ST\STM32_USB_Device_Library\Core\Inc/usbd_core.h:40:0,
                 from ..\src\usbd_desc.c:46:
C:\Users\emon1\Atollic\TrueSTUDIO\STM32_workspace_9.2\Cygnini\Middlewares\ST\STM32_USB_Device_Library\Core\Inc/usbd_ctlreq.h:93:6: note: expected 'uint8_t * {aka unsigned char *}' but argument is of type 'char *'
 void USBD_GetString         (uint8_t *desc, uint8_t *unicode, uint16_t *len);
      ^~~~~~~~~~~~~~
..\src\usbd_desc.c:74:41: warning: pointer targets in passing argument 1 of 'USBD_GetString' differ in signedness [-Wpointer-sign]
 #define USBD_SERIALNUMBER_STRING_FS     "00000000001A"
                                         ^
..\src\usbd_desc.c:288:21: note: in expansion of macro 'USBD_SERIALNUMBER_STRING_FS'
     USBD_GetString (USBD_SERIALNUMBER_STRING_FS, USBD_StrDesc, length);
                     ^~~~~~~~~~~~~~~~~~~~~~~~~~~
In file included from C:\Users\emon1\Atollic\TrueSTUDIO\STM32_workspace_9.2\Cygnini\Middlewares\ST\STM32_USB_Device_Library\Core\Inc/usbd_core.h:40:0,
                 from ..\src\usbd_desc.c:46:
C:\Users\emon1\Atollic\TrueSTUDIO\STM32_workspace_9.2\Cygnini\Middlewares\ST\STM32_USB_Device_Library\Core\Inc/usbd_ctlreq.h:93:6: note: expected 'uint8_t * {aka unsigned char *}' but argument is of type 'char *'
 void USBD_GetString         (uint8_t *desc, uint8_t *unicode, uint16_t *len);
      ^~~~~~~~~~~~~~
..\src\usbd_desc.c: In function 'USBD_FS_ConfigStrDescriptor':
..\src\usbd_desc.c:75:42: warning: pointer targets in passing argument 1 of 'USBD_GetString' differ in signedness [-Wpointer-sign]
 #define USBD_CONFIGURATION_STRING_FS     "DFU Config"
                                          ^
..\src\usbd_desc.c:304:21: note: in expansion of macro 'USBD_CONFIGURATION_STRING_FS'
     USBD_GetString (USBD_CONFIGURATION_STRING_FS, USBD_StrDesc, length);
                     ^~~~~~~~~~~~~~~~~~~~~~~~~~~~
In file included from C:\Users\emon1\Atollic\TrueSTUDIO\STM32_workspace_9.2\Cygnini\Middlewares\ST\STM32_USB_Device_Library\Core\Inc/usbd_core.h:40:0,
                 from ..\src\usbd_desc.c:46:
C:\Users\emon1\Atollic\TrueSTUDIO\STM32_workspace_9.2\Cygnini\Middlewares\ST\STM32_USB_Device_Library\Core\Inc/usbd_ctlreq.h:93:6: note: expected 'uint8_t * {aka unsigned char *}' but argument is of type 'char *'
 void USBD_GetString         (uint8_t *desc, uint8_t *unicode, uint16_t *len);
      ^~~~~~~~~~~~~~
..\src\usbd_desc.c:75:42: warning: pointer targets in passing argument 1 of 'USBD_GetString' differ in signedness [-Wpointer-sign]
 #define USBD_CONFIGURATION_STRING_FS     "DFU Config"
                                          ^
..\src\usbd_desc.c:308:21: note: in expansion of macro 'USBD_CONFIGURATION_STRING_FS'
     USBD_GetString (USBD_CONFIGURATION_STRING_FS, USBD_StrDesc, length);
                     ^~~~~~~~~~~~~~~~~~~~~~~~~~~~
In file included from C:\Users\emon1\Atollic\TrueSTUDIO\STM32_workspace_9.2\Cygnini\Middlewares\ST\STM32_USB_Device_Library\Core\Inc/usbd_core.h:40:0,
                 from ..\src\usbd_desc.c:46:
C:\Users\emon1\Atollic\TrueSTUDIO\STM32_workspace_9.2\Cygnini\Middlewares\ST\STM32_USB_Device_Library\Core\Inc/usbd_ctlreq.h:93:6: note: expected 'uint8_t * {aka unsigned char *}' but argument is of type 'char *'
 void USBD_GetString         (uint8_t *desc, uint8_t *unicode, uint16_t *len);
      ^~~~~~~~~~~~~~
..\src\usbd_desc.c: In function 'USBD_FS_InterfaceStrDescriptor':
..\src\usbd_desc.c:76:38: warning: pointer targets in passing argument 1 of 'USBD_GetString' differ in signedness [-Wpointer-sign]
 #define USBD_INTERFACE_STRING_FS     "DFU Interface"
                                      ^
..\src\usbd_desc.c:324:21: note: in expansion of macro 'USBD_INTERFACE_STRING_FS'
     USBD_GetString (USBD_INTERFACE_STRING_FS, USBD_StrDesc, length);
                     ^~~~~~~~~~~~~~~~~~~~~~~~
In file included from C:\Users\emon1\Atollic\TrueSTUDIO\STM32_workspace_9.2\Cygnini\Middlewares\ST\STM32_USB_Device_Library\Core\Inc/usbd_core.h:40:0,
                 from ..\src\usbd_desc.c:46:
C:\Users\emon1\Atollic\TrueSTUDIO\STM32_workspace_9.2\Cygnini\Middlewares\ST\STM32_USB_Device_Library\Core\Inc/usbd_ctlreq.h:93:6: note: expected 'uint8_t * {aka unsigned char *}' but argument is of type 'char *'
 void USBD_GetString         (uint8_t *desc, uint8_t *unicode, uint16_t *len);
      ^~~~~~~~~~~~~~
..\src\usbd_desc.c:76:38: warning: pointer targets in passing argument 1 of 'USBD_GetString' differ in signedness [-Wpointer-sign]
 #define USBD_INTERFACE_STRING_FS     "DFU Interface"
                                      ^
..\src\usbd_desc.c:328:21: note: in expansion of macro 'USBD_INTERFACE_STRING_FS'
     USBD_GetString (USBD_INTERFACE_STRING_FS, USBD_StrDesc, length);
                     ^~~~~~~~~~~~~~~~~~~~~~~~
In file included from C:\Users\emon1\Atollic\TrueSTUDIO\STM32_workspace_9.2\Cygnini\Middlewares\ST\STM32_USB_Device_Library\Core\Inc/usbd_core.h:40:0,
                 from ..\src\usbd_desc.c:46:
C:\Users\emon1\Atollic\TrueSTUDIO\STM32_workspace_9.2\Cygnini\Middlewares\ST\STM32_USB_Device_Library\Core\Inc/usbd_ctlreq.h:93:6: note: expected 'uint8_t * {aka unsigned char *}' but argument is of type 'char *'
 void USBD_GetString         (uint8_t *desc, uint8_t *unicode, uint16_t *len);
      ^~~~~~~~~~~~~~
arm-atollic-eabi-gcc -c ..\Drivers\STM32L4xx_HAL_Driver\Src\stm32l4xx_hal_pwr.c -mthumb -mcpu=cortex-m4 -mfloat-abi=hard -mfpu=fpv4-sp-d16 -std=gnu11 -DSTM32L443xx -I../src -IC:\Users\emon1\Atollic\TrueSTUDIO\STM32_workspace_9.2\Cygnini\inc -I../Drivers/CMSIS/Include -I../Drivers/CMSIS/Device/ST/STM32L4xx/Include -I../Drivers/STM32L4xx_HAL_Driver/Inc -IC:\Users\emon1\Atollic\TrueSTUDIO\STM32_workspace_9.2\Cygnini\Middlewares\Third_Party\FreeRTOS\Source\CMSIS_RTOS -IC:\Users\emon1\Atollic\TrueSTUDIO\STM32_workspace_9.2\Cygnini\Middlewares\Third_Party\FreeRTOS\Source\portable\GCC\ARM_CM4F -IC:\Users\emon1\Atollic\TrueSTUDIO\STM32_workspace_9.2\Cygnini\Middlewares\Third_Party\FreeRTOS\Source\portable\MemMang -IC:\Users\emon1\Atollic\TrueSTUDIO\STM32_workspace_9.2\Cygnini\Middlewares\Third_Party\FreeRTOS\Source\include -IC:\Users\emon1\Atollic\TrueSTUDIO\STM32_workspace_9.2\Cygnini\Middlewares\Third_Party\FreeRTOS\Source -IC:\Users\emon1\Atollic\TrueSTUDIO\STM32_workspace_9.2\Cygnini\Middlewares\ST\STM32_USB_Device_Library\Core\Inc -IC:\Users\emon1\Atollic\TrueSTUDIO\STM32_workspace_9.2\Cygnini\Middlewares\ST\STM32_USB_Device_Library\Class\DFU\Inc -O0 -ffunction-sections -fdata-sections -g -fstack-usage -Wall -specs=nano.specs -o Drivers\STM32L4xx_HAL_Driver\Src\stm32l4xx_hal_pwr.o 
arm-atollic-eabi-gcc -c ..\Drivers\STM32L4xx_HAL_Driver\Src\stm32l4xx_hal_rcc.c -mthumb -mcpu=cortex-m4 -mfloat-abi=hard -mfpu=fpv4-sp-d16 -std=gnu11 -DSTM32L443xx -I../src -IC:\Users\emon1\Atollic\TrueSTUDIO\STM32_workspace_9.2\Cygnini\inc -I../Drivers/CMSIS/Include -I../Drivers/CMSIS/Device/ST/STM32L4xx/Include -I../Drivers/STM32L4xx_HAL_Driver/Inc -IC:\Users\emon1\Atollic\TrueSTUDIO\STM32_workspace_9.2\Cygnini\Middlewares\Third_Party\FreeRTOS\Source\CMSIS_RTOS -IC:\Users\emon1\Atollic\TrueSTUDIO\STM32_workspace_9.2\Cygnini\Middlewares\Third_Party\FreeRTOS\Source\portable\GCC\ARM_CM4F -IC:\Users\emon1\Atollic\TrueSTUDIO\STM32_workspace_9.2\Cygnini\Middlewares\Third_Party\FreeRTOS\Source\portable\MemMang -IC:\Users\emon1\Atollic\TrueSTUDIO\STM32_workspace_9.2\Cygnini\Middlewares\Third_Party\FreeRTOS\Source\include -IC:\Users\emon1\Atollic\TrueSTUDIO\STM32_workspace_9.2\Cygnini\Middlewares\Third_Party\FreeRTOS\Source -IC:\Users\emon1\Atollic\TrueSTUDIO\STM32_workspace_9.2\Cygnini\Middlewares\ST\STM32_USB_Device_Library\Core\Inc -IC:\Users\emon1\Atollic\TrueSTUDIO\STM32_workspace_9.2\Cygnini\Middlewares\ST\STM32_USB_Device_Library\Class\DFU\Inc -O0 -ffunction-sections -fdata-sections -g -fstack-usage -Wall -specs=nano.specs -o Drivers\STM32L4xx_HAL_Driver\Src\stm32l4xx_hal_rcc.o 
arm-atollic-eabi-gcc -c ..\Drivers\STM32L4xx_HAL_Driver\Src\stm32l4xx_hal_smbus.c -mthumb -mcpu=cortex-m4 -mfloat-abi=hard -mfpu=fpv4-sp-d16 -std=gnu11 -DSTM32L443xx -I../src -IC:\Users\emon1\Atollic\TrueSTUDIO\STM32_workspace_9.2\Cygnini\inc -I../Drivers/CMSIS/Include -I../Drivers/CMSIS/Device/ST/STM32L4xx/Include -I../Drivers/STM32L4xx_HAL_Driver/Inc -IC:\Users\emon1\Atollic\TrueSTUDIO\STM32_workspace_9.2\Cygnini\Middlewares\Third_Party\FreeRTOS\Source\CMSIS_RTOS -IC:\Users\emon1\Atollic\TrueSTUDIO\STM32_workspace_9.2\Cygnini\Middlewares\Third_Party\FreeRTOS\Source\portable\GCC\ARM_CM4F -IC:\Users\emon1\Atollic\TrueSTUDIO\STM32_workspace_9.2\Cygnini\Middlewares\Third_Party\FreeRTOS\Source\portable\MemMang -IC:\Users\emon1\Atollic\TrueSTUDIO\STM32_workspace_9.2\Cygnini\Middlewares\Third_Party\FreeRTOS\Source\include -IC:\Users\emon1\Atollic\TrueSTUDIO\STM32_workspace_9.2\Cygnini\Middlewares\Third_Party\FreeRTOS\Source -IC:\Users\emon1\Atollic\TrueSTUDIO\STM32_workspace_9.2\Cygnini\Middlewares\ST\STM32_USB_Device_Library\Core\Inc -IC:\Users\emon1\Atollic\TrueSTUDIO\STM32_workspace_9.2\Cygnini\Middlewares\ST\STM32_USB_Device_Library\Class\DFU\Inc -O0 -ffunction-sections -fdata-sections -g -fstack-usage -Wall -specs=nano.specs -o Drivers\STM32L4xx_HAL_Driver\Src\stm32l4xx_hal_smbus.o 
arm-atollic-eabi-gcc -c ..\Drivers\STM32L4xx_HAL_Driver\Src\stm32l4xx_hal_spi.c -mthumb -mcpu=cortex-m4 -mfloat-abi=hard -mfpu=fpv4-sp-d16 -std=gnu11 -DSTM32L443xx -I../src -IC:\Users\emon1\Atollic\TrueSTUDIO\STM32_workspace_9.2\Cygnini\inc -I../Drivers/CMSIS/Include -I../Drivers/CMSIS/Device/ST/STM32L4xx/Include -I../Drivers/STM32L4xx_HAL_Driver/Inc -IC:\Users\emon1\Atollic\TrueSTUDIO\STM32_workspace_9.2\Cygnini\Middlewares\Third_Party\FreeRTOS\Source\CMSIS_RTOS -IC:\Users\emon1\Atollic\TrueSTUDIO\STM32_workspace_9.2\Cygnini\Middlewares\Third_Party\FreeRTOS\Source\portable\GCC\ARM_CM4F -IC:\Users\emon1\Atollic\TrueSTUDIO\STM32_workspace_9.2\Cygnini\Middlewares\Third_Party\FreeRTOS\Source\portable\MemMang -IC:\Users\emon1\Atollic\TrueSTUDIO\STM32_workspace_9.2\Cygnini\Middlewares\Third_Party\FreeRTOS\Source\include -IC:\Users\emon1\Atollic\TrueSTUDIO\STM32_workspace_9.2\Cygnini\Middlewares\Third_Party\FreeRTOS\Source -IC:\Users\emon1\Atollic\TrueSTUDIO\STM32_workspace_9.2\Cygnini\Middlewares\ST\STM32_USB_Device_Library\Core\Inc -IC:\Users\emon1\Atollic\TrueSTUDIO\STM32_workspace_9.2\Cygnini\Middlewares\ST\STM32_USB_Device_Library\Class\DFU\Inc -O0 -ffunction-sections -fdata-sections -g -fstack-usage -Wall -specs=nano.specs -o Drivers\STM32L4xx_HAL_Driver\Src\stm32l4xx_hal_spi.o 
arm-atollic-eabi-gcc -c ..\Drivers\STM32L4xx_HAL_Driver\Src\stm32l4xx_hal_gpio.c -mthumb -mcpu=cortex-m4 -mfloat-abi=hard -mfpu=fpv4-sp-d16 -std=gnu11 -DSTM32L443xx -I../src -IC:\Users\emon1\Atollic\TrueSTUDIO\STM32_workspace_9.2\Cygnini\inc -I../Drivers/CMSIS/Include -I../Drivers/CMSIS/Device/ST/STM32L4xx/Include -I../Drivers/STM32L4xx_HAL_Driver/Inc -IC:\Users\emon1\Atollic\TrueSTUDIO\STM32_workspace_9.2\Cygnini\Middlewares\Third_Party\FreeRTOS\Source\CMSIS_RTOS -IC:\Users\emon1\Atollic\TrueSTUDIO\STM32_workspace_9.2\Cygnini\Middlewares\Third_Party\FreeRTOS\Source\portable\GCC\ARM_CM4F -IC:\Users\emon1\Atollic\TrueSTUDIO\STM32_workspace_9.2\Cygnini\Middlewares\Third_Party\FreeRTOS\Source\portable\MemMang -IC:\Users\emon1\Atollic\TrueSTUDIO\STM32_workspace_9.2\Cygnini\Middlewares\Third_Party\FreeRTOS\Source\include -IC:\Users\emon1\Atollic\TrueSTUDIO\STM32_workspace_9.2\Cygnini\Middlewares\Third_Party\FreeRTOS\Source -IC:\Users\emon1\Atollic\TrueSTUDIO\STM32_workspace_9.2\Cygnini\Middlewares\ST\STM32_USB_Device_Library\Core\Inc -IC:\Users\emon1\Atollic\TrueSTUDIO\STM32_workspace_9.2\Cygnini\Middlewares\ST\STM32_USB_Device_Library\Class\DFU\Inc -O0 -ffunction-sections -fdata-sections -g -fstack-usage -Wall -specs=nano.specs -o Drivers\STM32L4xx_HAL_Driver\Src\stm32l4xx_hal_gpio.o 
arm-atollic-eabi-gcc -c -mthumb -mcpu=cortex-m4 -mfloat-abi=hard -mfpu=fpv4-sp-d16 -DSTM32L443xx -I../src -I../Drivers/CMSIS/Include -I../Drivers/CMSIS/Device/ST/STM32L4xx/Include -I../Drivers/STM32L4xx_HAL_Driver/Inc -g -Wa,--warn -x assembler-with-cpp -specs=nano.specs -o src\startup_stm32l443xx.o ..\src\startup_stm32l443xx.s 
arm-atollic-eabi-gcc -o Cygnini.elf Drivers\STM32L4xx_HAL_Driver\Src\stm32l4xx_hal.o Drivers\STM32L4xx_HAL_Driver\Src\stm32l4xx_hal_cortex.o Drivers\STM32L4xx_HAL_Driver\Src\stm32l4xx_hal_dma.o Drivers\STM32L4xx_HAL_Driver\Src\stm32l4xx_hal_flash.o Drivers\STM32L4xx_HAL_Driver\Src\stm32l4xx_hal_flash_ex.o Drivers\STM32L4xx_HAL_Driver\Src\stm32l4xx_hal_flash_ramfunc.o Drivers\STM32L4xx_HAL_Driver\Src\stm32l4xx_hal_gpio.o Drivers\STM32L4xx_HAL_Driver\Src\stm32l4xx_hal_i2c.o Drivers\STM32L4xx_HAL_Driver\Src\stm32l4xx_hal_i2c_ex.o Drivers\STM32L4xx_HAL_Driver\Src\stm32l4xx_hal_pcd.o Drivers\STM32L4xx_HAL_Driver\Src\stm32l4xx_hal_pcd_ex.o Drivers\STM32L4xx_HAL_Driver\Src\stm32l4xx_hal_pwr.o Drivers\STM32L4xx_HAL_Driver\Src\stm32l4xx_hal_pwr_ex.o Drivers\STM32L4xx_HAL_Driver\Src\stm32l4xx_hal_rcc.o Drivers\STM32L4xx_HAL_Driver\Src\stm32l4xx_hal_rcc_ex.o Drivers\STM32L4xx_HAL_Driver\Src\stm32l4xx_hal_rtc.o Drivers\STM32L4xx_HAL_Driver\Src\stm32l4xx_hal_rtc_ex.o Drivers\STM32L4xx_HAL_Driver\Src\stm32l4xx_hal_sai.o Drivers\STM32L4xx_HAL_Driver\Src\stm32l4xx_hal_smbus.o Drivers\STM32L4xx_HAL_Driver\Src\stm32l4xx_hal_spi.o Drivers\STM32L4xx_HAL_Driver\Src\stm32l4xx_hal_spi_ex.o Drivers\STM32L4xx_HAL_Driver\Src\stm32l4xx_hal_tim.o Drivers\STM32L4xx_HAL_Driver\Src\stm32l4xx_hal_tim_ex.o Drivers\STM32L4xx_HAL_Driver\Src\stm32l4xx_hal_uart.o Drivers\STM32L4xx_HAL_Driver\Src\stm32l4xx_hal_uart_ex.o Drivers\STM32L4xx_HAL_Driver\Src\stm32l4xx_ll_usb.o Middlewares\ST\STM32_USB_Device_Library\Class\DFU\Src\usbd_dfu.o Middlewares\ST\STM32_USB_Device_Library\Core\Src\usbd_core.o Middlewares\ST\STM32_USB_Device_Library\Core\Src\usbd_ctlreq.o Middlewares\ST\STM32_USB_Device_Library\Core\Src\usbd_ioreq.o Middlewares\Third_Party\FreeRTOS\Source\CMSIS_RTOS\cmsis_os.o Middlewares\Third_Party\FreeRTOS\Source\croutine.o Middlewares\Third_Party\FreeRTOS\Source\event_groups.o Middlewares\Third_Party\FreeRTOS\Source\list.o Middlewares\Third_Party\FreeRTOS\Source\portable\GCC\ARM_CM4F\port.o Middlewares\Third_Party\FreeRTOS\Source\portable\MemMang\heap_4.o Middlewares\Third_Party\FreeRTOS\Source\queue.o Middlewares\Third_Party\FreeRTOS\Source\tasks.o Middlewares\Third_Party\FreeRTOS\Source\timers.o src\main.o src\startup_stm32l443xx.o src\stm32l4xx_it.o src\syscalls.o src\system_stm32l4xx.o src\tiny_printf.o src\usb_device.o src\usbd_conf.o src\usbd_desc.o src\usbd_dfu_if.o -mthumb -mcpu=cortex-m4 -mfloat-abi=hard -mfpu=fpv4-sp-d16 -T../stm32l4_flash.ld -specs=nosys.specs -static -Wl,-cref,-u,Reset_Handler -Wl,-Map=Cygnini.map -Wl,--gc-sections -Wl,--defsym=malloc_getpagesize_P=0x80 -Wl,--start-group -lc -lm -Wl,--end-group -specs=nano.specs 
C:\Program Files (x86)\Atollic\TrueSTUDIO for STM32 9.2.0\ide\jre\bin\java -jar C:\Program Files (x86)\Atollic\TrueSTUDIO for STM32 9.2.0\Tools\arm-atollic-reports.jar sizeinfo list Cygnini.elf 
Generate build reports...
Print size information
   text	   data	    bss	    dec	    hex	filename
   3600	     24	   1752	   5376	   1500	Cygnini.elf
Print size information done
Generate listing file
Output sent to: Cygnini.list
Generate listing file done
Generate build reports done

02:13:03 Build Finished (took 13s.106ms)

