03:22:54 **** Incremental Build of configuration Debug for project Cygnini ****
Info: Internal Builder is used for build
arm-atollic-eabi-gcc -c ..\src\main.c -mthumb -mcpu=cortex-m4 -mfloat-abi=hard -mfpu=fpv4-sp-d16 -std=gnu11 -DSTM32L443xx -I../src -IC:\Users\emon1\Atollic\TrueSTUDIO\STM32_workspace_9.2\Cygnini\inc -I../Drivers/CMSIS/Include -I../Drivers/CMSIS/Device/ST/STM32L4xx/Include -I../Drivers/STM32L4xx_HAL_Driver/Inc -IC:\Users\emon1\Atollic\TrueSTUDIO\STM32_workspace_9.2\Cygnini\Middlewares\Third_Party\FreeRTOS\Source\CMSIS_RTOS -IC:\Users\emon1\Atollic\TrueSTUDIO\STM32_workspace_9.2\Cygnini\Middlewares\Third_Party\FreeRTOS\Source\portable\GCC\ARM_CM4F -IC:\Users\emon1\Atollic\TrueSTUDIO\STM32_workspace_9.2\Cygnini\Middlewares\Third_Party\FreeRTOS\Source\portable\MemMang -IC:\Users\emon1\Atollic\TrueSTUDIO\STM32_workspace_9.2\Cygnini\Middlewares\Third_Party\FreeRTOS\Source\include -IC:\Users\emon1\Atollic\TrueSTUDIO\STM32_workspace_9.2\Cygnini\Middlewares\Third_Party\FreeRTOS\Source -IC:\Users\emon1\Atollic\TrueSTUDIO\STM32_workspace_9.2\Cygnini\Middlewares\ST\STM32_USB_Device_Library\Core\Inc -IC:\Users\emon1\Atollic\TrueSTUDIO\STM32_workspace_9.2\Cygnini\Middlewares\ST\STM32_USB_Device_Library\Class\DFU\Inc -O0 -ffunction-sections -fdata-sections -g -fstack-usage -Wall -specs=nano.specs -o src\main.o 
arm-atollic-eabi-gcc -o Cygnini.elf Drivers\STM32L4xx_HAL_Driver\Src\stm32l4xx_hal.o Drivers\STM32L4xx_HAL_Driver\Src\stm32l4xx_hal_cortex.o Drivers\STM32L4xx_HAL_Driver\Src\stm32l4xx_hal_dma.o Drivers\STM32L4xx_HAL_Driver\Src\stm32l4xx_hal_flash.o Drivers\STM32L4xx_HAL_Driver\Src\stm32l4xx_hal_flash_ex.o Drivers\STM32L4xx_HAL_Driver\Src\stm32l4xx_hal_flash_ramfunc.o Drivers\STM32L4xx_HAL_Driver\Src\stm32l4xx_hal_gpio.o Drivers\STM32L4xx_HAL_Driver\Src\stm32l4xx_hal_i2c.o Drivers\STM32L4xx_HAL_Driver\Src\stm32l4xx_hal_i2c_ex.o Drivers\STM32L4xx_HAL_Driver\Src\stm32l4xx_hal_pcd.o Drivers\STM32L4xx_HAL_Driver\Src\stm32l4xx_hal_pcd_ex.o Drivers\STM32L4xx_HAL_Driver\Src\stm32l4xx_hal_pwr.o Drivers\STM32L4xx_HAL_Driver\Src\stm32l4xx_hal_pwr_ex.o Drivers\STM32L4xx_HAL_Driver\Src\stm32l4xx_hal_rcc.o Drivers\STM32L4xx_HAL_Driver\Src\stm32l4xx_hal_rcc_ex.o Drivers\STM32L4xx_HAL_Driver\Src\stm32l4xx_hal_rtc.o Drivers\STM32L4xx_HAL_Driver\Src\stm32l4xx_hal_rtc_ex.o Drivers\STM32L4xx_HAL_Driver\Src\stm32l4xx_hal_sai.o Drivers\STM32L4xx_HAL_Driver\Src\stm32l4xx_hal_smbus.o Drivers\STM32L4xx_HAL_Driver\Src\stm32l4xx_hal_spi.o Drivers\STM32L4xx_HAL_Driver\Src\stm32l4xx_hal_spi_ex.o Drivers\STM32L4xx_HAL_Driver\Src\stm32l4xx_hal_tim.o Drivers\STM32L4xx_HAL_Driver\Src\stm32l4xx_hal_tim_ex.o Drivers\STM32L4xx_HAL_Driver\Src\stm32l4xx_hal_uart.o Drivers\STM32L4xx_HAL_Driver\Src\stm32l4xx_hal_uart_ex.o Drivers\STM32L4xx_HAL_Driver\Src\stm32l4xx_ll_usb.o Middlewares\ST\STM32_USB_Device_Library\Class\DFU\Src\usbd_dfu.o Middlewares\ST\STM32_USB_Device_Library\Core\Src\usbd_core.o Middlewares\ST\STM32_USB_Device_Library\Core\Src\usbd_ctlreq.o Middlewares\ST\STM32_USB_Device_Library\Core\Src\usbd_ioreq.o Middlewares\Third_Party\FreeRTOS\Source\CMSIS_RTOS\cmsis_os.o Middlewares\Third_Party\FreeRTOS\Source\croutine.o Middlewares\Third_Party\FreeRTOS\Source\event_groups.o Middlewares\Third_Party\FreeRTOS\Source\list.o Middlewares\Third_Party\FreeRTOS\Source\portable\GCC\ARM_CM4F\port.o Middlewares\Third_Party\FreeRTOS\Source\portable\MemMang\heap_4.o Middlewares\Third_Party\FreeRTOS\Source\queue.o Middlewares\Third_Party\FreeRTOS\Source\tasks.o Middlewares\Third_Party\FreeRTOS\Source\timers.o src\main.o src\startup_stm32l443xx.o src\stm32l4xx_it.o src\syscalls.o src\system_stm32l4xx.o src\tiny_printf.o src\usb_device.o src\usbd_conf.o src\usbd_desc.o src\usbd_dfu_if.o -mthumb -mcpu=cortex-m4 -mfloat-abi=hard -mfpu=fpv4-sp-d16 -T../stm32l4_flash.ld -specs=nosys.specs -static -Wl,-cref,-u,Reset_Handler -Wl,-Map=Cygnini.map -Wl,--gc-sections -Wl,--defsym=malloc_getpagesize_P=0x80 -Wl,--start-group -lc -lm -Wl,--end-group -specs=nano.specs 
C:\Program Files (x86)\Atollic\TrueSTUDIO for STM32 9.2.0\ide\jre\bin\java -jar C:\Program Files (x86)\Atollic\TrueSTUDIO for STM32 9.2.0\Tools\arm-atollic-reports.jar convert-hex sizeinfo list Cygnini.elf 
Generate build reports...
Converting build output to hex
Output sent to: Cygnini.hex
Converting build output to hex done
Print size information
   text	   data	    bss	    dec	    hex	filename
  10440	     24	   1752	  12216	   2fb8	Cygnini.elf
Print size information done
Generate listing file
Output sent to: Cygnini.list
Generate listing file done
Generate build reports done
