01:24:17 **** Rebuild of configuration Debug for project microcontroller_board ****
Info: Internal Builder is used for build
arm-atollic-eabi-gcc -c ..\Middlewares\Third_Party\FreeRTOS\Source\portable\GCC\ARM_CM4F\port.c -mthumb -mcpu=cortex-m4 -mfloat-abi=hard -mfpu=fpv4-sp-d16 -std=gnu11 -D__weak=__attribute__((weak)) -D__packed=__attribute__((__packed__)) -DUSE_HAL_DRIVER -DSTM32L443xx -I../Inc -I../Inc -I../Drivers/STM32L4xx_HAL_Driver/Inc -I../Drivers/STM32L4xx_HAL_Driver/Inc/Legacy -I../Middlewares/Third_Party/FreeRTOS/Source/portable/GCC/ARM_CM4F -I../Middlewares/ST/STM32_USB_Device_Library/Core/Inc -I../Middlewares/ST/STM32_USB_Device_Library/Class/DFU/Inc -I../Drivers/CMSIS/Device/ST/STM32L4xx/Include -I../Middlewares/Third_Party/FreeRTOS/Source/include -I../Middlewares/Third_Party/FreeRTOS/Source/CMSIS_RTOS -I../Drivers/CMSIS/Include -I../Drivers/CMSIS/Include -I../Drivers/CMSIS/Include -I../Drivers/CMSIS/Include -I../Drivers/CMSIS/Include -I../Drivers/CMSIS/Include -I../Drivers/CMSIS/Include -I../Drivers/CMSIS/Include -I../Drivers/CMSIS/Include -I../Drivers/CMSIS/Include -I../Drivers/CMSIS/Include -Os -ffunction-sections -g3 -fstack-usage -Wall -fmessage-length=0 -specs=nano.specs -o Middlewares\Third_Party\FreeRTOS\Source\portable\GCC\ARM_CM4F\port.o 
arm-atollic-eabi-gcc -c ..\Drivers\STM32L4xx_HAL_Driver\Src\stm32l4xx_hal_smbus.c -mthumb -mcpu=cortex-m4 -mfloat-abi=hard -mfpu=fpv4-sp-d16 -std=gnu11 -D__weak=__attribute__((weak)) -D__packed=__attribute__((__packed__)) -DUSE_HAL_DRIVER -DSTM32L443xx -I../Inc -I../Inc -I../Drivers/STM32L4xx_HAL_Driver/Inc -I../Drivers/STM32L4xx_HAL_Driver/Inc/Legacy -I../Middlewares/Third_Party/FreeRTOS/Source/portable/GCC/ARM_CM4F -I../Middlewares/ST/STM32_USB_Device_Library/Core/Inc -I../Middlewares/ST/STM32_USB_Device_Library/Class/DFU/Inc -I../Drivers/CMSIS/Device/ST/STM32L4xx/Include -I../Middlewares/Third_Party/FreeRTOS/Source/include -I../Middlewares/Third_Party/FreeRTOS/Source/CMSIS_RTOS -I../Drivers/CMSIS/Include -I../Drivers/CMSIS/Include -I../Drivers/CMSIS/Include -I../Drivers/CMSIS/Include -I../Drivers/CMSIS/Include -I../Drivers/CMSIS/Include -I../Drivers/CMSIS/Include -I../Drivers/CMSIS/Include -I../Drivers/CMSIS/Include -I../Drivers/CMSIS/Include -I../Drivers/CMSIS/Include -Os -ffunction-sections -g3 -fstack-usage -Wall -fmessage-length=0 -specs=nano.specs -o Drivers\STM32L4xx_HAL_Driver\Src\stm32l4xx_hal_smbus.o 
arm-atollic-eabi-gcc -c ..\Middlewares\ST\STM32_USB_Device_Library\Core\Src\usbd_ctlreq.c -mthumb -mcpu=cortex-m4 -mfloat-abi=hard -mfpu=fpv4-sp-d16 -std=gnu11 -D__weak=__attribute__((weak)) -D__packed=__attribute__((__packed__)) -DUSE_HAL_DRIVER -DSTM32L443xx -I../Inc -I../Inc -I../Drivers/STM32L4xx_HAL_Driver/Inc -I../Drivers/STM32L4xx_HAL_Driver/Inc/Legacy -I../Middlewares/Third_Party/FreeRTOS/Source/portable/GCC/ARM_CM4F -I../Middlewares/ST/STM32_USB_Device_Library/Core/Inc -I../Middlewares/ST/STM32_USB_Device_Library/Class/DFU/Inc -I../Drivers/CMSIS/Device/ST/STM32L4xx/Include -I../Middlewares/Third_Party/FreeRTOS/Source/include -I../Middlewares/Third_Party/FreeRTOS/Source/CMSIS_RTOS -I../Drivers/CMSIS/Include -I../Drivers/CMSIS/Include -I../Drivers/CMSIS/Include -I../Drivers/CMSIS/Include -I../Drivers/CMSIS/Include -I../Drivers/CMSIS/Include -I../Drivers/CMSIS/Include -I../Drivers/CMSIS/Include -I../Drivers/CMSIS/Include -I../Drivers/CMSIS/Include -I../Drivers/CMSIS/Include -Os -ffunction-sections -g3 -fstack-usage -Wall -fmessage-length=0 -specs=nano.specs -o Middlewares\ST\STM32_USB_Device_Library\Core\Src\usbd_ctlreq.o 
arm-atollic-eabi-gcc -c ..\Drivers\STM32L4xx_HAL_Driver\Src\stm32l4xx_hal_cortex.c -mthumb -mcpu=cortex-m4 -mfloat-abi=hard -mfpu=fpv4-sp-d16 -std=gnu11 -D__weak=__attribute__((weak)) -D__packed=__attribute__((__packed__)) -DUSE_HAL_DRIVER -DSTM32L443xx -I../Inc -I../Inc -I../Drivers/STM32L4xx_HAL_Driver/Inc -I../Drivers/STM32L4xx_HAL_Driver/Inc/Legacy -I../Middlewares/Third_Party/FreeRTOS/Source/portable/GCC/ARM_CM4F -I../Middlewares/ST/STM32_USB_Device_Library/Core/Inc -I../Middlewares/ST/STM32_USB_Device_Library/Class/DFU/Inc -I../Drivers/CMSIS/Device/ST/STM32L4xx/Include -I../Middlewares/Third_Party/FreeRTOS/Source/include -I../Middlewares/Third_Party/FreeRTOS/Source/CMSIS_RTOS -I../Drivers/CMSIS/Include -I../Drivers/CMSIS/Include -I../Drivers/CMSIS/Include -I../Drivers/CMSIS/Include -I../Drivers/CMSIS/Include -I../Drivers/CMSIS/Include -I../Drivers/CMSIS/Include -I../Drivers/CMSIS/Include -I../Drivers/CMSIS/Include -I../Drivers/CMSIS/Include -I../Drivers/CMSIS/Include -Os -ffunction-sections -g3 -fstack-usage -Wall -fmessage-length=0 -specs=nano.specs -o Drivers\STM32L4xx_HAL_Driver\Src\stm32l4xx_hal_cortex.o 
arm-atollic-eabi-gcc -c ..\Drivers\STM32L4xx_HAL_Driver\Src\stm32l4xx_hal_rtc_ex.c -mthumb -mcpu=cortex-m4 -mfloat-abi=hard -mfpu=fpv4-sp-d16 -std=gnu11 -D__weak=__attribute__((weak)) -D__packed=__attribute__((__packed__)) -DUSE_HAL_DRIVER -DSTM32L443xx -I../Inc -I../Inc -I../Drivers/STM32L4xx_HAL_Driver/Inc -I../Drivers/STM32L4xx_HAL_Driver/Inc/Legacy -I../Middlewares/Third_Party/FreeRTOS/Source/portable/GCC/ARM_CM4F -I../Middlewares/ST/STM32_USB_Device_Library/Core/Inc -I../Middlewares/ST/STM32_USB_Device_Library/Class/DFU/Inc -I../Drivers/CMSIS/Device/ST/STM32L4xx/Include -I../Middlewares/Third_Party/FreeRTOS/Source/include -I../Middlewares/Third_Party/FreeRTOS/Source/CMSIS_RTOS -I../Drivers/CMSIS/Include -I../Drivers/CMSIS/Include -I../Drivers/CMSIS/Include -I../Drivers/CMSIS/Include -I../Drivers/CMSIS/Include -I../Drivers/CMSIS/Include -I../Drivers/CMSIS/Include -I../Drivers/CMSIS/Include -I../Drivers/CMSIS/Include -I../Drivers/CMSIS/Include -I../Drivers/CMSIS/Include -Os -ffunction-sections -g3 -fstack-usage -Wall -fmessage-length=0 -specs=nano.specs -o Drivers\STM32L4xx_HAL_Driver\Src\stm32l4xx_hal_rtc_ex.o 
arm-atollic-eabi-gcc -c ..\Src\stm32l4xx_hal_timebase_TIM.c -mthumb -mcpu=cortex-m4 -mfloat-abi=hard -mfpu=fpv4-sp-d16 -std=gnu11 -D__weak=__attribute__((weak)) -D__packed=__attribute__((__packed__)) -DUSE_HAL_DRIVER -DSTM32L443xx -I../Inc -I../Inc -I../Drivers/STM32L4xx_HAL_Driver/Inc -I../Drivers/STM32L4xx_HAL_Driver/Inc/Legacy -I../Middlewares/Third_Party/FreeRTOS/Source/portable/GCC/ARM_CM4F -I../Middlewares/ST/STM32_USB_Device_Library/Core/Inc -I../Middlewares/ST/STM32_USB_Device_Library/Class/DFU/Inc -I../Drivers/CMSIS/Device/ST/STM32L4xx/Include -I../Middlewares/Third_Party/FreeRTOS/Source/include -I../Middlewares/Third_Party/FreeRTOS/Source/CMSIS_RTOS -I../Drivers/CMSIS/Include -I../Drivers/CMSIS/Include -I../Drivers/CMSIS/Include -I../Drivers/CMSIS/Include -I../Drivers/CMSIS/Include -I../Drivers/CMSIS/Include -I../Drivers/CMSIS/Include -I../Drivers/CMSIS/Include -I../Drivers/CMSIS/Include -I../Drivers/CMSIS/Include -I../Drivers/CMSIS/Include -Os -ffunction-sections -g3 -fstack-usage -Wall -fmessage-length=0 -specs=nano.specs -o Src\stm32l4xx_hal_timebase_TIM.o 
arm-atollic-eabi-gcc -c ..\Middlewares\ST\STM32_USB_Device_Library\Core\Src\usbd_core.c -mthumb -mcpu=cortex-m4 -mfloat-abi=hard -mfpu=fpv4-sp-d16 -std=gnu11 -D__weak=__attribute__((weak)) -D__packed=__attribute__((__packed__)) -DUSE_HAL_DRIVER -DSTM32L443xx -I../Inc -I../Inc -I../Drivers/STM32L4xx_HAL_Driver/Inc -I../Drivers/STM32L4xx_HAL_Driver/Inc/Legacy -I../Middlewares/Third_Party/FreeRTOS/Source/portable/GCC/ARM_CM4F -I../Middlewares/ST/STM32_USB_Device_Library/Core/Inc -I../Middlewares/ST/STM32_USB_Device_Library/Class/DFU/Inc -I../Drivers/CMSIS/Device/ST/STM32L4xx/Include -I../Middlewares/Third_Party/FreeRTOS/Source/include -I../Middlewares/Third_Party/FreeRTOS/Source/CMSIS_RTOS -I../Drivers/CMSIS/Include -I../Drivers/CMSIS/Include -I../Drivers/CMSIS/Include -I../Drivers/CMSIS/Include -I../Drivers/CMSIS/Include -I../Drivers/CMSIS/Include -I../Drivers/CMSIS/Include -I../Drivers/CMSIS/Include -I../Drivers/CMSIS/Include -I../Drivers/CMSIS/Include -I../Drivers/CMSIS/Include -Os -ffunction-sections -g3 -fstack-usage -Wall -fmessage-length=0 -specs=nano.specs -o Middlewares\ST\STM32_USB_Device_Library\Core\Src\usbd_core.o 
arm-atollic-eabi-gcc -c ..\Drivers\STM32L4xx_HAL_Driver\Src\stm32l4xx_hal_rtc.c -mthumb -mcpu=cortex-m4 -mfloat-abi=hard -mfpu=fpv4-sp-d16 -std=gnu11 -D__weak=__attribute__((weak)) -D__packed=__attribute__((__packed__)) -DUSE_HAL_DRIVER -DSTM32L443xx -I../Inc -I../Inc -I../Drivers/STM32L4xx_HAL_Driver/Inc -I../Drivers/STM32L4xx_HAL_Driver/Inc/Legacy -I../Middlewares/Third_Party/FreeRTOS/Source/portable/GCC/ARM_CM4F -I../Middlewares/ST/STM32_USB_Device_Library/Core/Inc -I../Middlewares/ST/STM32_USB_Device_Library/Class/DFU/Inc -I../Drivers/CMSIS/Device/ST/STM32L4xx/Include -I../Middlewares/Third_Party/FreeRTOS/Source/include -I../Middlewares/Third_Party/FreeRTOS/Source/CMSIS_RTOS -I../Drivers/CMSIS/Include -I../Drivers/CMSIS/Include -I../Drivers/CMSIS/Include -I../Drivers/CMSIS/Include -I../Drivers/CMSIS/Include -I../Drivers/CMSIS/Include -I../Drivers/CMSIS/Include -I../Drivers/CMSIS/Include -I../Drivers/CMSIS/Include -I../Drivers/CMSIS/Include -I../Drivers/CMSIS/Include -Os -ffunction-sections -g3 -fstack-usage -Wall -fmessage-length=0 -specs=nano.specs -o Drivers\STM32L4xx_HAL_Driver\Src\stm32l4xx_hal_rtc.o 
arm-atollic-eabi-gcc -c ..\Drivers\STM32L4xx_HAL_Driver\Src\stm32l4xx_hal_rcc_ex.c -mthumb -mcpu=cortex-m4 -mfloat-abi=hard -mfpu=fpv4-sp-d16 -std=gnu11 -D__weak=__attribute__((weak)) -D__packed=__attribute__((__packed__)) -DUSE_HAL_DRIVER -DSTM32L443xx -I../Inc -I../Inc -I../Drivers/STM32L4xx_HAL_Driver/Inc -I../Drivers/STM32L4xx_HAL_Driver/Inc/Legacy -I../Middlewares/Third_Party/FreeRTOS/Source/portable/GCC/ARM_CM4F -I../Middlewares/ST/STM32_USB_Device_Library/Core/Inc -I../Middlewares/ST/STM32_USB_Device_Library/Class/DFU/Inc -I../Drivers/CMSIS/Device/ST/STM32L4xx/Include -I../Middlewares/Third_Party/FreeRTOS/Source/include -I../Middlewares/Third_Party/FreeRTOS/Source/CMSIS_RTOS -I../Drivers/CMSIS/Include -I../Drivers/CMSIS/Include -I../Drivers/CMSIS/Include -I../Drivers/CMSIS/Include -I../Drivers/CMSIS/Include -I../Drivers/CMSIS/Include -I../Drivers/CMSIS/Include -I../Drivers/CMSIS/Include -I../Drivers/CMSIS/Include -I../Drivers/CMSIS/Include -I../Drivers/CMSIS/Include -Os -ffunction-sections -g3 -fstack-usage -Wall -fmessage-length=0 -specs=nano.specs -o Drivers\STM32L4xx_HAL_Driver\Src\stm32l4xx_hal_rcc_ex.o 
arm-atollic-eabi-gcc -c ..\Drivers\STM32L4xx_HAL_Driver\Src\stm32l4xx_hal_sai.c -mthumb -mcpu=cortex-m4 -mfloat-abi=hard -mfpu=fpv4-sp-d16 -std=gnu11 -D__weak=__attribute__((weak)) -D__packed=__attribute__((__packed__)) -DUSE_HAL_DRIVER -DSTM32L443xx -I../Inc -I../Inc -I../Drivers/STM32L4xx_HAL_Driver/Inc -I../Drivers/STM32L4xx_HAL_Driver/Inc/Legacy -I../Middlewares/Third_Party/FreeRTOS/Source/portable/GCC/ARM_CM4F -I../Middlewares/ST/STM32_USB_Device_Library/Core/Inc -I../Middlewares/ST/STM32_USB_Device_Library/Class/DFU/Inc -I../Drivers/CMSIS/Device/ST/STM32L4xx/Include -I../Middlewares/Third_Party/FreeRTOS/Source/include -I../Middlewares/Third_Party/FreeRTOS/Source/CMSIS_RTOS -I../Drivers/CMSIS/Include -I../Drivers/CMSIS/Include -I../Drivers/CMSIS/Include -I../Drivers/CMSIS/Include -I../Drivers/CMSIS/Include -I../Drivers/CMSIS/Include -I../Drivers/CMSIS/Include -I../Drivers/CMSIS/Include -I../Drivers/CMSIS/Include -I../Drivers/CMSIS/Include -I../Drivers/CMSIS/Include -Os -ffunction-sections -g3 -fstack-usage -Wall -fmessage-length=0 -specs=nano.specs -o Drivers\STM32L4xx_HAL_Driver\Src\stm32l4xx_hal_sai.o 
arm-atollic-eabi-gcc -c ..\Drivers\STM32L4xx_HAL_Driver\Src\stm32l4xx_hal_flash_ramfunc.c -mthumb -mcpu=cortex-m4 -mfloat-abi=hard -mfpu=fpv4-sp-d16 -std=gnu11 -D__weak=__attribute__((weak)) -D__packed=__attribute__((__packed__)) -DUSE_HAL_DRIVER -DSTM32L443xx -I../Inc -I../Inc -I../Drivers/STM32L4xx_HAL_Driver/Inc -I../Drivers/STM32L4xx_HAL_Driver/Inc/Legacy -I../Middlewares/Third_Party/FreeRTOS/Source/portable/GCC/ARM_CM4F -I../Middlewares/ST/STM32_USB_Device_Library/Core/Inc -I../Middlewares/ST/STM32_USB_Device_Library/Class/DFU/Inc -I../Drivers/CMSIS/Device/ST/STM32L4xx/Include -I../Middlewares/Third_Party/FreeRTOS/Source/include -I../Middlewares/Third_Party/FreeRTOS/Source/CMSIS_RTOS -I../Drivers/CMSIS/Include -I../Drivers/CMSIS/Include -I../Drivers/CMSIS/Include -I../Drivers/CMSIS/Include -I../Drivers/CMSIS/Include -I../Drivers/CMSIS/Include -I../Drivers/CMSIS/Include -I../Drivers/CMSIS/Include -I../Drivers/CMSIS/Include -I../Drivers/CMSIS/Include -I../Drivers/CMSIS/Include -Os -ffunction-sections -g3 -fstack-usage -Wall -fmessage-length=0 -specs=nano.specs -o Drivers\STM32L4xx_HAL_Driver\Src\stm32l4xx_hal_flash_ramfunc.o 
arm-atollic-eabi-gcc -c ..\Drivers\STM32L4xx_HAL_Driver\Src\stm32l4xx_hal.c -mthumb -mcpu=cortex-m4 -mfloat-abi=hard -mfpu=fpv4-sp-d16 -std=gnu11 -D__weak=__attribute__((weak)) -D__packed=__attribute__((__packed__)) -DUSE_HAL_DRIVER -DSTM32L443xx -I../Inc -I../Inc -I../Drivers/STM32L4xx_HAL_Driver/Inc -I../Drivers/STM32L4xx_HAL_Driver/Inc/Legacy -I../Middlewares/Third_Party/FreeRTOS/Source/portable/GCC/ARM_CM4F -I../Middlewares/ST/STM32_USB_Device_Library/Core/Inc -I../Middlewares/ST/STM32_USB_Device_Library/Class/DFU/Inc -I../Drivers/CMSIS/Device/ST/STM32L4xx/Include -I../Middlewares/Third_Party/FreeRTOS/Source/include -I../Middlewares/Third_Party/FreeRTOS/Source/CMSIS_RTOS -I../Drivers/CMSIS/Include -I../Drivers/CMSIS/Include -I../Drivers/CMSIS/Include -I../Drivers/CMSIS/Include -I../Drivers/CMSIS/Include -I../Drivers/CMSIS/Include -I../Drivers/CMSIS/Include -I../Drivers/CMSIS/Include -I../Drivers/CMSIS/Include -I../Drivers/CMSIS/Include -I../Drivers/CMSIS/Include -Os -ffunction-sections -g3 -fstack-usage -Wall -fmessage-length=0 -specs=nano.specs -o Drivers\STM32L4xx_HAL_Driver\Src\stm32l4xx_hal.o 
arm-atollic-eabi-gcc -c ..\Src\usb_device.c -mthumb -mcpu=cortex-m4 -mfloat-abi=hard -mfpu=fpv4-sp-d16 -std=gnu11 -D__weak=__attribute__((weak)) -D__packed=__attribute__((__packed__)) -DUSE_HAL_DRIVER -DSTM32L443xx -I../Inc -I../Inc -I../Drivers/STM32L4xx_HAL_Driver/Inc -I../Drivers/STM32L4xx_HAL_Driver/Inc/Legacy -I../Middlewares/Third_Party/FreeRTOS/Source/portable/GCC/ARM_CM4F -I../Middlewares/ST/STM32_USB_Device_Library/Core/Inc -I../Middlewares/ST/STM32_USB_Device_Library/Class/DFU/Inc -I../Drivers/CMSIS/Device/ST/STM32L4xx/Include -I../Middlewares/Third_Party/FreeRTOS/Source/include -I../Middlewares/Third_Party/FreeRTOS/Source/CMSIS_RTOS -I../Drivers/CMSIS/Include -I../Drivers/CMSIS/Include -I../Drivers/CMSIS/Include -I../Drivers/CMSIS/Include -I../Drivers/CMSIS/Include -I../Drivers/CMSIS/Include -I../Drivers/CMSIS/Include -I../Drivers/CMSIS/Include -I../Drivers/CMSIS/Include -I../Drivers/CMSIS/Include -I../Drivers/CMSIS/Include -Os -ffunction-sections -g3 -fstack-usage -Wall -fmessage-length=0 -specs=nano.specs -o Src\usb_device.o 
arm-atollic-eabi-gcc -c ..\Middlewares\Third_Party\FreeRTOS\Source\croutine.c -mthumb -mcpu=cortex-m4 -mfloat-abi=hard -mfpu=fpv4-sp-d16 -std=gnu11 -D__weak=__attribute__((weak)) -D__packed=__attribute__((__packed__)) -DUSE_HAL_DRIVER -DSTM32L443xx -I../Inc -I../Inc -I../Drivers/STM32L4xx_HAL_Driver/Inc -I../Drivers/STM32L4xx_HAL_Driver/Inc/Legacy -I../Middlewares/Third_Party/FreeRTOS/Source/portable/GCC/ARM_CM4F -I../Middlewares/ST/STM32_USB_Device_Library/Core/Inc -I../Middlewares/ST/STM32_USB_Device_Library/Class/DFU/Inc -I../Drivers/CMSIS/Device/ST/STM32L4xx/Include -I../Middlewares/Third_Party/FreeRTOS/Source/include -I../Middlewares/Third_Party/FreeRTOS/Source/CMSIS_RTOS -I../Drivers/CMSIS/Include -I../Drivers/CMSIS/Include -I../Drivers/CMSIS/Include -I../Drivers/CMSIS/Include -I../Drivers/CMSIS/Include -I../Drivers/CMSIS/Include -I../Drivers/CMSIS/Include -I../Drivers/CMSIS/Include -I../Drivers/CMSIS/Include -I../Drivers/CMSIS/Include -I../Drivers/CMSIS/Include -Os -ffunction-sections -g3 -fstack-usage -Wall -fmessage-length=0 -specs=nano.specs -o Middlewares\Third_Party\FreeRTOS\Source\croutine.o 
arm-atollic-eabi-gcc -c -mthumb -mcpu=cortex-m4 -mfloat-abi=hard -mfpu=fpv4-sp-d16 -g -Wa,--warn -x assembler-with-cpp -specs=nano.specs -o Drivers\CMSIS\Device\ST\STM32L4xx\Source\Templates\gcc\startup_stm32l443xx.o ..\Drivers\CMSIS\Device\ST\STM32L4xx\Source\Templates\gcc\startup_stm32l443xx.s 
arm-atollic-eabi-gcc -c ..\Middlewares\ST\STM32_USB_Device_Library\Class\DFU\Src\usbd_dfu.c -mthumb -mcpu=cortex-m4 -mfloat-abi=hard -mfpu=fpv4-sp-d16 -std=gnu11 -D__weak=__attribute__((weak)) -D__packed=__attribute__((__packed__)) -DUSE_HAL_DRIVER -DSTM32L443xx -I../Inc -I../Inc -I../Drivers/STM32L4xx_HAL_Driver/Inc -I../Drivers/STM32L4xx_HAL_Driver/Inc/Legacy -I../Middlewares/Third_Party/FreeRTOS/Source/portable/GCC/ARM_CM4F -I../Middlewares/ST/STM32_USB_Device_Library/Core/Inc -I../Middlewares/ST/STM32_USB_Device_Library/Class/DFU/Inc -I../Drivers/CMSIS/Device/ST/STM32L4xx/Include -I../Middlewares/Third_Party/FreeRTOS/Source/include -I../Middlewares/Third_Party/FreeRTOS/Source/CMSIS_RTOS -I../Drivers/CMSIS/Include -I../Drivers/CMSIS/Include -I../Drivers/CMSIS/Include -I../Drivers/CMSIS/Include -I../Drivers/CMSIS/Include -I../Drivers/CMSIS/Include -I../Drivers/CMSIS/Include -I../Drivers/CMSIS/Include -I../Drivers/CMSIS/Include -I../Drivers/CMSIS/Include -I../Drivers/CMSIS/Include -Os -ffunction-sections -g3 -fstack-usage -Wall -fmessage-length=0 -specs=nano.specs -o Middlewares\ST\STM32_USB_Device_Library\Class\DFU\Src\usbd_dfu.o 
arm-atollic-eabi-gcc -c ..\Drivers\STM32L4xx_HAL_Driver\Src\stm32l4xx_hal_pcd.c -mthumb -mcpu=cortex-m4 -mfloat-abi=hard -mfpu=fpv4-sp-d16 -std=gnu11 -D__weak=__attribute__((weak)) -D__packed=__attribute__((__packed__)) -DUSE_HAL_DRIVER -DSTM32L443xx -I../Inc -I../Inc -I../Drivers/STM32L4xx_HAL_Driver/Inc -I../Drivers/STM32L4xx_HAL_Driver/Inc/Legacy -I../Middlewares/Third_Party/FreeRTOS/Source/portable/GCC/ARM_CM4F -I../Middlewares/ST/STM32_USB_Device_Library/Core/Inc -I../Middlewares/ST/STM32_USB_Device_Library/Class/DFU/Inc -I../Drivers/CMSIS/Device/ST/STM32L4xx/Include -I../Middlewares/Third_Party/FreeRTOS/Source/include -I../Middlewares/Third_Party/FreeRTOS/Source/CMSIS_RTOS -I../Drivers/CMSIS/Include -I../Drivers/CMSIS/Include -I../Drivers/CMSIS/Include -I../Drivers/CMSIS/Include -I../Drivers/CMSIS/Include -I../Drivers/CMSIS/Include -I../Drivers/CMSIS/Include -I../Drivers/CMSIS/Include -I../Drivers/CMSIS/Include -I../Drivers/CMSIS/Include -I../Drivers/CMSIS/Include -Os -ffunction-sections -g3 -fstack-usage -Wall -fmessage-length=0 -specs=nano.specs -o Drivers\STM32L4xx_HAL_Driver\Src\stm32l4xx_hal_pcd.o 
arm-atollic-eabi-gcc -c ..\Drivers\STM32L4xx_HAL_Driver\Src\stm32l4xx_hal_rcc.c -mthumb -mcpu=cortex-m4 -mfloat-abi=hard -mfpu=fpv4-sp-d16 -std=gnu11 -D__weak=__attribute__((weak)) -D__packed=__attribute__((__packed__)) -DUSE_HAL_DRIVER -DSTM32L443xx -I../Inc -I../Inc -I../Drivers/STM32L4xx_HAL_Driver/Inc -I../Drivers/STM32L4xx_HAL_Driver/Inc/Legacy -I../Middlewares/Third_Party/FreeRTOS/Source/portable/GCC/ARM_CM4F -I../Middlewares/ST/STM32_USB_Device_Library/Core/Inc -I../Middlewares/ST/STM32_USB_Device_Library/Class/DFU/Inc -I../Drivers/CMSIS/Device/ST/STM32L4xx/Include -I../Middlewares/Third_Party/FreeRTOS/Source/include -I../Middlewares/Third_Party/FreeRTOS/Source/CMSIS_RTOS -I../Drivers/CMSIS/Include -I../Drivers/CMSIS/Include -I../Drivers/CMSIS/Include -I../Drivers/CMSIS/Include -I../Drivers/CMSIS/Include -I../Drivers/CMSIS/Include -I../Drivers/CMSIS/Include -I../Drivers/CMSIS/Include -I../Drivers/CMSIS/Include -I../Drivers/CMSIS/Include -I../Drivers/CMSIS/Include -Os -ffunction-sections -g3 -fstack-usage -Wall -fmessage-length=0 -specs=nano.specs -o Drivers\STM32L4xx_HAL_Driver\Src\stm32l4xx_hal_rcc.o 
arm-atollic-eabi-gcc -c ..\Src\stm32l4xx_hal_msp.c -mthumb -mcpu=cortex-m4 -mfloat-abi=hard -mfpu=fpv4-sp-d16 -std=gnu11 -D__weak=__attribute__((weak)) -D__packed=__attribute__((__packed__)) -DUSE_HAL_DRIVER -DSTM32L443xx -I../Inc -I../Inc -I../Drivers/STM32L4xx_HAL_Driver/Inc -I../Drivers/STM32L4xx_HAL_Driver/Inc/Legacy -I../Middlewares/Third_Party/FreeRTOS/Source/portable/GCC/ARM_CM4F -I../Middlewares/ST/STM32_USB_Device_Library/Core/Inc -I../Middlewares/ST/STM32_USB_Device_Library/Class/DFU/Inc -I../Drivers/CMSIS/Device/ST/STM32L4xx/Include -I../Middlewares/Third_Party/FreeRTOS/Source/include -I../Middlewares/Third_Party/FreeRTOS/Source/CMSIS_RTOS -I../Drivers/CMSIS/Include -I../Drivers/CMSIS/Include -I../Drivers/CMSIS/Include -I../Drivers/CMSIS/Include -I../Drivers/CMSIS/Include -I../Drivers/CMSIS/Include -I../Drivers/CMSIS/Include -I../Drivers/CMSIS/Include -I../Drivers/CMSIS/Include -I../Drivers/CMSIS/Include -I../Drivers/CMSIS/Include -Os -ffunction-sections -g3 -fstack-usage -Wall -fmessage-length=0 -specs=nano.specs -o Src\stm32l4xx_hal_msp.o 
arm-atollic-eabi-gcc -c ..\Drivers\STM32L4xx_HAL_Driver\Src\stm32l4xx_hal_spi_ex.c -mthumb -mcpu=cortex-m4 -mfloat-abi=hard -mfpu=fpv4-sp-d16 -std=gnu11 -D__weak=__attribute__((weak)) -D__packed=__attribute__((__packed__)) -DUSE_HAL_DRIVER -DSTM32L443xx -I../Inc -I../Inc -I../Drivers/STM32L4xx_HAL_Driver/Inc -I../Drivers/STM32L4xx_HAL_Driver/Inc/Legacy -I../Middlewares/Third_Party/FreeRTOS/Source/portable/GCC/ARM_CM4F -I../Middlewares/ST/STM32_USB_Device_Library/Core/Inc -I../Middlewares/ST/STM32_USB_Device_Library/Class/DFU/Inc -I../Drivers/CMSIS/Device/ST/STM32L4xx/Include -I../Middlewares/Third_Party/FreeRTOS/Source/include -I../Middlewares/Third_Party/FreeRTOS/Source/CMSIS_RTOS -I../Drivers/CMSIS/Include -I../Drivers/CMSIS/Include -I../Drivers/CMSIS/Include -I../Drivers/CMSIS/Include -I../Drivers/CMSIS/Include -I../Drivers/CMSIS/Include -I../Drivers/CMSIS/Include -I../Drivers/CMSIS/Include -I../Drivers/CMSIS/Include -I../Drivers/CMSIS/Include -I../Drivers/CMSIS/Include -Os -ffunction-sections -g3 -fstack-usage -Wall -fmessage-length=0 -specs=nano.specs -o Drivers\STM32L4xx_HAL_Driver\Src\stm32l4xx_hal_spi_ex.o 
arm-atollic-eabi-gcc -c ..\Middlewares\Third_Party\FreeRTOS\Source\CMSIS_RTOS\cmsis_os.c -mthumb -mcpu=cortex-m4 -mfloat-abi=hard -mfpu=fpv4-sp-d16 -std=gnu11 -D__weak=__attribute__((weak)) -D__packed=__attribute__((__packed__)) -DUSE_HAL_DRIVER -DSTM32L443xx -I../Inc -I../Inc -I../Drivers/STM32L4xx_HAL_Driver/Inc -I../Drivers/STM32L4xx_HAL_Driver/Inc/Legacy -I../Middlewares/Third_Party/FreeRTOS/Source/portable/GCC/ARM_CM4F -I../Middlewares/ST/STM32_USB_Device_Library/Core/Inc -I../Middlewares/ST/STM32_USB_Device_Library/Class/DFU/Inc -I../Drivers/CMSIS/Device/ST/STM32L4xx/Include -I../Middlewares/Third_Party/FreeRTOS/Source/include -I../Middlewares/Third_Party/FreeRTOS/Source/CMSIS_RTOS -I../Drivers/CMSIS/Include -I../Drivers/CMSIS/Include -I../Drivers/CMSIS/Include -I../Drivers/CMSIS/Include -I../Drivers/CMSIS/Include -I../Drivers/CMSIS/Include -I../Drivers/CMSIS/Include -I../Drivers/CMSIS/Include -I../Drivers/CMSIS/Include -I../Drivers/CMSIS/Include -I../Drivers/CMSIS/Include -Os -ffunction-sections -g3 -fstack-usage -Wall -fmessage-length=0 -specs=nano.specs -o Middlewares\Third_Party\FreeRTOS\Source\CMSIS_RTOS\cmsis_os.o 
arm-atollic-eabi-gcc -c ..\Drivers\STM32L4xx_HAL_Driver\Src\stm32l4xx_hal_flash.c -mthumb -mcpu=cortex-m4 -mfloat-abi=hard -mfpu=fpv4-sp-d16 -std=gnu11 -D__weak=__attribute__((weak)) -D__packed=__attribute__((__packed__)) -DUSE_HAL_DRIVER -DSTM32L443xx -I../Inc -I../Inc -I../Drivers/STM32L4xx_HAL_Driver/Inc -I../Drivers/STM32L4xx_HAL_Driver/Inc/Legacy -I../Middlewares/Third_Party/FreeRTOS/Source/portable/GCC/ARM_CM4F -I../Middlewares/ST/STM32_USB_Device_Library/Core/Inc -I../Middlewares/ST/STM32_USB_Device_Library/Class/DFU/Inc -I../Drivers/CMSIS/Device/ST/STM32L4xx/Include -I../Middlewares/Third_Party/FreeRTOS/Source/include -I../Middlewares/Third_Party/FreeRTOS/Source/CMSIS_RTOS -I../Drivers/CMSIS/Include -I../Drivers/CMSIS/Include -I../Drivers/CMSIS/Include -I../Drivers/CMSIS/Include -I../Drivers/CMSIS/Include -I../Drivers/CMSIS/Include -I../Drivers/CMSIS/Include -I../Drivers/CMSIS/Include -I../Drivers/CMSIS/Include -I../Drivers/CMSIS/Include -I../Drivers/CMSIS/Include -Os -ffunction-sections -g3 -fstack-usage -Wall -fmessage-length=0 -specs=nano.specs -o Drivers\STM32L4xx_HAL_Driver\Src\stm32l4xx_hal_flash.o 
arm-atollic-eabi-gcc -c ..\Drivers\STM32L4xx_HAL_Driver\Src\stm32l4xx_ll_usb.c -mthumb -mcpu=cortex-m4 -mfloat-abi=hard -mfpu=fpv4-sp-d16 -std=gnu11 -D__weak=__attribute__((weak)) -D__packed=__attribute__((__packed__)) -DUSE_HAL_DRIVER -DSTM32L443xx -I../Inc -I../Inc -I../Drivers/STM32L4xx_HAL_Driver/Inc -I../Drivers/STM32L4xx_HAL_Driver/Inc/Legacy -I../Middlewares/Third_Party/FreeRTOS/Source/portable/GCC/ARM_CM4F -I../Middlewares/ST/STM32_USB_Device_Library/Core/Inc -I../Middlewares/ST/STM32_USB_Device_Library/Class/DFU/Inc -I../Drivers/CMSIS/Device/ST/STM32L4xx/Include -I../Middlewares/Third_Party/FreeRTOS/Source/include -I../Middlewares/Third_Party/FreeRTOS/Source/CMSIS_RTOS -I../Drivers/CMSIS/Include -I../Drivers/CMSIS/Include -I../Drivers/CMSIS/Include -I../Drivers/CMSIS/Include -I../Drivers/CMSIS/Include -I../Drivers/CMSIS/Include -I../Drivers/CMSIS/Include -I../Drivers/CMSIS/Include -I../Drivers/CMSIS/Include -I../Drivers/CMSIS/Include -I../Drivers/CMSIS/Include -Os -ffunction-sections -g3 -fstack-usage -Wall -fmessage-length=0 -specs=nano.specs -o Drivers\STM32L4xx_HAL_Driver\Src\stm32l4xx_ll_usb.o 
arm-atollic-eabi-gcc -c ..\Src\usbd_dfu_if.c -mthumb -mcpu=cortex-m4 -mfloat-abi=hard -mfpu=fpv4-sp-d16 -std=gnu11 -D__weak=__attribute__((weak)) -D__packed=__attribute__((__packed__)) -DUSE_HAL_DRIVER -DSTM32L443xx -I../Inc -I../Inc -I../Drivers/STM32L4xx_HAL_Driver/Inc -I../Drivers/STM32L4xx_HAL_Driver/Inc/Legacy -I../Middlewares/Third_Party/FreeRTOS/Source/portable/GCC/ARM_CM4F -I../Middlewares/ST/STM32_USB_Device_Library/Core/Inc -I../Middlewares/ST/STM32_USB_Device_Library/Class/DFU/Inc -I../Drivers/CMSIS/Device/ST/STM32L4xx/Include -I../Middlewares/Third_Party/FreeRTOS/Source/include -I../Middlewares/Third_Party/FreeRTOS/Source/CMSIS_RTOS -I../Drivers/CMSIS/Include -I../Drivers/CMSIS/Include -I../Drivers/CMSIS/Include -I../Drivers/CMSIS/Include -I../Drivers/CMSIS/Include -I../Drivers/CMSIS/Include -I../Drivers/CMSIS/Include -I../Drivers/CMSIS/Include -I../Drivers/CMSIS/Include -I../Drivers/CMSIS/Include -I../Drivers/CMSIS/Include -Os -ffunction-sections -g3 -fstack-usage -Wall -fmessage-length=0 -specs=nano.specs -o Src\usbd_dfu_if.o 
arm-atollic-eabi-gcc -c ..\Drivers\STM32L4xx_HAL_Driver\Src\stm32l4xx_hal_tim_ex.c -mthumb -mcpu=cortex-m4 -mfloat-abi=hard -mfpu=fpv4-sp-d16 -std=gnu11 -D__weak=__attribute__((weak)) -D__packed=__attribute__((__packed__)) -DUSE_HAL_DRIVER -DSTM32L443xx -I../Inc -I../Inc -I../Drivers/STM32L4xx_HAL_Driver/Inc -I../Drivers/STM32L4xx_HAL_Driver/Inc/Legacy -I../Middlewares/Third_Party/FreeRTOS/Source/portable/GCC/ARM_CM4F -I../Middlewares/ST/STM32_USB_Device_Library/Core/Inc -I../Middlewares/ST/STM32_USB_Device_Library/Class/DFU/Inc -I../Drivers/CMSIS/Device/ST/STM32L4xx/Include -I../Middlewares/Third_Party/FreeRTOS/Source/include -I../Middlewares/Third_Party/FreeRTOS/Source/CMSIS_RTOS -I../Drivers/CMSIS/Include -I../Drivers/CMSIS/Include -I../Drivers/CMSIS/Include -I../Drivers/CMSIS/Include -I../Drivers/CMSIS/Include -I../Drivers/CMSIS/Include -I../Drivers/CMSIS/Include -I../Drivers/CMSIS/Include -I../Drivers/CMSIS/Include -I../Drivers/CMSIS/Include -I../Drivers/CMSIS/Include -Os -ffunction-sections -g3 -fstack-usage -Wall -fmessage-length=0 -specs=nano.specs -o Drivers\STM32L4xx_HAL_Driver\Src\stm32l4xx_hal_tim_ex.o 
arm-atollic-eabi-gcc -c ..\Middlewares\Third_Party\FreeRTOS\Source\queue.c -mthumb -mcpu=cortex-m4 -mfloat-abi=hard -mfpu=fpv4-sp-d16 -std=gnu11 -D__weak=__attribute__((weak)) -D__packed=__attribute__((__packed__)) -DUSE_HAL_DRIVER -DSTM32L443xx -I../Inc -I../Inc -I../Drivers/STM32L4xx_HAL_Driver/Inc -I../Drivers/STM32L4xx_HAL_Driver/Inc/Legacy -I../Middlewares/Third_Party/FreeRTOS/Source/portable/GCC/ARM_CM4F -I../Middlewares/ST/STM32_USB_Device_Library/Core/Inc -I../Middlewares/ST/STM32_USB_Device_Library/Class/DFU/Inc -I../Drivers/CMSIS/Device/ST/STM32L4xx/Include -I../Middlewares/Third_Party/FreeRTOS/Source/include -I../Middlewares/Third_Party/FreeRTOS/Source/CMSIS_RTOS -I../Drivers/CMSIS/Include -I../Drivers/CMSIS/Include -I../Drivers/CMSIS/Include -I../Drivers/CMSIS/Include -I../Drivers/CMSIS/Include -I../Drivers/CMSIS/Include -I../Drivers/CMSIS/Include -I../Drivers/CMSIS/Include -I../Drivers/CMSIS/Include -I../Drivers/CMSIS/Include -I../Drivers/CMSIS/Include -Os -ffunction-sections -g3 -fstack-usage -Wall -fmessage-length=0 -specs=nano.specs -o Middlewares\Third_Party\FreeRTOS\Source\queue.o 
arm-atollic-eabi-gcc -c ..\Drivers\STM32L4xx_HAL_Driver\Src\stm32l4xx_hal_i2c.c -mthumb -mcpu=cortex-m4 -mfloat-abi=hard -mfpu=fpv4-sp-d16 -std=gnu11 -D__weak=__attribute__((weak)) -D__packed=__attribute__((__packed__)) -DUSE_HAL_DRIVER -DSTM32L443xx -I../Inc -I../Inc -I../Drivers/STM32L4xx_HAL_Driver/Inc -I../Drivers/STM32L4xx_HAL_Driver/Inc/Legacy -I../Middlewares/Third_Party/FreeRTOS/Source/portable/GCC/ARM_CM4F -I../Middlewares/ST/STM32_USB_Device_Library/Core/Inc -I../Middlewares/ST/STM32_USB_Device_Library/Class/DFU/Inc -I../Drivers/CMSIS/Device/ST/STM32L4xx/Include -I../Middlewares/Third_Party/FreeRTOS/Source/include -I../Middlewares/Third_Party/FreeRTOS/Source/CMSIS_RTOS -I../Drivers/CMSIS/Include -I../Drivers/CMSIS/Include -I../Drivers/CMSIS/Include -I../Drivers/CMSIS/Include -I../Drivers/CMSIS/Include -I../Drivers/CMSIS/Include -I../Drivers/CMSIS/Include -I../Drivers/CMSIS/Include -I../Drivers/CMSIS/Include -I../Drivers/CMSIS/Include -I../Drivers/CMSIS/Include -Os -ffunction-sections -g3 -fstack-usage -Wall -fmessage-length=0 -specs=nano.specs -o Drivers\STM32L4xx_HAL_Driver\Src\stm32l4xx_hal_i2c.o 
arm-atollic-eabi-gcc -c ..\Drivers\CMSIS\Device\ST\STM32L4xx\Source\Templates\system_stm32l4xx.c -mthumb -mcpu=cortex-m4 -mfloat-abi=hard -mfpu=fpv4-sp-d16 -std=gnu11 -D__weak=__attribute__((weak)) -D__packed=__attribute__((__packed__)) -DUSE_HAL_DRIVER -DSTM32L443xx -I../Inc -I../Inc -I../Drivers/STM32L4xx_HAL_Driver/Inc -I../Drivers/STM32L4xx_HAL_Driver/Inc/Legacy -I../Middlewares/Third_Party/FreeRTOS/Source/portable/GCC/ARM_CM4F -I../Middlewares/ST/STM32_USB_Device_Library/Core/Inc -I../Middlewares/ST/STM32_USB_Device_Library/Class/DFU/Inc -I../Drivers/CMSIS/Device/ST/STM32L4xx/Include -I../Middlewares/Third_Party/FreeRTOS/Source/include -I../Middlewares/Third_Party/FreeRTOS/Source/CMSIS_RTOS -I../Drivers/CMSIS/Include -I../Drivers/CMSIS/Include -I../Drivers/CMSIS/Include -I../Drivers/CMSIS/Include -I../Drivers/CMSIS/Include -I../Drivers/CMSIS/Include -I../Drivers/CMSIS/Include -I../Drivers/CMSIS/Include -I../Drivers/CMSIS/Include -I../Drivers/CMSIS/Include -I../Drivers/CMSIS/Include -Os -ffunction-sections -g3 -fstack-usage -Wall -fmessage-length=0 -specs=nano.specs -o Drivers\CMSIS\Device\ST\STM32L4xx\Source\Templates\system_stm32l4xx.o 
arm-atollic-eabi-gcc -c ..\Drivers\STM32L4xx_HAL_Driver\Src\stm32l4xx_hal_pwr_ex.c -mthumb -mcpu=cortex-m4 -mfloat-abi=hard -mfpu=fpv4-sp-d16 -std=gnu11 -D__weak=__attribute__((weak)) -D__packed=__attribute__((__packed__)) -DUSE_HAL_DRIVER -DSTM32L443xx -I../Inc -I../Inc -I../Drivers/STM32L4xx_HAL_Driver/Inc -I../Drivers/STM32L4xx_HAL_Driver/Inc/Legacy -I../Middlewares/Third_Party/FreeRTOS/Source/portable/GCC/ARM_CM4F -I../Middlewares/ST/STM32_USB_Device_Library/Core/Inc -I../Middlewares/ST/STM32_USB_Device_Library/Class/DFU/Inc -I../Drivers/CMSIS/Device/ST/STM32L4xx/Include -I../Middlewares/Third_Party/FreeRTOS/Source/include -I../Middlewares/Third_Party/FreeRTOS/Source/CMSIS_RTOS -I../Drivers/CMSIS/Include -I../Drivers/CMSIS/Include -I../Drivers/CMSIS/Include -I../Drivers/CMSIS/Include -I../Drivers/CMSIS/Include -I../Drivers/CMSIS/Include -I../Drivers/CMSIS/Include -I../Drivers/CMSIS/Include -I../Drivers/CMSIS/Include -I../Drivers/CMSIS/Include -I../Drivers/CMSIS/Include -Os -ffunction-sections -g3 -fstack-usage -Wall -fmessage-length=0 -specs=nano.specs -o Drivers\STM32L4xx_HAL_Driver\Src\stm32l4xx_hal_pwr_ex.o 
arm-atollic-eabi-gcc -c ..\Src\stm32l4xx_it.c -mthumb -mcpu=cortex-m4 -mfloat-abi=hard -mfpu=fpv4-sp-d16 -std=gnu11 -D__weak=__attribute__((weak)) -D__packed=__attribute__((__packed__)) -DUSE_HAL_DRIVER -DSTM32L443xx -I../Inc -I../Inc -I../Drivers/STM32L4xx_HAL_Driver/Inc -I../Drivers/STM32L4xx_HAL_Driver/Inc/Legacy -I../Middlewares/Third_Party/FreeRTOS/Source/portable/GCC/ARM_CM4F -I../Middlewares/ST/STM32_USB_Device_Library/Core/Inc -I../Middlewares/ST/STM32_USB_Device_Library/Class/DFU/Inc -I../Drivers/CMSIS/Device/ST/STM32L4xx/Include -I../Middlewares/Third_Party/FreeRTOS/Source/include -I../Middlewares/Third_Party/FreeRTOS/Source/CMSIS_RTOS -I../Drivers/CMSIS/Include -I../Drivers/CMSIS/Include -I../Drivers/CMSIS/Include -I../Drivers/CMSIS/Include -I../Drivers/CMSIS/Include -I../Drivers/CMSIS/Include -I../Drivers/CMSIS/Include -I../Drivers/CMSIS/Include -I../Drivers/CMSIS/Include -I../Drivers/CMSIS/Include -I../Drivers/CMSIS/Include -Os -ffunction-sections -g3 -fstack-usage -Wall -fmessage-length=0 -specs=nano.specs -o Src\stm32l4xx_it.o 
arm-atollic-eabi-gcc -c ..\Drivers\STM32L4xx_HAL_Driver\Src\stm32l4xx_hal_i2c_ex.c -mthumb -mcpu=cortex-m4 -mfloat-abi=hard -mfpu=fpv4-sp-d16 -std=gnu11 -D__weak=__attribute__((weak)) -D__packed=__attribute__((__packed__)) -DUSE_HAL_DRIVER -DSTM32L443xx -I../Inc -I../Inc -I../Drivers/STM32L4xx_HAL_Driver/Inc -I../Drivers/STM32L4xx_HAL_Driver/Inc/Legacy -I../Middlewares/Third_Party/FreeRTOS/Source/portable/GCC/ARM_CM4F -I../Middlewares/ST/STM32_USB_Device_Library/Core/Inc -I../Middlewares/ST/STM32_USB_Device_Library/Class/DFU/Inc -I../Drivers/CMSIS/Device/ST/STM32L4xx/Include -I../Middlewares/Third_Party/FreeRTOS/Source/include -I../Middlewares/Third_Party/FreeRTOS/Source/CMSIS_RTOS -I../Drivers/CMSIS/Include -I../Drivers/CMSIS/Include -I../Drivers/CMSIS/Include -I../Drivers/CMSIS/Include -I../Drivers/CMSIS/Include -I../Drivers/CMSIS/Include -I../Drivers/CMSIS/Include -I../Drivers/CMSIS/Include -I../Drivers/CMSIS/Include -I../Drivers/CMSIS/Include -I../Drivers/CMSIS/Include -Os -ffunction-sections -g3 -fstack-usage -Wall -fmessage-length=0 -specs=nano.specs -o Drivers\STM32L4xx_HAL_Driver\Src\stm32l4xx_hal_i2c_ex.o 
arm-atollic-eabi-gcc -c ..\Middlewares\Third_Party\FreeRTOS\Source\tasks.c -mthumb -mcpu=cortex-m4 -mfloat-abi=hard -mfpu=fpv4-sp-d16 -std=gnu11 -D__weak=__attribute__((weak)) -D__packed=__attribute__((__packed__)) -DUSE_HAL_DRIVER -DSTM32L443xx -I../Inc -I../Inc -I../Drivers/STM32L4xx_HAL_Driver/Inc -I../Drivers/STM32L4xx_HAL_Driver/Inc/Legacy -I../Middlewares/Third_Party/FreeRTOS/Source/portable/GCC/ARM_CM4F -I../Middlewares/ST/STM32_USB_Device_Library/Core/Inc -I../Middlewares/ST/STM32_USB_Device_Library/Class/DFU/Inc -I../Drivers/CMSIS/Device/ST/STM32L4xx/Include -I../Middlewares/Third_Party/FreeRTOS/Source/include -I../Middlewares/Third_Party/FreeRTOS/Source/CMSIS_RTOS -I../Drivers/CMSIS/Include -I../Drivers/CMSIS/Include -I../Drivers/CMSIS/Include -I../Drivers/CMSIS/Include -I../Drivers/CMSIS/Include -I../Drivers/CMSIS/Include -I../Drivers/CMSIS/Include -I../Drivers/CMSIS/Include -I../Drivers/CMSIS/Include -I../Drivers/CMSIS/Include -I../Drivers/CMSIS/Include -Os -ffunction-sections -g3 -fstack-usage -Wall -fmessage-length=0 -specs=nano.specs -o Middlewares\Third_Party\FreeRTOS\Source\tasks.o 
arm-atollic-eabi-gcc -c ..\Drivers\STM32L4xx_HAL_Driver\Src\stm32l4xx_hal_flash_ex.c -mthumb -mcpu=cortex-m4 -mfloat-abi=hard -mfpu=fpv4-sp-d16 -std=gnu11 -D__weak=__attribute__((weak)) -D__packed=__attribute__((__packed__)) -DUSE_HAL_DRIVER -DSTM32L443xx -I../Inc -I../Inc -I../Drivers/STM32L4xx_HAL_Driver/Inc -I../Drivers/STM32L4xx_HAL_Driver/Inc/Legacy -I../Middlewares/Third_Party/FreeRTOS/Source/portable/GCC/ARM_CM4F -I../Middlewares/ST/STM32_USB_Device_Library/Core/Inc -I../Middlewares/ST/STM32_USB_Device_Library/Class/DFU/Inc -I../Drivers/CMSIS/Device/ST/STM32L4xx/Include -I../Middlewares/Third_Party/FreeRTOS/Source/include -I../Middlewares/Third_Party/FreeRTOS/Source/CMSIS_RTOS -I../Drivers/CMSIS/Include -I../Drivers/CMSIS/Include -I../Drivers/CMSIS/Include -I../Drivers/CMSIS/Include -I../Drivers/CMSIS/Include -I../Drivers/CMSIS/Include -I../Drivers/CMSIS/Include -I../Drivers/CMSIS/Include -I../Drivers/CMSIS/Include -I../Drivers/CMSIS/Include -I../Drivers/CMSIS/Include -Os -ffunction-sections -g3 -fstack-usage -Wall -fmessage-length=0 -specs=nano.specs -o Drivers\STM32L4xx_HAL_Driver\Src\stm32l4xx_hal_flash_ex.o 
arm-atollic-eabi-gcc -c ..\Drivers\STM32L4xx_HAL_Driver\Src\stm32l4xx_hal_gpio.c -mthumb -mcpu=cortex-m4 -mfloat-abi=hard -mfpu=fpv4-sp-d16 -std=gnu11 -D__weak=__attribute__((weak)) -D__packed=__attribute__((__packed__)) -DUSE_HAL_DRIVER -DSTM32L443xx -I../Inc -I../Inc -I../Drivers/STM32L4xx_HAL_Driver/Inc -I../Drivers/STM32L4xx_HAL_Driver/Inc/Legacy -I../Middlewares/Third_Party/FreeRTOS/Source/portable/GCC/ARM_CM4F -I../Middlewares/ST/STM32_USB_Device_Library/Core/Inc -I../Middlewares/ST/STM32_USB_Device_Library/Class/DFU/Inc -I../Drivers/CMSIS/Device/ST/STM32L4xx/Include -I../Middlewares/Third_Party/FreeRTOS/Source/include -I../Middlewares/Third_Party/FreeRTOS/Source/CMSIS_RTOS -I../Drivers/CMSIS/Include -I../Drivers/CMSIS/Include -I../Drivers/CMSIS/Include -I../Drivers/CMSIS/Include -I../Drivers/CMSIS/Include -I../Drivers/CMSIS/Include -I../Drivers/CMSIS/Include -I../Drivers/CMSIS/Include -I../Drivers/CMSIS/Include -I../Drivers/CMSIS/Include -I../Drivers/CMSIS/Include -Os -ffunction-sections -g3 -fstack-usage -Wall -fmessage-length=0 -specs=nano.specs -o Drivers\STM32L4xx_HAL_Driver\Src\stm32l4xx_hal_gpio.o 
arm-atollic-eabi-gcc -c ..\Drivers\STM32L4xx_HAL_Driver\Src\stm32l4xx_hal_dma.c -mthumb -mcpu=cortex-m4 -mfloat-abi=hard -mfpu=fpv4-sp-d16 -std=gnu11 -D__weak=__attribute__((weak)) -D__packed=__attribute__((__packed__)) -DUSE_HAL_DRIVER -DSTM32L443xx -I../Inc -I../Inc -I../Drivers/STM32L4xx_HAL_Driver/Inc -I../Drivers/STM32L4xx_HAL_Driver/Inc/Legacy -I../Middlewares/Third_Party/FreeRTOS/Source/portable/GCC/ARM_CM4F -I../Middlewares/ST/STM32_USB_Device_Library/Core/Inc -I../Middlewares/ST/STM32_USB_Device_Library/Class/DFU/Inc -I../Drivers/CMSIS/Device/ST/STM32L4xx/Include -I../Middlewares/Third_Party/FreeRTOS/Source/include -I../Middlewares/Third_Party/FreeRTOS/Source/CMSIS_RTOS -I../Drivers/CMSIS/Include -I../Drivers/CMSIS/Include -I../Drivers/CMSIS/Include -I../Drivers/CMSIS/Include -I../Drivers/CMSIS/Include -I../Drivers/CMSIS/Include -I../Drivers/CMSIS/Include -I../Drivers/CMSIS/Include -I../Drivers/CMSIS/Include -I../Drivers/CMSIS/Include -I../Drivers/CMSIS/Include -Os -ffunction-sections -g3 -fstack-usage -Wall -fmessage-length=0 -specs=nano.specs -o Drivers\STM32L4xx_HAL_Driver\Src\stm32l4xx_hal_dma.o 
arm-atollic-eabi-gcc -c ..\Src\freertos.c -mthumb -mcpu=cortex-m4 -mfloat-abi=hard -mfpu=fpv4-sp-d16 -std=gnu11 -D__weak=__attribute__((weak)) -D__packed=__attribute__((__packed__)) -DUSE_HAL_DRIVER -DSTM32L443xx -I../Inc -I../Inc -I../Drivers/STM32L4xx_HAL_Driver/Inc -I../Drivers/STM32L4xx_HAL_Driver/Inc/Legacy -I../Middlewares/Third_Party/FreeRTOS/Source/portable/GCC/ARM_CM4F -I../Middlewares/ST/STM32_USB_Device_Library/Core/Inc -I../Middlewares/ST/STM32_USB_Device_Library/Class/DFU/Inc -I../Drivers/CMSIS/Device/ST/STM32L4xx/Include -I../Middlewares/Third_Party/FreeRTOS/Source/include -I../Middlewares/Third_Party/FreeRTOS/Source/CMSIS_RTOS -I../Drivers/CMSIS/Include -I../Drivers/CMSIS/Include -I../Drivers/CMSIS/Include -I../Drivers/CMSIS/Include -I../Drivers/CMSIS/Include -I../Drivers/CMSIS/Include -I../Drivers/CMSIS/Include -I../Drivers/CMSIS/Include -I../Drivers/CMSIS/Include -I../Drivers/CMSIS/Include -I../Drivers/CMSIS/Include -Os -ffunction-sections -g3 -fstack-usage -Wall -fmessage-length=0 -specs=nano.specs -o Src\freertos.o 
arm-atollic-eabi-gcc -c ..\Src\usbd_desc.c -mthumb -mcpu=cortex-m4 -mfloat-abi=hard -mfpu=fpv4-sp-d16 -std=gnu11 -D__weak=__attribute__((weak)) -D__packed=__attribute__((__packed__)) -DUSE_HAL_DRIVER -DSTM32L443xx -I../Inc -I../Inc -I../Drivers/STM32L4xx_HAL_Driver/Inc -I../Drivers/STM32L4xx_HAL_Driver/Inc/Legacy -I../Middlewares/Third_Party/FreeRTOS/Source/portable/GCC/ARM_CM4F -I../Middlewares/ST/STM32_USB_Device_Library/Core/Inc -I../Middlewares/ST/STM32_USB_Device_Library/Class/DFU/Inc -I../Drivers/CMSIS/Device/ST/STM32L4xx/Include -I../Middlewares/Third_Party/FreeRTOS/Source/include -I../Middlewares/Third_Party/FreeRTOS/Source/CMSIS_RTOS -I../Drivers/CMSIS/Include -I../Drivers/CMSIS/Include -I../Drivers/CMSIS/Include -I../Drivers/CMSIS/Include -I../Drivers/CMSIS/Include -I../Drivers/CMSIS/Include -I../Drivers/CMSIS/Include -I../Drivers/CMSIS/Include -I../Drivers/CMSIS/Include -I../Drivers/CMSIS/Include -I../Drivers/CMSIS/Include -Os -ffunction-sections -g3 -fstack-usage -Wall -fmessage-length=0 -specs=nano.specs -o Src\usbd_desc.o 
..\Src\usbd_desc.c: In function 'USBD_FS_ProductStrDescriptor':
..\Src\usbd_desc.c:73:36: warning: pointer targets in passing argument 1 of 'USBD_GetString' differ in signedness [-Wpointer-sign]
 #define USBD_PRODUCT_STRING_FS     "STM32 DownLoad Firmware Update"
                                    ^
..\Src\usbd_desc.c:251:21: note: in expansion of macro 'USBD_PRODUCT_STRING_FS'
     USBD_GetString (USBD_PRODUCT_STRING_FS, USBD_StrDesc, length);
                     ^~~~~~~~~~~~~~~~~~~~~~
In file included from ../Middlewares/ST/STM32_USB_Device_Library/Core/Inc/usbd_core.h:40:0,
                 from ..\Src\usbd_desc.c:46:
../Middlewares/ST/STM32_USB_Device_Library/Core/Inc/usbd_ctlreq.h:93:6: note: expected 'uint8_t * {aka unsigned char *}' but argument is of type 'char *'
 void USBD_GetString         (uint8_t *desc, uint8_t *unicode, uint16_t *len);
      ^~~~~~~~~~~~~~
..\Src\usbd_desc.c:73:36: warning: pointer targets in passing argument 1 of 'USBD_GetString' differ in signedness [-Wpointer-sign]
 #define USBD_PRODUCT_STRING_FS     "STM32 DownLoad Firmware Update"
                                    ^
..\Src\usbd_desc.c:255:21: note: in expansion of macro 'USBD_PRODUCT_STRING_FS'
     USBD_GetString (USBD_PRODUCT_STRING_FS, USBD_StrDesc, length);
                     ^~~~~~~~~~~~~~~~~~~~~~
In file included from ../Middlewares/ST/STM32_USB_Device_Library/Core/Inc/usbd_core.h:40:0,
                 from ..\Src\usbd_desc.c:46:
../Middlewares/ST/STM32_USB_Device_Library/Core/Inc/usbd_ctlreq.h:93:6: note: expected 'uint8_t * {aka unsigned char *}' but argument is of type 'char *'
 void USBD_GetString         (uint8_t *desc, uint8_t *unicode, uint16_t *len);
      ^~~~~~~~~~~~~~
..\Src\usbd_desc.c: In function 'USBD_FS_ManufacturerStrDescriptor':
..\Src\usbd_desc.c:71:38: warning: pointer targets in passing argument 1 of 'USBD_GetString' differ in signedness [-Wpointer-sign]
 #define USBD_MANUFACTURER_STRING     "STMicroelectronics"
                                      ^
..\Src\usbd_desc.c:269:19: note: in expansion of macro 'USBD_MANUFACTURER_STRING'
   USBD_GetString (USBD_MANUFACTURER_STRING, USBD_StrDesc, length);
                   ^~~~~~~~~~~~~~~~~~~~~~~~
In file included from ../Middlewares/ST/STM32_USB_Device_Library/Core/Inc/usbd_core.h:40:0,
                 from ..\Src\usbd_desc.c:46:
../Middlewares/ST/STM32_USB_Device_Library/Core/Inc/usbd_ctlreq.h:93:6: note: expected 'uint8_t * {aka unsigned char *}' but argument is of type 'char *'
 void USBD_GetString         (uint8_t *desc, uint8_t *unicode, uint16_t *len);
      ^~~~~~~~~~~~~~
..\Src\usbd_desc.c: In function 'USBD_FS_SerialStrDescriptor':
..\Src\usbd_desc.c:74:41: warning: pointer targets in passing argument 1 of 'USBD_GetString' differ in signedness [-Wpointer-sign]
 #define USBD_SERIALNUMBER_STRING_FS     "00000000001A"
                                         ^
..\Src\usbd_desc.c:284:21: note: in expansion of macro 'USBD_SERIALNUMBER_STRING_FS'
     USBD_GetString (USBD_SERIALNUMBER_STRING_FS, USBD_StrDesc, length);
                     ^~~~~~~~~~~~~~~~~~~~~~~~~~~
In file included from ../Middlewares/ST/STM32_USB_Device_Library/Core/Inc/usbd_core.h:40:0,
                 from ..\Src\usbd_desc.c:46:
../Middlewares/ST/STM32_USB_Device_Library/Core/Inc/usbd_ctlreq.h:93:6: note: expected 'uint8_t * {aka unsigned char *}' but argument is of type 'char *'
 void USBD_GetString         (uint8_t *desc, uint8_t *unicode, uint16_t *len);
      ^~~~~~~~~~~~~~
..\Src\usbd_desc.c:74:41: warning: pointer targets in passing argument 1 of 'USBD_GetString' differ in signedness [-Wpointer-sign]
 #define USBD_SERIALNUMBER_STRING_FS     "00000000001A"
                                         ^
..\Src\usbd_desc.c:288:21: note: in expansion of macro 'USBD_SERIALNUMBER_STRING_FS'
     USBD_GetString (USBD_SERIALNUMBER_STRING_FS, USBD_StrDesc, length);
                     ^~~~~~~~~~~~~~~~~~~~~~~~~~~
In file included from ../Middlewares/ST/STM32_USB_Device_Library/Core/Inc/usbd_core.h:40:0,
                 from ..\Src\usbd_desc.c:46:
../Middlewares/ST/STM32_USB_Device_Library/Core/Inc/usbd_ctlreq.h:93:6: note: expected 'uint8_t * {aka unsigned char *}' but argument is of type 'char *'
 void USBD_GetString         (uint8_t *desc, uint8_t *unicode, uint16_t *len);
      ^~~~~~~~~~~~~~
..\Src\usbd_desc.c: In function 'USBD_FS_ConfigStrDescriptor':
..\Src\usbd_desc.c:75:42: warning: pointer targets in passing argument 1 of 'USBD_GetString' differ in signedness [-Wpointer-sign]
 #define USBD_CONFIGURATION_STRING_FS     "DFU Config"
                                          ^
..\Src\usbd_desc.c:304:21: note: in expansion of macro 'USBD_CONFIGURATION_STRING_FS'
     USBD_GetString (USBD_CONFIGURATION_STRING_FS, USBD_StrDesc, length);
                     ^~~~~~~~~~~~~~~~~~~~~~~~~~~~
In file included from ../Middlewares/ST/STM32_USB_Device_Library/Core/Inc/usbd_core.h:40:0,
                 from ..\Src\usbd_desc.c:46:
../Middlewares/ST/STM32_USB_Device_Library/Core/Inc/usbd_ctlreq.h:93:6: note: expected 'uint8_t * {aka unsigned char *}' but argument is of type 'char *'
 void USBD_GetString         (uint8_t *desc, uint8_t *unicode, uint16_t *len);
      ^~~~~~~~~~~~~~
..\Src\usbd_desc.c:75:42: warning: pointer targets in passing argument 1 of 'USBD_GetString' differ in signedness [-Wpointer-sign]
 #define USBD_CONFIGURATION_STRING_FS     "DFU Config"
                                          ^
..\Src\usbd_desc.c:308:21: note: in expansion of macro 'USBD_CONFIGURATION_STRING_FS'
     USBD_GetString (USBD_CONFIGURATION_STRING_FS, USBD_StrDesc, length);
                     ^~~~~~~~~~~~~~~~~~~~~~~~~~~~
In file included from ../Middlewares/ST/STM32_USB_Device_Library/Core/Inc/usbd_core.h:40:0,
                 from ..\Src\usbd_desc.c:46:
../Middlewares/ST/STM32_USB_Device_Library/Core/Inc/usbd_ctlreq.h:93:6: note: expected 'uint8_t * {aka unsigned char *}' but argument is of type 'char *'
 void USBD_GetString         (uint8_t *desc, uint8_t *unicode, uint16_t *len);
      ^~~~~~~~~~~~~~
..\Src\usbd_desc.c: In function 'USBD_FS_InterfaceStrDescriptor':
..\Src\usbd_desc.c:76:38: warning: pointer targets in passing argument 1 of 'USBD_GetString' differ in signedness [-Wpointer-sign]
 #define USBD_INTERFACE_STRING_FS     "DFU Interface"
                                      ^
..\Src\usbd_desc.c:324:21: note: in expansion of macro 'USBD_INTERFACE_STRING_FS'
     USBD_GetString (USBD_INTERFACE_STRING_FS, USBD_StrDesc, length);
                     ^~~~~~~~~~~~~~~~~~~~~~~~
In file included from ../Middlewares/ST/STM32_USB_Device_Library/Core/Inc/usbd_core.h:40:0,
                 from ..\Src\usbd_desc.c:46:
../Middlewares/ST/STM32_USB_Device_Library/Core/Inc/usbd_ctlreq.h:93:6: note: expected 'uint8_t * {aka unsigned char *}' but argument is of type 'char *'
 void USBD_GetString         (uint8_t *desc, uint8_t *unicode, uint16_t *len);
      ^~~~~~~~~~~~~~
..\Src\usbd_desc.c:76:38: warning: pointer targets in passing argument 1 of 'USBD_GetString' differ in signedness [-Wpointer-sign]
 #define USBD_INTERFACE_STRING_FS     "DFU Interface"
                                      ^
..\Src\usbd_desc.c:328:21: note: in expansion of macro 'USBD_INTERFACE_STRING_FS'
     USBD_GetString (USBD_INTERFACE_STRING_FS, USBD_StrDesc, length);
                     ^~~~~~~~~~~~~~~~~~~~~~~~
In file included from ../Middlewares/ST/STM32_USB_Device_Library/Core/Inc/usbd_core.h:40:0,
                 from ..\Src\usbd_desc.c:46:
../Middlewares/ST/STM32_USB_Device_Library/Core/Inc/usbd_ctlreq.h:93:6: note: expected 'uint8_t * {aka unsigned char *}' but argument is of type 'char *'
 void USBD_GetString         (uint8_t *desc, uint8_t *unicode, uint16_t *len);
      ^~~~~~~~~~~~~~
arm-atollic-eabi-gcc -c ..\Drivers\STM32L4xx_HAL_Driver\Src\stm32l4xx_hal_uart.c -mthumb -mcpu=cortex-m4 -mfloat-abi=hard -mfpu=fpv4-sp-d16 -std=gnu11 -D__weak=__attribute__((weak)) -D__packed=__attribute__((__packed__)) -DUSE_HAL_DRIVER -DSTM32L443xx -I../Inc -I../Inc -I../Drivers/STM32L4xx_HAL_Driver/Inc -I../Drivers/STM32L4xx_HAL_Driver/Inc/Legacy -I../Middlewares/Third_Party/FreeRTOS/Source/portable/GCC/ARM_CM4F -I../Middlewares/ST/STM32_USB_Device_Library/Core/Inc -I../Middlewares/ST/STM32_USB_Device_Library/Class/DFU/Inc -I../Drivers/CMSIS/Device/ST/STM32L4xx/Include -I../Middlewares/Third_Party/FreeRTOS/Source/include -I../Middlewares/Third_Party/FreeRTOS/Source/CMSIS_RTOS -I../Drivers/CMSIS/Include -I../Drivers/CMSIS/Include -I../Drivers/CMSIS/Include -I../Drivers/CMSIS/Include -I../Drivers/CMSIS/Include -I../Drivers/CMSIS/Include -I../Drivers/CMSIS/Include -I../Drivers/CMSIS/Include -I../Drivers/CMSIS/Include -I../Drivers/CMSIS/Include -I../Drivers/CMSIS/Include -Os -ffunction-sections -g3 -fstack-usage -Wall -fmessage-length=0 -specs=nano.specs -o Drivers\STM32L4xx_HAL_Driver\Src\stm32l4xx_hal_uart.o 
arm-atollic-eabi-gcc -c ..\Src\main.c -mthumb -mcpu=cortex-m4 -mfloat-abi=hard -mfpu=fpv4-sp-d16 -std=gnu11 -D__weak=__attribute__((weak)) -D__packed=__attribute__((__packed__)) -DUSE_HAL_DRIVER -DSTM32L443xx -I../Inc -I../Inc -I../Drivers/STM32L4xx_HAL_Driver/Inc -I../Drivers/STM32L4xx_HAL_Driver/Inc/Legacy -I../Middlewares/Third_Party/FreeRTOS/Source/portable/GCC/ARM_CM4F -I../Middlewares/ST/STM32_USB_Device_Library/Core/Inc -I../Middlewares/ST/STM32_USB_Device_Library/Class/DFU/Inc -I../Drivers/CMSIS/Device/ST/STM32L4xx/Include -I../Middlewares/Third_Party/FreeRTOS/Source/include -I../Middlewares/Third_Party/FreeRTOS/Source/CMSIS_RTOS -I../Drivers/CMSIS/Include -I../Drivers/CMSIS/Include -I../Drivers/CMSIS/Include -I../Drivers/CMSIS/Include -I../Drivers/CMSIS/Include -I../Drivers/CMSIS/Include -I../Drivers/CMSIS/Include -I../Drivers/CMSIS/Include -I../Drivers/CMSIS/Include -I../Drivers/CMSIS/Include -I../Drivers/CMSIS/Include -Os -ffunction-sections -g3 -fstack-usage -Wall -fmessage-length=0 -specs=nano.specs -o Src\main.o 
arm-atollic-eabi-gcc -c ..\Drivers\STM32L4xx_HAL_Driver\Src\stm32l4xx_hal_tim.c -mthumb -mcpu=cortex-m4 -mfloat-abi=hard -mfpu=fpv4-sp-d16 -std=gnu11 -D__weak=__attribute__((weak)) -D__packed=__attribute__((__packed__)) -DUSE_HAL_DRIVER -DSTM32L443xx -I../Inc -I../Inc -I../Drivers/STM32L4xx_HAL_Driver/Inc -I../Drivers/STM32L4xx_HAL_Driver/Inc/Legacy -I../Middlewares/Third_Party/FreeRTOS/Source/portable/GCC/ARM_CM4F -I../Middlewares/ST/STM32_USB_Device_Library/Core/Inc -I../Middlewares/ST/STM32_USB_Device_Library/Class/DFU/Inc -I../Drivers/CMSIS/Device/ST/STM32L4xx/Include -I../Middlewares/Third_Party/FreeRTOS/Source/include -I../Middlewares/Third_Party/FreeRTOS/Source/CMSIS_RTOS -I../Drivers/CMSIS/Include -I../Drivers/CMSIS/Include -I../Drivers/CMSIS/Include -I../Drivers/CMSIS/Include -I../Drivers/CMSIS/Include -I../Drivers/CMSIS/Include -I../Drivers/CMSIS/Include -I../Drivers/CMSIS/Include -I../Drivers/CMSIS/Include -I../Drivers/CMSIS/Include -I../Drivers/CMSIS/Include -Os -ffunction-sections -g3 -fstack-usage -Wall -fmessage-length=0 -specs=nano.specs -o Drivers\STM32L4xx_HAL_Driver\Src\stm32l4xx_hal_tim.o 
arm-atollic-eabi-gcc -c ..\Middlewares\ST\STM32_USB_Device_Library\Core\Src\usbd_ioreq.c -mthumb -mcpu=cortex-m4 -mfloat-abi=hard -mfpu=fpv4-sp-d16 -std=gnu11 -D__weak=__attribute__((weak)) -D__packed=__attribute__((__packed__)) -DUSE_HAL_DRIVER -DSTM32L443xx -I../Inc -I../Inc -I../Drivers/STM32L4xx_HAL_Driver/Inc -I../Drivers/STM32L4xx_HAL_Driver/Inc/Legacy -I../Middlewares/Third_Party/FreeRTOS/Source/portable/GCC/ARM_CM4F -I../Middlewares/ST/STM32_USB_Device_Library/Core/Inc -I../Middlewares/ST/STM32_USB_Device_Library/Class/DFU/Inc -I../Drivers/CMSIS/Device/ST/STM32L4xx/Include -I../Middlewares/Third_Party/FreeRTOS/Source/include -I../Middlewares/Third_Party/FreeRTOS/Source/CMSIS_RTOS -I../Drivers/CMSIS/Include -I../Drivers/CMSIS/Include -I../Drivers/CMSIS/Include -I../Drivers/CMSIS/Include -I../Drivers/CMSIS/Include -I../Drivers/CMSIS/Include -I../Drivers/CMSIS/Include -I../Drivers/CMSIS/Include -I../Drivers/CMSIS/Include -I../Drivers/CMSIS/Include -I../Drivers/CMSIS/Include -Os -ffunction-sections -g3 -fstack-usage -Wall -fmessage-length=0 -specs=nano.specs -o Middlewares\ST\STM32_USB_Device_Library\Core\Src\usbd_ioreq.o 
arm-atollic-eabi-gcc -c ..\Middlewares\Third_Party\FreeRTOS\Source\list.c -mthumb -mcpu=cortex-m4 -mfloat-abi=hard -mfpu=fpv4-sp-d16 -std=gnu11 -D__weak=__attribute__((weak)) -D__packed=__attribute__((__packed__)) -DUSE_HAL_DRIVER -DSTM32L443xx -I../Inc -I../Inc -I../Drivers/STM32L4xx_HAL_Driver/Inc -I../Drivers/STM32L4xx_HAL_Driver/Inc/Legacy -I../Middlewares/Third_Party/FreeRTOS/Source/portable/GCC/ARM_CM4F -I../Middlewares/ST/STM32_USB_Device_Library/Core/Inc -I../Middlewares/ST/STM32_USB_Device_Library/Class/DFU/Inc -I../Drivers/CMSIS/Device/ST/STM32L4xx/Include -I../Middlewares/Third_Party/FreeRTOS/Source/include -I../Middlewares/Third_Party/FreeRTOS/Source/CMSIS_RTOS -I../Drivers/CMSIS/Include -I../Drivers/CMSIS/Include -I../Drivers/CMSIS/Include -I../Drivers/CMSIS/Include -I../Drivers/CMSIS/Include -I../Drivers/CMSIS/Include -I../Drivers/CMSIS/Include -I../Drivers/CMSIS/Include -I../Drivers/CMSIS/Include -I../Drivers/CMSIS/Include -I../Drivers/CMSIS/Include -Os -ffunction-sections -g3 -fstack-usage -Wall -fmessage-length=0 -specs=nano.specs -o Middlewares\Third_Party\FreeRTOS\Source\list.o 
arm-atollic-eabi-gcc -c ..\Drivers\STM32L4xx_HAL_Driver\Src\stm32l4xx_hal_pcd_ex.c -mthumb -mcpu=cortex-m4 -mfloat-abi=hard -mfpu=fpv4-sp-d16 -std=gnu11 -D__weak=__attribute__((weak)) -D__packed=__attribute__((__packed__)) -DUSE_HAL_DRIVER -DSTM32L443xx -I../Inc -I../Inc -I../Drivers/STM32L4xx_HAL_Driver/Inc -I../Drivers/STM32L4xx_HAL_Driver/Inc/Legacy -I../Middlewares/Third_Party/FreeRTOS/Source/portable/GCC/ARM_CM4F -I../Middlewares/ST/STM32_USB_Device_Library/Core/Inc -I../Middlewares/ST/STM32_USB_Device_Library/Class/DFU/Inc -I../Drivers/CMSIS/Device/ST/STM32L4xx/Include -I../Middlewares/Third_Party/FreeRTOS/Source/include -I../Middlewares/Third_Party/FreeRTOS/Source/CMSIS_RTOS -I../Drivers/CMSIS/Include -I../Drivers/CMSIS/Include -I../Drivers/CMSIS/Include -I../Drivers/CMSIS/Include -I../Drivers/CMSIS/Include -I../Drivers/CMSIS/Include -I../Drivers/CMSIS/Include -I../Drivers/CMSIS/Include -I../Drivers/CMSIS/Include -I../Drivers/CMSIS/Include -I../Drivers/CMSIS/Include -Os -ffunction-sections -g3 -fstack-usage -Wall -fmessage-length=0 -specs=nano.specs -o Drivers\STM32L4xx_HAL_Driver\Src\stm32l4xx_hal_pcd_ex.o 
arm-atollic-eabi-gcc -c ..\Drivers\STM32L4xx_HAL_Driver\Src\stm32l4xx_hal_spi.c -mthumb -mcpu=cortex-m4 -mfloat-abi=hard -mfpu=fpv4-sp-d16 -std=gnu11 -D__weak=__attribute__((weak)) -D__packed=__attribute__((__packed__)) -DUSE_HAL_DRIVER -DSTM32L443xx -I../Inc -I../Inc -I../Drivers/STM32L4xx_HAL_Driver/Inc -I../Drivers/STM32L4xx_HAL_Driver/Inc/Legacy -I../Middlewares/Third_Party/FreeRTOS/Source/portable/GCC/ARM_CM4F -I../Middlewares/ST/STM32_USB_Device_Library/Core/Inc -I../Middlewares/ST/STM32_USB_Device_Library/Class/DFU/Inc -I../Drivers/CMSIS/Device/ST/STM32L4xx/Include -I../Middlewares/Third_Party/FreeRTOS/Source/include -I../Middlewares/Third_Party/FreeRTOS/Source/CMSIS_RTOS -I../Drivers/CMSIS/Include -I../Drivers/CMSIS/Include -I../Drivers/CMSIS/Include -I../Drivers/CMSIS/Include -I../Drivers/CMSIS/Include -I../Drivers/CMSIS/Include -I../Drivers/CMSIS/Include -I../Drivers/CMSIS/Include -I../Drivers/CMSIS/Include -I../Drivers/CMSIS/Include -I../Drivers/CMSIS/Include -Os -ffunction-sections -g3 -fstack-usage -Wall -fmessage-length=0 -specs=nano.specs -o Drivers\STM32L4xx_HAL_Driver\Src\stm32l4xx_hal_spi.o 
arm-atollic-eabi-gcc -c ..\Drivers\STM32L4xx_HAL_Driver\Src\stm32l4xx_hal_uart_ex.c -mthumb -mcpu=cortex-m4 -mfloat-abi=hard -mfpu=fpv4-sp-d16 -std=gnu11 -D__weak=__attribute__((weak)) -D__packed=__attribute__((__packed__)) -DUSE_HAL_DRIVER -DSTM32L443xx -I../Inc -I../Inc -I../Drivers/STM32L4xx_HAL_Driver/Inc -I../Drivers/STM32L4xx_HAL_Driver/Inc/Legacy -I../Middlewares/Third_Party/FreeRTOS/Source/portable/GCC/ARM_CM4F -I../Middlewares/ST/STM32_USB_Device_Library/Core/Inc -I../Middlewares/ST/STM32_USB_Device_Library/Class/DFU/Inc -I../Drivers/CMSIS/Device/ST/STM32L4xx/Include -I../Middlewares/Third_Party/FreeRTOS/Source/include -I../Middlewares/Third_Party/FreeRTOS/Source/CMSIS_RTOS -I../Drivers/CMSIS/Include -I../Drivers/CMSIS/Include -I../Drivers/CMSIS/Include -I../Drivers/CMSIS/Include -I../Drivers/CMSIS/Include -I../Drivers/CMSIS/Include -I../Drivers/CMSIS/Include -I../Drivers/CMSIS/Include -I../Drivers/CMSIS/Include -I../Drivers/CMSIS/Include -I../Drivers/CMSIS/Include -Os -ffunction-sections -g3 -fstack-usage -Wall -fmessage-length=0 -specs=nano.specs -o Drivers\STM32L4xx_HAL_Driver\Src\stm32l4xx_hal_uart_ex.o 
arm-atollic-eabi-gcc -c ..\Src\usbd_conf.c -mthumb -mcpu=cortex-m4 -mfloat-abi=hard -mfpu=fpv4-sp-d16 -std=gnu11 -D__weak=__attribute__((weak)) -D__packed=__attribute__((__packed__)) -DUSE_HAL_DRIVER -DSTM32L443xx -I../Inc -I../Inc -I../Drivers/STM32L4xx_HAL_Driver/Inc -I../Drivers/STM32L4xx_HAL_Driver/Inc/Legacy -I../Middlewares/Third_Party/FreeRTOS/Source/portable/GCC/ARM_CM4F -I../Middlewares/ST/STM32_USB_Device_Library/Core/Inc -I../Middlewares/ST/STM32_USB_Device_Library/Class/DFU/Inc -I../Drivers/CMSIS/Device/ST/STM32L4xx/Include -I../Middlewares/Third_Party/FreeRTOS/Source/include -I../Middlewares/Third_Party/FreeRTOS/Source/CMSIS_RTOS -I../Drivers/CMSIS/Include -I../Drivers/CMSIS/Include -I../Drivers/CMSIS/Include -I../Drivers/CMSIS/Include -I../Drivers/CMSIS/Include -I../Drivers/CMSIS/Include -I../Drivers/CMSIS/Include -I../Drivers/CMSIS/Include -I../Drivers/CMSIS/Include -I../Drivers/CMSIS/Include -I../Drivers/CMSIS/Include -Os -ffunction-sections -g3 -fstack-usage -Wall -fmessage-length=0 -specs=nano.specs -o Src\usbd_conf.o 
arm-atollic-eabi-gcc -c ..\Drivers\STM32L4xx_HAL_Driver\Src\stm32l4xx_hal_pwr.c -mthumb -mcpu=cortex-m4 -mfloat-abi=hard -mfpu=fpv4-sp-d16 -std=gnu11 -D__weak=__attribute__((weak)) -D__packed=__attribute__((__packed__)) -DUSE_HAL_DRIVER -DSTM32L443xx -I../Inc -I../Inc -I../Drivers/STM32L4xx_HAL_Driver/Inc -I../Drivers/STM32L4xx_HAL_Driver/Inc/Legacy -I../Middlewares/Third_Party/FreeRTOS/Source/portable/GCC/ARM_CM4F -I../Middlewares/ST/STM32_USB_Device_Library/Core/Inc -I../Middlewares/ST/STM32_USB_Device_Library/Class/DFU/Inc -I../Drivers/CMSIS/Device/ST/STM32L4xx/Include -I../Middlewares/Third_Party/FreeRTOS/Source/include -I../Middlewares/Third_Party/FreeRTOS/Source/CMSIS_RTOS -I../Drivers/CMSIS/Include -I../Drivers/CMSIS/Include -I../Drivers/CMSIS/Include -I../Drivers/CMSIS/Include -I../Drivers/CMSIS/Include -I../Drivers/CMSIS/Include -I../Drivers/CMSIS/Include -I../Drivers/CMSIS/Include -I../Drivers/CMSIS/Include -I../Drivers/CMSIS/Include -I../Drivers/CMSIS/Include -Os -ffunction-sections -g3 -fstack-usage -Wall -fmessage-length=0 -specs=nano.specs -o Drivers\STM32L4xx_HAL_Driver\Src\stm32l4xx_hal_pwr.o 
arm-atollic-eabi-gcc -c ..\Middlewares\Third_Party\FreeRTOS\Source\event_groups.c -mthumb -mcpu=cortex-m4 -mfloat-abi=hard -mfpu=fpv4-sp-d16 -std=gnu11 -D__weak=__attribute__((weak)) -D__packed=__attribute__((__packed__)) -DUSE_HAL_DRIVER -DSTM32L443xx -I../Inc -I../Inc -I../Drivers/STM32L4xx_HAL_Driver/Inc -I../Drivers/STM32L4xx_HAL_Driver/Inc/Legacy -I../Middlewares/Third_Party/FreeRTOS/Source/portable/GCC/ARM_CM4F -I../Middlewares/ST/STM32_USB_Device_Library/Core/Inc -I../Middlewares/ST/STM32_USB_Device_Library/Class/DFU/Inc -I../Drivers/CMSIS/Device/ST/STM32L4xx/Include -I../Middlewares/Third_Party/FreeRTOS/Source/include -I../Middlewares/Third_Party/FreeRTOS/Source/CMSIS_RTOS -I../Drivers/CMSIS/Include -I../Drivers/CMSIS/Include -I../Drivers/CMSIS/Include -I../Drivers/CMSIS/Include -I../Drivers/CMSIS/Include -I../Drivers/CMSIS/Include -I../Drivers/CMSIS/Include -I../Drivers/CMSIS/Include -I../Drivers/CMSIS/Include -I../Drivers/CMSIS/Include -I../Drivers/CMSIS/Include -Os -ffunction-sections -g3 -fstack-usage -Wall -fmessage-length=0 -specs=nano.specs -o Middlewares\Third_Party\FreeRTOS\Source\event_groups.o 
arm-atollic-eabi-gcc -c ..\Middlewares\Third_Party\FreeRTOS\Source\portable\MemMang\heap_4.c -mthumb -mcpu=cortex-m4 -mfloat-abi=hard -mfpu=fpv4-sp-d16 -std=gnu11 -D__weak=__attribute__((weak)) -D__packed=__attribute__((__packed__)) -DUSE_HAL_DRIVER -DSTM32L443xx -I../Inc -I../Inc -I../Drivers/STM32L4xx_HAL_Driver/Inc -I../Drivers/STM32L4xx_HAL_Driver/Inc/Legacy -I../Middlewares/Third_Party/FreeRTOS/Source/portable/GCC/ARM_CM4F -I../Middlewares/ST/STM32_USB_Device_Library/Core/Inc -I../Middlewares/ST/STM32_USB_Device_Library/Class/DFU/Inc -I../Drivers/CMSIS/Device/ST/STM32L4xx/Include -I../Middlewares/Third_Party/FreeRTOS/Source/include -I../Middlewares/Third_Party/FreeRTOS/Source/CMSIS_RTOS -I../Drivers/CMSIS/Include -I../Drivers/CMSIS/Include -I../Drivers/CMSIS/Include -I../Drivers/CMSIS/Include -I../Drivers/CMSIS/Include -I../Drivers/CMSIS/Include -I../Drivers/CMSIS/Include -I../Drivers/CMSIS/Include -I../Drivers/CMSIS/Include -I../Drivers/CMSIS/Include -I../Drivers/CMSIS/Include -Os -ffunction-sections -g3 -fstack-usage -Wall -fmessage-length=0 -specs=nano.specs -o Middlewares\Third_Party\FreeRTOS\Source\portable\MemMang\heap_4.o 
arm-atollic-eabi-gcc -c ..\Middlewares\Third_Party\FreeRTOS\Source\timers.c -mthumb -mcpu=cortex-m4 -mfloat-abi=hard -mfpu=fpv4-sp-d16 -std=gnu11 -D__weak=__attribute__((weak)) -D__packed=__attribute__((__packed__)) -DUSE_HAL_DRIVER -DSTM32L443xx -I../Inc -I../Inc -I../Drivers/STM32L4xx_HAL_Driver/Inc -I../Drivers/STM32L4xx_HAL_Driver/Inc/Legacy -I../Middlewares/Third_Party/FreeRTOS/Source/portable/GCC/ARM_CM4F -I../Middlewares/ST/STM32_USB_Device_Library/Core/Inc -I../Middlewares/ST/STM32_USB_Device_Library/Class/DFU/Inc -I../Drivers/CMSIS/Device/ST/STM32L4xx/Include -I../Middlewares/Third_Party/FreeRTOS/Source/include -I../Middlewares/Third_Party/FreeRTOS/Source/CMSIS_RTOS -I../Drivers/CMSIS/Include -I../Drivers/CMSIS/Include -I../Drivers/CMSIS/Include -I../Drivers/CMSIS/Include -I../Drivers/CMSIS/Include -I../Drivers/CMSIS/Include -I../Drivers/CMSIS/Include -I../Drivers/CMSIS/Include -I../Drivers/CMSIS/Include -I../Drivers/CMSIS/Include -I../Drivers/CMSIS/Include -Os -ffunction-sections -g3 -fstack-usage -Wall -fmessage-length=0 -specs=nano.specs -o Middlewares\Third_Party\FreeRTOS\Source\timers.o 
arm-atollic-eabi-gcc -o microcontroller_board.elf Drivers\CMSIS\Device\ST\STM32L4xx\Source\Templates\gcc\startup_stm32l443xx.o Drivers\CMSIS\Device\ST\STM32L4xx\Source\Templates\system_stm32l4xx.o Drivers\STM32L4xx_HAL_Driver\Src\stm32l4xx_hal.o Drivers\STM32L4xx_HAL_Driver\Src\stm32l4xx_hal_cortex.o Drivers\STM32L4xx_HAL_Driver\Src\stm32l4xx_hal_dma.o Drivers\STM32L4xx_HAL_Driver\Src\stm32l4xx_hal_flash.o Drivers\STM32L4xx_HAL_Driver\Src\stm32l4xx_hal_flash_ex.o Drivers\STM32L4xx_HAL_Driver\Src\stm32l4xx_hal_flash_ramfunc.o Drivers\STM32L4xx_HAL_Driver\Src\stm32l4xx_hal_gpio.o Drivers\STM32L4xx_HAL_Driver\Src\stm32l4xx_hal_i2c.o Drivers\STM32L4xx_HAL_Driver\Src\stm32l4xx_hal_i2c_ex.o Drivers\STM32L4xx_HAL_Driver\Src\stm32l4xx_hal_pcd.o Drivers\STM32L4xx_HAL_Driver\Src\stm32l4xx_hal_pcd_ex.o Drivers\STM32L4xx_HAL_Driver\Src\stm32l4xx_hal_pwr.o Drivers\STM32L4xx_HAL_Driver\Src\stm32l4xx_hal_pwr_ex.o Drivers\STM32L4xx_HAL_Driver\Src\stm32l4xx_hal_rcc.o Drivers\STM32L4xx_HAL_Driver\Src\stm32l4xx_hal_rcc_ex.o Drivers\STM32L4xx_HAL_Driver\Src\stm32l4xx_hal_rtc.o Drivers\STM32L4xx_HAL_Driver\Src\stm32l4xx_hal_rtc_ex.o Drivers\STM32L4xx_HAL_Driver\Src\stm32l4xx_hal_sai.o Drivers\STM32L4xx_HAL_Driver\Src\stm32l4xx_hal_smbus.o Drivers\STM32L4xx_HAL_Driver\Src\stm32l4xx_hal_spi.o Drivers\STM32L4xx_HAL_Driver\Src\stm32l4xx_hal_spi_ex.o Drivers\STM32L4xx_HAL_Driver\Src\stm32l4xx_hal_tim.o Drivers\STM32L4xx_HAL_Driver\Src\stm32l4xx_hal_tim_ex.o Drivers\STM32L4xx_HAL_Driver\Src\stm32l4xx_hal_uart.o Drivers\STM32L4xx_HAL_Driver\Src\stm32l4xx_hal_uart_ex.o Drivers\STM32L4xx_HAL_Driver\Src\stm32l4xx_ll_usb.o Middlewares\ST\STM32_USB_Device_Library\Class\DFU\Src\usbd_dfu.o Middlewares\ST\STM32_USB_Device_Library\Core\Src\usbd_core.o Middlewares\ST\STM32_USB_Device_Library\Core\Src\usbd_ctlreq.o Middlewares\ST\STM32_USB_Device_Library\Core\Src\usbd_ioreq.o Middlewares\Third_Party\FreeRTOS\Source\CMSIS_RTOS\cmsis_os.o Middlewares\Third_Party\FreeRTOS\Source\croutine.o Middlewares\Third_Party\FreeRTOS\Source\event_groups.o Middlewares\Third_Party\FreeRTOS\Source\list.o Middlewares\Third_Party\FreeRTOS\Source\portable\GCC\ARM_CM4F\port.o Middlewares\Third_Party\FreeRTOS\Source\portable\MemMang\heap_4.o Middlewares\Third_Party\FreeRTOS\Source\queue.o Middlewares\Third_Party\FreeRTOS\Source\tasks.o Middlewares\Third_Party\FreeRTOS\Source\timers.o Src\freertos.o Src\main.o Src\stm32l4xx_hal_msp.o Src\stm32l4xx_hal_timebase_TIM.o Src\stm32l4xx_it.o Src\usb_device.o Src\usbd_conf.o Src\usbd_desc.o Src\usbd_dfu_if.o -mthumb -mcpu=cortex-m4 -mfloat-abi=hard -mfpu=fpv4-sp-d16 -T../STM32L443RCTx_FLASH.ld -specs=nosys.specs -static -Wl,-Map=microcontroller_board.map -Wl,--gc-sections -Wl,--defsym=malloc_getpagesize_P=0x80 -Wl,--start-group -lc -lm -Wl,--end-group -specs=nano.specs 
C:\Program Files (x86)\Atollic\TrueSTUDIO for STM32 9.2.0\ide\jre\bin\java -jar C:\Program Files (x86)\Atollic\TrueSTUDIO for STM32 9.2.0\Tools\arm-atollic-reports.jar sizeinfo list microcontroller_board.elf 
Generate build reports...
Print size information
   text	   data	    bss	    dec	    hex	filename
  22816	    224	  38152	  61192	   ef08	microcontroller_board.elf
Print size information done
Generate listing file
Output sent to: microcontroller_board.list
Generate listing file done
Generate build reports done

01:24:41 Build Finished (took 24s.594ms)

