main.c:159:5:main	64	static
main.c:287:16:Si7006_port_init	8	static
main.c:298:16:Si7006_port_i2c_init	4	static
main.c:301:16:Si7006_port_i2c_transmit	32	static
main.c:307:16:Si7006_port_i2c_receive	32	static
main.c:312:16:Si7006_port_check_hardware	16	static
main.c:317:16:Si7006_port_delay	16	static
main.c:335:6:RadioReset	24	static
main.c:375:6:xRadio	104	static
main.c:437:6:xNotification	24	static
main.c:458:6:xPC	184	static
main.c:617:6:xGLCD	56	static
main.c:638:6:xButtons	16	static
main.c:665:6:LED_Control	16	static
main.c:690:6:xRxNode	288	static
main.c:926:6:xTxNode	16	static
main.c:944:6:SystemClock_Config	192	static
main.c:1023:13:MX_I2C1_Init	8	static
main.c:1069:13:MX_SPI2_Init	8	static
main.c:1109:13:MX_SPI3_Init	8	static
main.c:1149:13:MX_USART1_UART_Init	8	static
main.c:1183:13:MX_DMA_Init	4	static
main.c:1194:13:MX_GPIO_Init	40	static
main.c:1259:13:pc_putc	16	static
main.c:1264:13:pc_getc	16	static
main.c:1270:13:custom_print	16	static
main.c:1281:6:Error_Handler	4	static
