main.c:68:13:MX_I2C1_SMBUS_Init	8	static
main.c:138:13:MX_USART1_UART_Init	8	static
main.c:173:6:initLEDs	32	static
main.c:190:6:initButtons	32	static
main.c:203:6:testLedAndButtones	8	static
main.c:258:16:Si7006_port_init	4	static
main.c:261:16:Si7006_port_i2c_init	4	static
main.c:264:16:Si7006_port_i2c_transmit	32	static
main.c:270:16:Si7006_port_i2c_receive	32	static
main.c:275:16:Si7006_port_check_hardware	16	static
main.c:280:16:Si7006_port_delay	16	static
main.c:300:6:RadioReset	24	static
main.c:336:13:custom_print	16	static
main.c:349:5:main	208	static
main.c:593:5:main2	80	static
main.c:697:6:SystemClock_Config	192	static
main.c:775:6:SystemClock_Config2	192	static
main.c:842:6:Error_Handler	4	static
