stdio.h:684:22:__sputc_r	24	static
main.c:65:13:MX_I2C1_SMBUS_Init	8	static
main.c:134:6:NRF24L01p_RadioReset	24	static
main.c:188:5:TX_MODULE	176	static
main.c:302:5:RX_MODULE	192	static
main.c:390:6:initLEDs	32	static
main.c:407:6:initButtons	32	static
main.c:420:6:testLedAndButtones	8	static
main.c:475:16:Si7006_port_init	8	static
main.c:478:16:Si7006_port_i2c_init	4	static
main.c:481:16:Si7006_port_i2c_transmit	32	static
main.c:487:16:Si7006_port_i2c_receive	32	static
main.c:492:16:Si7006_port_check_hardware	16	static
main.c:497:16:Si7006_port_delay	16	static
main.c:511:5:main	120	static
main.c:641:6:SystemClock_Config	192	static
main.c:719:6:SystemClock_Config2	192	static
main.c:786:6:Error_Handler	4	static
