main.c:159:5:main	64	static
main.c:295:16:Si7006_port_init	8	static
main.c:306:16:Si7006_port_i2c_init	4	static
main.c:309:16:Si7006_port_i2c_transmit	32	static
main.c:315:16:Si7006_port_i2c_receive	32	static
main.c:320:16:Si7006_port_check_hardware	16	static
main.c:325:16:Si7006_port_delay	16	static
main.c:343:6:RadioReset	24	static
main.c:383:6:xRadio	104	static
main.c:445:6:xNotification	24	static
main.c:466:6:xPC	184	static
main.c:625:6:xGLCD	56	static
main.c:646:6:xButtons	16	static
main.c:673:6:LED_Control	16	static
main.c:698:6:xRxNode	288	static
main.c:934:6:xTxNode	16	static
main.c:952:6:SystemClock_Config	192	static
main.c:1031:13:MX_I2C1_Init	8	static
main.c:1077:13:MX_SPI2_Init	8	static
main.c:1117:13:MX_SPI3_Init	8	static
main.c:1157:13:MX_USART1_UART_Init	8	static
main.c:1191:13:MX_DMA_Init	4	static
main.c:1202:13:MX_GPIO_Init	40	static
main.c:1267:13:pc_putc	16	static
main.c:1272:13:pc_getc	16	static
main.c:1278:13:custom_print	16	static
main.c:1289:6:Error_Handler	4	static
