main.c:78:13:MX_I2C1_SMBUS_Init	8	static
main.c:148:13:MX_USART1_UART_Init	8	static
main.c:183:6:initLEDs	32	static
main.c:200:6:initButtons	32	static
main.c:213:6:testLedAndButtones	8	static
main.c:268:16:Si7006_port_init	4	static
main.c:271:16:Si7006_port_i2c_init	4	static
main.c:274:16:Si7006_port_i2c_transmit	32	static
main.c:280:16:Si7006_port_i2c_receive	32	static
main.c:285:16:Si7006_port_check_hardware	16	static
main.c:290:16:Si7006_port_delay	16	static
main.c:310:6:RadioReset	24	static
main.c:346:13:custom_print	16	static
main.c:361:6:xRadio	104	static
main.c:424:6:xNotification	24	static
main.c:442:6:pc_putc	16	static
main.c:447:6:pc_getc	16	static
main.c:457:6:xPC	184	static
main.c:615:6:xGLCD	56	static
main.c:636:6:xButtons	16	static
main.c:664:6:LED_Control	16	static
main.c:697:6:xRxNode	288	static
main.c:936:6:xTxNode	16	static
main.c:945:5:main	96	static
main.c:1126:6:SystemClock_Config	192	static
main.c:1204:6:SystemClock_Config2	192	static
main.c:1271:6:Error_Handler	4	static
