main.c:159:5:main	64	static
main.c:287:16:Si7006_port_init	4	static
main.c:295:16:Si7006_port_i2c_init	4	static
main.c:298:16:Si7006_port_i2c_transmit	32	static
main.c:304:16:Si7006_port_i2c_receive	32	static
main.c:309:16:Si7006_port_check_hardware	16	static
main.c:314:16:Si7006_port_delay	16	static
main.c:332:6:RadioReset	24	static
main.c:372:6:xRadio	104	static
main.c:434:6:xNotification	24	static
main.c:455:6:xPC	184	static
main.c:614:6:xGLCD	56	static
main.c:635:6:xButtons	16	static
main.c:662:6:LED_Control	16	static
main.c:687:6:xRxNode	288	static
main.c:923:6:xTxNode	16	static
main.c:941:6:SystemClock_Config	192	static
main.c:1020:13:MX_I2C1_Init	8	static
main.c:1066:13:MX_SPI2_Init	8	static
main.c:1106:13:MX_SPI3_Init	8	static
main.c:1146:13:MX_USART1_UART_Init	8	static
main.c:1184:13:MX_DMA_Init	4	static
main.c:1195:13:MX_GPIO_Init	40	static
main.c:1260:13:pc_putc	16	static
main.c:1265:13:pc_getc	16	static
main.c:1271:13:custom_print	16	static
main.c:1282:6:Error_Handler	4	static
