stm32l4xx_it.c:57:6:NMI_Handler	4	static
stm32l4xx_it.c:70:6:HardFault_Handler	4	static
stm32l4xx_it.c:86:6:MemManage_Handler	4	static
stm32l4xx_it.c:102:6:BusFault_Handler	4	static
stm32l4xx_it.c:118:6:UsageFault_Handler	4	static
stm32l4xx_it.c:134:6:DebugMon_Handler	4	static
stm32l4xx_it.c:147:6:SysTick_Handler	8	static
stm32l4xx_it.c:168:6:TIM1_UP_TIM16_IRQHandler	4	static
stm32l4xx_it.c:182:6:DMA2_Channel1_IRQHandler	4	static
stm32l4xx_it.c:196:6:DMA2_Channel2_IRQHandler	4	static
stm32l4xx_it.c:210:6:USB_IRQHandler	4	static
