usbd_conf.c:73:6:HAL_PCD_MspInit	24	static
usbd_conf.c:92:6:HAL_PCD_MspDeInit	16	static
usbd_conf.c:116:6:HAL_PCD_SetupStageCallback	16	static
usbd_conf.c:127:6:HAL_PCD_DataOutStageCallback	16	static
usbd_conf.c:138:6:HAL_PCD_DataInStageCallback	16	static
usbd_conf.c:148:6:HAL_PCD_SOFCallback	16	static
usbd_conf.c:158:6:HAL_PCD_ResetCallback	24	static
usbd_conf.c:185:6:HAL_PCD_SuspendCallback	16	static
usbd_conf.c:205:6:HAL_PCD_ResumeCallback	16	static
usbd_conf.c:225:6:HAL_PCD_ISOOUTIncompleteCallback	16	static
usbd_conf.c:236:6:HAL_PCD_ISOINIncompleteCallback	16	static
usbd_conf.c:246:6:HAL_PCD_ConnectCallback	16	static
usbd_conf.c:256:6:HAL_PCD_DisconnectCallback	16	static
usbd_conf.c:269:21:USBD_LL_Init	16	static
usbd_conf.c:302:21:USBD_LL_DeInit	16	static
usbd_conf.c:313:21:USBD_LL_Start	16	static
usbd_conf.c:324:21:USBD_LL_Stop	16	static
usbd_conf.c:338:21:USBD_LL_OpenEP	16	static
usbd_conf.c:357:21:USBD_LL_CloseEP	16	static
usbd_conf.c:369:21:USBD_LL_FlushEP	16	static
usbd_conf.c:381:21:USBD_LL_StallEP	16	static
usbd_conf.c:393:21:USBD_LL_ClearStallEP	16	static
usbd_conf.c:405:9:USBD_LL_IsStallEP	24	static
usbd_conf.c:424:21:USBD_LL_SetUSBAddress	16	static
usbd_conf.c:438:21:USBD_LL_Transmit	24	static
usbd_conf.c:455:21:USBD_LL_PrepareReceive	24	static
usbd_conf.c:470:10:USBD_LL_GetRxDataSize	16	static
usbd_conf.c:482:6:HAL_PCDEx_LPM_Callback	16	static
usbd_conf.c:515:7:USBD_LL_Delay	16	static
usbd_conf.c:525:7:USBD_static_malloc	16	static
usbd_conf.c:536:6:USBD_static_free	16	static
usbd_conf.c:548:13:SystemClockConfig_Resume	8	static
usbd_conf.c:560:6:HAL_PCDEx_SetConnectionState	16	static
usbd_conf.c:583:20:USBD_LL_BatteryCharging	24	static
