NRF24L01pPort.c:60:6:NRF24L01p_port_Initialize	16	static
NRF24L01pPort.c:75:6:NRF24L01p_port_DeInitialize	8	static
NRF24L01pPort.c:78:6:NRF24L01p_port_Pin_CE_Initialize	8	static
NRF24L01pPort.c:81:6:NRF24L01p_port_Pin_CSN_Initialize	8	static
NRF24L01pPort.c:84:6:NRF24L01p_port_Pin_IRQ_Initialize	8	static
NRF24L01pPort.c:90:6:NRF24L01p_port_read_Pin_CE	8	static
NRF24L01pPort.c:93:6:NRF24L01p_port_read_Pin_CSN	8	static
NRF24L01pPort.c:96:6:NRF24L01p_port_write_Pin_CE	16	static
NRF24L01pPort.c:99:6:NRF24L01p_port_write_Pin_CSN	16	static
NRF24L01pPort.c:102:6:NRF24L01p_port_SPI_initialize	48	static
NRF24L01pPort.c:151:5:NRF24L01p_port_SPI_Transcieve	32	static
NRF24L01pPort.c:155:5:NRF24L01p_port_SPI_Transmit	16	static
NRF24L01pPort.c:159:5:NRF24L01p_port_SPI_Receive	16	static
NRF24L01pPort.c:164:6:NRF24L01p_port_DelayMs	16	static
NRF24L01pPort.c:169:6:NRF24L01p_port_DelayUs	24	static
NRF24L01pPort.c:174:14:NRF24L01p_port_ClockMs	8	static
NRF24L01pPort.c:177:14:NRF24L01p_port_ClockUs	8	static
NRF24L01pPort.c:180:6:NRF24L01p_debug	4	static
NRF24L01pPort.c:183:6:NRF24L01p_debug_if	12	static
