cmsis_os.c:105:31:makeFreeRtosPriority	24	static
cmsis_os.c:118:19:makeCmsisPriority	24	static
cmsis_os.c:132:12:inHandlerMode	16	static
cmsis_os.c:152:10:osKernelStart	8	static
cmsis_os.c:167:9:osKernelRunning	8	static
cmsis_os.c:186:10:osKernelSysTick	8	static
cmsis_os.c:204:12:osThreadCreate	56	static
cmsis_os.c:223:12:osThreadGetId	8	static
cmsis_os.c:238:10:osThreadTerminate	16	static
cmsis_os.c:253:10:osThreadYield	4	static
cmsis_os.c:267:10:osThreadSetPriority	16	static
cmsis_os.c:283:12:osThreadGetPriority	16	static
cmsis_os.c:305:10:osDelay	24	static
cmsis_os.c:340:11:osTimerCreate	24	static
cmsis_os.c:360:10:osTimerStart	24	static
cmsis_os.c:399:10:osTimerStop	24	static
cmsis_os.c:428:10:osTimerDelete	24	static
cmsis_os.c:458:9:osSignalSet	32	static
cmsis_os.c:500:9:osSignalWait	48	static
cmsis_os.c:554:11:osMutexCreate	16	static
cmsis_os.c:570:10:osMutexWait	24	static
cmsis_os.c:610:10:osMutexRelease	24	static
cmsis_os.c:634:10:osMutexDelete	16	static
cmsis_os.c:656:15:osSemaphoreCreate	24	static
cmsis_os.c:680:9:osSemaphoreWait	24	static
cmsis_os.c:720:10:osSemaphoreRelease	24	static
cmsis_os.c:747:10:osSemaphoreDelete	16	static
cmsis_os.c:784:10:osPoolCreate	32	static
cmsis_os.c:829:7:osPoolAlloc	48	static
cmsis_os.c:873:7:osPoolCAlloc	24	static
cmsis_os.c:892:10:osPoolFree	24	static
cmsis_os.c:936:14:osMessageCreate	16	static
cmsis_os.c:951:10:osMessagePut	32	static
cmsis_os.c:983:9:osMessageGet	56	static
cmsis_os.c:1052:11:osMailCreate	40	static
cmsis_os.c:1091:7:osMailAlloc	24	static
cmsis_os.c:1113:7:osMailCAlloc	24	static
cmsis_os.c:1134:10:osMailPut	24	static
cmsis_os.c:1167:9:osMailGet	56	static
cmsis_os.c:1223:10:osMailFree	16	static
cmsis_os.c:1239:6:osSystickHandler	8	static
cmsis_os.c:1309:10:osThreadSuspend	16	static
cmsis_os.c:1325:10:osThreadResume	16	static
cmsis_os.c:1349:10:osThreadSuspendAll	8	static
cmsis_os.c:1360:10:osThreadResumeAll	8	static
cmsis_os.c:1377:10:osDelayUntil	16	static
cmsis_os.c:1399:10:osThreadList	16	static
cmsis_os.c:1413:9:osMessagePeek	48	static
cmsis_os.c:1454:11:osRecursiveMutexCreate	16	static
cmsis_os.c:1469:10:osRecursiveMutexRelease	16	static
cmsis_os.c:1490:10:osRecursiveMutexWait	16	static
